../protocolTest/components/support/linux_list.h:59:22:INIT_LIST_HEAD	16	static
../protocolTest/components/support/linux_list.h:71:22:__list_add	24	static
../protocolTest/components/support/linux_list.h:89:22:list_add	16	static
../protocolTest/components/support/linux_list.h:114:22:__list_del	16	static
../protocolTest/components/support/linux_list.h:126:22:list_del	16	static
../protocolTest/utilities/ulog/ulog.c:109:8:ulog_strcpy	32	static
../protocolTest/utilities/ulog/ulog.c:131:8:ulog_ultoa	32	static
../protocolTest/utilities/ulog/ulog.c:151:14:get_log_buf	4	static
../protocolTest/utilities/ulog/ulog.c:156:10:ulog_formater	48	static
../protocolTest/utilities/ulog/ulog.c:262:6:ulog_output_to_all_backend	56	static
../protocolTest/utilities/ulog/ulog.c:298:13:do_output	32	static
../protocolTest/utilities/ulog/ulog.c:313:6:ulog_voutput	64	static,ignoring_inline_asm
../protocolTest/utilities/ulog/ulog.c:386:6:ulog_output	44	static
../protocolTest/utilities/ulog/ulog.c:404:6:ulog_raw	48	static,ignoring_inline_asm
../protocolTest/utilities/ulog/ulog.c:455:6:ulog_hexdump	80	static,ignoring_inline_asm
../protocolTest/utilities/ulog/ulog.c:580:5:ulog_tag_lvl_filter_set	48	static,ignoring_inline_asm
../protocolTest/utilities/ulog/ulog.c:657:10:ulog_tag_lvl_filter_get	48	static,ignoring_inline_asm
../protocolTest/utilities/ulog/ulog.c:690:9:ulog_tag_lvl_list_get	4	static
../protocolTest/utilities/ulog/ulog.c:702:6:ulog_global_filter_lvl_set	16	static
../protocolTest/utilities/ulog/ulog.c:716:10:ulog_global_filter_lvl_get	4	static
../protocolTest/utilities/ulog/ulog.c:726:6:ulog_global_filter_tag_set	16	static
../protocolTest/utilities/ulog/ulog.c:738:13:ulog_global_filter_tag_get	4	static
../protocolTest/utilities/ulog/ulog.c:748:6:ulog_global_filter_kw_set	16	static
../protocolTest/utilities/ulog/ulog.c:760:13:ulog_global_filter_kw_get	4	static
../protocolTest/utilities/ulog/ulog.c:765:9:ulog_backend_register	40	static,ignoring_inline_asm
../protocolTest/utilities/ulog/ulog.c:790:9:ulog_backend_unregister	32	static,ignoring_inline_asm
../protocolTest/utilities/ulog/ulog.c:812:6:ulog_flush	16	static
../protocolTest/utilities/ulog/ulog.c:831:5:ulog_init	8	static
../protocolTest/utilities/ulog/ulog.c:851:6:ulog_deinit	24	static
