../motorsTest/components/support/fifo.c:72:11:fifo_s_create	24	static
../motorsTest/components/support/fifo.c:113:6:fifo_s_destroy	16	static
../motorsTest/components/support/fifo.c:139:5:fifo_s_init	24	static
../motorsTest/components/support/fifo.c:167:5:fifo_s_put	32	static,ignoring_inline_asm
../motorsTest/components/support/fifo.c:212:5:fifo_s_puts	56	static,ignoring_inline_asm
../motorsTest/components/support/fifo.c:280:5:fifo_s_puts_noprotect	40	static
../motorsTest/components/support/fifo.c:330:6:fifo_s_get	32	static,ignoring_inline_asm
../motorsTest/components/support/fifo.c:364:5:fifo_s_gets	56	static,ignoring_inline_asm
../motorsTest/components/support/fifo.c:429:5:fifo_s_gets_noprotect	40	static
../motorsTest/components/support/fifo.c:480:6:fifo_s_preread	24	static
../motorsTest/components/support/fifo.c:508:5:fifo_s_prereads	64	static,ignoring_inline_asm
../motorsTest/components/support/fifo.c:571:6:fifo_s_isempty	16	static
../motorsTest/components/support/fifo.c:588:6:fifo_s_isfull	16	static
../motorsTest/components/support/fifo.c:604:5:fifo_s_used	16	static
../motorsTest/components/support/fifo.c:620:5:fifo_s_free	16	static
../motorsTest/components/support/fifo.c:636:6:fifo_s_flush	24	static,ignoring_inline_asm
../motorsTest/components/support/fifo.c:655:5:fifo_s_discard	32	static,ignoring_inline_asm
../motorsTest/components/support/fifo.c:697:9:fifo_create	24	static
../motorsTest/components/support/fifo.c:741:6:fifo_destory	16	static
../motorsTest/components/support/fifo.c:768:5:fifo_init	24	static
../motorsTest/components/support/fifo.c:798:5:fifo_put	40	static,ignoring_inline_asm
../motorsTest/components/support/fifo.c:844:5:fifo_put_noprotect	16	static
../motorsTest/components/support/fifo.c:879:5:fifo_get	40	static,ignoring_inline_asm
../motorsTest/components/support/fifo.c:926:5:fifo_get_noprotect	16	static
../motorsTest/components/support/fifo.c:963:5:fifo_pre_read	32	static
../motorsTest/components/support/fifo.c:999:5:fifo_is_empty	16	static
../motorsTest/components/support/fifo.c:1017:5:fifo_is_full	16	static
../motorsTest/components/support/fifo.c:1034:5:fifo_used	16	static
../motorsTest/components/support/fifo.c:1051:5:fifo_free	16	static
../motorsTest/components/support/fifo.c:1068:5:fifo_flush	24	static,ignoring_inline_asm
