../protocolTest/components/support/linux_list.h:71:22:__list_add	24	static
../protocolTest/components/support/linux_list.h:89:22:list_add	16	static
../protocolTest/components/support/linux_list.h:114:22:__list_del	16	static
../protocolTest/components/support/linux_list.h:126:22:list_del	16	static
../protocolTest/application/protocol/protocol_transmit.c:33:9:protocol_get_session	24	static
../protocolTest/application/protocol/protocol_transmit.c:46:9:protocol_release_session	16	static
../protocolTest/application/protocol/protocol_transmit.c:57:10:protocol_s_add_sendnode	88	static,ignoring_inline_asm
../protocolTest/application/protocol/protocol_transmit.c:216:10:protocol_s_broadcast_add_node	72	static,ignoring_inline_asm
../protocolTest/application/protocol/protocol_transmit.c:289:10:protocol_s_fill_pack	32	static
../protocolTest/application/protocol/protocol_transmit.c:337:10:protocol_s_interface_send_data	16	static
../protocolTest/application/protocol/protocol_transmit.c:369:10:protocol_s_interface_normal_send_flush	64	static,ignoring_inline_asm
../protocolTest/application/protocol/protocol_transmit.c:463:10:protocol_s_interface_ack_send_flush	40	static,ignoring_inline_asm
../protocolTest/application/protocol/protocol_transmit.c:490:10:protocol_s_broadcast_send_flush	40	static,ignoring_inline_asm
../protocolTest/application/protocol/protocol_transmit.c:525:25:protocol_s_get_route	24	static
../protocolTest/application/protocol/protocol_transmit.c:546:19:protocol_s_session_get_node	48	static,ignoring_inline_asm
../protocolTest/application/protocol/protocol_transmit.c:573:10:protocol_s_pack_forward	56	static,ignoring_inline_asm
../protocolTest/application/protocol/protocol_transmit.c:652:10:protocol_s_unpack_data_handle	40	static
../protocolTest/application/protocol/protocol_transmit.c:719:10:protocol_s_extract	24	static
../protocolTest/application/protocol/protocol_transmit.c:831:10:protocol_s_find_pack_header	24	static
../protocolTest/application/protocol/protocol_transmit.c:856:10:protocol_s_auth_pack_header	40	static
../protocolTest/application/protocol/protocol_transmit.c:892:10:protocol_s_fetch_pack_data	32	static
../protocolTest/application/protocol/protocol_transmit.c:916:16:protocol_s_get_ver_datalen	32	static
../protocolTest/application/protocol/protocol_transmit.c:929:6:protocol_s_error_info_printf	32	static
