Archive member included to satisfy reference by file (symbol)

/Applications/STM32CubeIDE.app/Contents/Eclipse/plugins/com.st.stm32cube.ide.mcu.externaltools.gnu-tools-for-stm32.11.3.rel1.macos64_1.1.100.202310310803/tools/bin/../lib/gcc/arm-none-eabi/11.3.1/../../../../arm-none-eabi/lib/thumb/v7e-m+fp/hard/libc_nano.a(libc_a-exit.o)
                              /Applications/STM32CubeIDE.app/Contents/Eclipse/plugins/com.st.stm32cube.ide.mcu.externaltools.gnu-tools-for-stm32.11.3.rel1.macos64_1.1.100.202310310803/tools/bin/../lib/gcc/arm-none-eabi/11.3.1/../../../../arm-none-eabi/lib/thumb/v7e-m+fp/hard/crt0.o (exit)
/Applications/STM32CubeIDE.app/Contents/Eclipse/plugins/com.st.stm32cube.ide.mcu.externaltools.gnu-tools-for-stm32.11.3.rel1.macos64_1.1.100.202310310803/tools/bin/../lib/gcc/arm-none-eabi/11.3.1/../../../../arm-none-eabi/lib/thumb/v7e-m+fp/hard/libc_nano.a(libc_a-malloc.o)
                              ./usbCommunication/components/support/fifo.o (malloc)
/Applications/STM32CubeIDE.app/Contents/Eclipse/plugins/com.st.stm32cube.ide.mcu.externaltools.gnu-tools-for-stm32.11.3.rel1.macos64_1.1.100.202310310803/tools/bin/../lib/gcc/arm-none-eabi/11.3.1/../../../../arm-none-eabi/lib/thumb/v7e-m+fp/hard/libc_nano.a(libc_a-mallocr.o)
                              /Applications/STM32CubeIDE.app/Contents/Eclipse/plugins/com.st.stm32cube.ide.mcu.externaltools.gnu-tools-for-stm32.11.3.rel1.macos64_1.1.100.202310310803/tools/bin/../lib/gcc/arm-none-eabi/11.3.1/../../../../arm-none-eabi/lib/thumb/v7e-m+fp/hard/libc_nano.a(libc_a-malloc.o) (_malloc_r)
/Applications/STM32CubeIDE.app/Contents/Eclipse/plugins/com.st.stm32cube.ide.mcu.externaltools.gnu-tools-for-stm32.11.3.rel1.macos64_1.1.100.202310310803/tools/bin/../lib/gcc/arm-none-eabi/11.3.1/../../../../arm-none-eabi/lib/thumb/v7e-m+fp/hard/libc_nano.a(libc_a-mlock.o)
                              /Applications/STM32CubeIDE.app/Contents/Eclipse/plugins/com.st.stm32cube.ide.mcu.externaltools.gnu-tools-for-stm32.11.3.rel1.macos64_1.1.100.202310310803/tools/bin/../lib/gcc/arm-none-eabi/11.3.1/../../../../arm-none-eabi/lib/thumb/v7e-m+fp/hard/libc_nano.a(libc_a-mallocr.o) (__malloc_lock)
/Applications/STM32CubeIDE.app/Contents/Eclipse/plugins/com.st.stm32cube.ide.mcu.externaltools.gnu-tools-for-stm32.11.3.rel1.macos64_1.1.100.202310310803/tools/bin/../lib/gcc/arm-none-eabi/11.3.1/../../../../arm-none-eabi/lib/thumb/v7e-m+fp/hard/libc_nano.a(libc_a-findfp.o)
                              ./Middlewares/Third_Party/FreeRTOS/Source/tasks.o (__sf)
/Applications/STM32CubeIDE.app/Contents/Eclipse/plugins/com.st.stm32cube.ide.mcu.externaltools.gnu-tools-for-stm32.11.3.rel1.macos64_1.1.100.202310310803/tools/bin/../lib/gcc/arm-none-eabi/11.3.1/../../../../arm-none-eabi/lib/thumb/v7e-m+fp/hard/libc_nano.a(libc_a-fwalk.o)
                              /Applications/STM32CubeIDE.app/Contents/Eclipse/plugins/com.st.stm32cube.ide.mcu.externaltools.gnu-tools-for-stm32.11.3.rel1.macos64_1.1.100.202310310803/tools/bin/../lib/gcc/arm-none-eabi/11.3.1/../../../../arm-none-eabi/lib/thumb/v7e-m+fp/hard/libc_nano.a(libc_a-findfp.o) (_fwalk_sglue)
/Applications/STM32CubeIDE.app/Contents/Eclipse/plugins/com.st.stm32cube.ide.mcu.externaltools.gnu-tools-for-stm32.11.3.rel1.macos64_1.1.100.202310310803/tools/bin/../lib/gcc/arm-none-eabi/11.3.1/../../../../arm-none-eabi/lib/thumb/v7e-m+fp/hard/libc_nano.a(libc_a-memset.o)
                              /Applications/STM32CubeIDE.app/Contents/Eclipse/plugins/com.st.stm32cube.ide.mcu.externaltools.gnu-tools-for-stm32.11.3.rel1.macos64_1.1.100.202310310803/tools/bin/../lib/gcc/arm-none-eabi/11.3.1/../../../../arm-none-eabi/lib/thumb/v7e-m+fp/hard/crt0.o (memset)
/Applications/STM32CubeIDE.app/Contents/Eclipse/plugins/com.st.stm32cube.ide.mcu.externaltools.gnu-tools-for-stm32.11.3.rel1.macos64_1.1.100.202310310803/tools/bin/../lib/gcc/arm-none-eabi/11.3.1/../../../../arm-none-eabi/lib/thumb/v7e-m+fp/hard/libc_nano.a(libc_a-reent.o)
                              ./Middlewares/Third_Party/FreeRTOS/Source/tasks.o (_reclaim_reent)
/Applications/STM32CubeIDE.app/Contents/Eclipse/plugins/com.st.stm32cube.ide.mcu.externaltools.gnu-tools-for-stm32.11.3.rel1.macos64_1.1.100.202310310803/tools/bin/../lib/gcc/arm-none-eabi/11.3.1/../../../../arm-none-eabi/lib/thumb/v7e-m+fp/hard/libc_nano.a(libc_a-impure.o)
                              ./Middlewares/Third_Party/FreeRTOS/Source/tasks.o (_impure_ptr)
/Applications/STM32CubeIDE.app/Contents/Eclipse/plugins/com.st.stm32cube.ide.mcu.externaltools.gnu-tools-for-stm32.11.3.rel1.macos64_1.1.100.202310310803/tools/bin/../lib/gcc/arm-none-eabi/11.3.1/../../../../arm-none-eabi/lib/thumb/v7e-m+fp/hard/libc_nano.a(libc_a-sbrkr.o)
[...]
Memory Configuration

Name             Origin             Length             Attributes
CCMRAM           0x0000000010000000 0x0000000000010000 xrw
RAM              0x0000000020000000 0x0000000000030000 xrw
FLASH            0x0000000008000000 0x0000000000200000 xr
*default*        0x0000000000000000 0xffffffffffffffff

Linker script and memory map

LOAD /Applications/STM32CubeIDE.app/Contents/Eclipse/plugins/com.st.stm32cube.ide.mcu.externaltools.gnu-tools-for-stm32.11.3.rel1.macos64_1.1.100.202310310803/tools/bin/../lib/gcc/arm-none-eabi/11.3.1/thumb/v7e-m+fp/hard/crti.o
LOAD /Applications/STM32CubeIDE.app/Contents/Eclipse/plugins/com.st.stm32cube.ide.mcu.externaltools.gnu-tools-for-stm32.11.3.rel1.macos64_1.1.100.202310310803/tools/bin/../lib/gcc/arm-none-eabi/11.3.1/thumb/v7e-m+fp/hard/crtbegin.o
LOAD /Applications/STM32CubeIDE.app/Contents/Eclipse/plugins/com.st.stm32cube.ide.mcu.externaltools.gnu-tools-for-stm32.11.3.rel1.macos64_1.1.100.202310310803/tools/bin/../lib/gcc/arm-none-eabi/11.3.1/../../../../arm-none-eabi/lib/thumb/v7e-m+fp/hard/crt0.o
LOAD ./Core/Src/can.o
LOAD ./Core/Src/dma.o
LOAD ./Core/Src/freertos.o
LOAD ./Core/Src/gpio.o
LOAD ./Core/Src/main.o
LOAD ./Core/Src/spi.o
LOAD ./Core/Src/stm32f4xx_hal_msp.o
LOAD ./Core/Src/stm32f4xx_hal_timebase_tim.o
LOAD ./Core/Src/stm32f4xx_it.o
LOAD ./Core/Src/syscalls.o
LOAD ./Core/Src/sysmem.o
LOAD ./Core/Src/system_stm32f4xx.o
LOAD ./Core/Src/tim.o
LOAD ./Core/Src/usart.o
LOAD ./Core/Startup/startup_stm32f427iihx.o
LOAD ./Drivers/STM32F4xx_HAL_Driver/Src/stm32f4xx_hal.o
LOAD ./Drivers/STM32F4xx_HAL_Driver/Src/stm32f4xx_hal_can.o
LOAD ./Drivers/STM32F4xx_HAL_Driver/Src/stm32f4xx_hal_cortex.o
LOAD ./Drivers/STM32F4xx_HAL_Driver/Src/stm32f4xx_hal_dma.o
LOAD ./Drivers/STM32F4xx_HAL_Driver/Src/stm32f4xx_hal_dma_ex.o
LOAD ./Drivers/STM32F4xx_HAL_Driver/Src/stm32f4xx_hal_exti.o
LOAD ./Drivers/STM32F4xx_HAL_Driver/Src/stm32f4xx_hal_flash.o
LOAD ./Drivers/STM32F4xx_HAL_Driver/Src/stm32f4xx_hal_flash_ex.o
LOAD ./Drivers/STM32F4xx_HAL_Driver/Src/stm32f4xx_hal_flash_ramfunc.o
LOAD ./Drivers/STM32F4xx_HAL_Driver/Src/stm32f4xx_hal_gpio.o
LOAD ./Drivers/STM32F4xx_HAL_Driver/Src/stm32f4xx_hal_pcd.o
LOAD ./Drivers/STM32F4xx_HAL_Driver/Src/stm32f4xx_hal_pcd_ex.o
LOAD ./Drivers/STM32F4xx_HAL_Driver/Src/stm32f4xx_hal_pwr.o
LOAD ./Drivers/STM32F4xx_HAL_Driver/Src/stm32f4xx_hal_pwr_ex.o
LOAD ./Drivers/STM32F4xx_HAL_Driver/Src/stm32f4xx_hal_rcc.o
LOAD ./Drivers/STM32F4xx_HAL_Driver/Src/stm32f4xx_hal_rcc_ex.o
LOAD ./Drivers/STM32F4xx_HAL_Driver/Src/stm32f4xx_hal_spi.o
LOAD ./Drivers/STM32F4xx_HAL_Driver/Src/stm32f4xx_hal_tim.o
LOAD ./Drivers/STM32F4xx_HAL_Driver/Src/stm32f4xx_hal_tim_ex.o
LOAD ./Drivers/STM32F4xx_HAL_Driver/Src/stm32f4xx_hal_uart.o
LOAD ./Drivers/STM32F4xx_HAL_Driver/Src/stm32f4xx_ll_usb.o
LOAD ./Middlewares/ST/STM32_USB_Device_Library/Class/CDC/Src/usbd_cdc.o
LOAD ./Middlewares/ST/STM32_USB_Device_Library/Core/Src/usbd_core.o
LOAD ./Middlewares/ST/STM32_USB_Device_Library/Core/Src/usbd_ctlreq.o
LOAD ./Middlewares/ST/STM32_USB_Device_Library/Core/Src/usbd_ioreq.o
LOAD ./Middlewares/Third_Party/FreeRTOS/Source/CMSIS_RTOS/cmsis_os.o
LOAD ./Middlewares/Third_Party/FreeRTOS/Source/croutine.o
LOAD ./Middlewares/Third_Party/FreeRTOS/Source/event_groups.o
LOAD ./Middlewares/Third_Party/FreeRTOS/Source/list.o
LOAD ./Middlewares/Third_Party/FreeRTOS/Source/queue.o
LOAD ./Middlewares/Third_Party/FreeRTOS/Source/stream_buffer.o
LOAD ./Middlewares/Third_Party/FreeRTOS/Source/tasks.o
LOAD ./Middlewares/Third_Party/FreeRTOS/Source/timers.o
LOAD ./Middlewares/Third_Party/FreeRTOS/Source/portable/GCC/ARM_CM4F/port.o
LOAD ./Middlewares/Third_Party/FreeRTOS/Source/portable/MemMang/heap_4.o
LOAD ./USB_DEVICE/App/usb_device.o
LOAD ./USB_DEVICE/App/usbd_cdc_if.o
LOAD ./USB_DEVICE/App/usbd_desc.o
LOAD ./USB_DEVICE/Target/usbd_conf.o
LOAD ./usbCommunication/application/blinky_task.o
LOAD ./usbCommunication/application/init.o
LOAD ./usbCommunication/application/timer_task.o
LOAD ./usbCommunication/application/usbCommunication_task.o
LOAD ./usbCommunication/components/object/sys.o
LOAD ./usbCommunication/components/support/fifo.o
LOAD ./usbCommunication/components/support/mem_mang4.o
LOAD ./usbCommunication/components/support/mf_crc.o
LOAD ./usbCommunication/components/utilities/soft_timer.o
LOAD ./usbCommunication/components/utilities/usb_vcp_extension.o
START GROUP
LOAD /Applications/STM32CubeIDE.app/Contents/Eclipse/plugins/com.st.stm32cube.ide.mcu.externaltools.gnu-tools-for-stm32.11.3.rel1.macos64_1.1.100.202310310803/tools/bin/../lib/gcc/arm-none-eabi/11.3.1/../../../../arm-none-eabi/lib/thumb/v7e-m+fp/hard/libc_nano.a
LOAD /Applications/STM32CubeIDE.app/Contents/Eclipse/plugins/com.st.stm32cube.ide.mcu.externaltools.gnu-tools-for-stm32.11.3.rel1.macos64_1.1.100.202310310803/tools/bin/../lib/gcc/arm-none-eabi/11.3.1/../../../../arm-none-eabi/lib/thumb/v7e-m+fp/hard/libm.a
END GROUP
START GROUP
LOAD /Applications/STM32CubeIDE.app/Contents/Eclipse/plugins/com.st.stm32cube.ide.mcu.externaltools.gnu-tools-for-stm32.11.3.rel1.macos64_1.1.100.202310310803/tools/bin/../lib/gcc/arm-none-eabi/11.3.1/thumb/v7e-m+fp/hard/libgcc.a
LOAD /Applications/STM32CubeIDE.app/Contents/Eclipse/plugins/com.st.stm32cube.ide.mcu.externaltools.gnu-tools-for-stm32.11.3.rel1.macos64_1.1.100.202310310803/tools/bin/../lib/gcc/arm-none-eabi/11.3.1/../../../../arm-none-eabi/lib/thumb/v7e-m+fp/hard/libc_nano.a
END GROUP
START GROUP
LOAD /Applications/STM32CubeIDE.app/Contents/Eclipse/plugins/com.st.stm32cube.ide.mcu.externaltools.gnu-tools-for-stm32.11.3.rel1.macos64_1.1.100.202310310803/tools/bin/../lib/gcc/arm-none-eabi/11.3.1/thumb/v7e-m+fp/hard/libgcc.a
LOAD /Applications/STM32CubeIDE.app/Contents/Eclipse/plugins/com.st.stm32cube.ide.mcu.externaltools.gnu-tools-for-stm32.11.3.rel1.macos64_1.1.100.202310310803/tools/bin/../lib/gcc/arm-none-eabi/11.3.1/../../../../arm-none-eabi/lib/thumb/v7e-m+fp/hard/libc_nano.a
LOAD /Applications/STM32CubeIDE.app/Contents/Eclipse/plugins/com.st.stm32cube.ide.mcu.externaltools.gnu-tools-for-stm32.11.3.rel1.macos64_1.1.100.202310310803/tools/bin/../lib/gcc/arm-none-eabi/11.3.1/../../../../arm-none-eabi/lib/thumb/v7e-m+fp/hard/libnosys.a
END GROUP
START GROUP
LOAD /Applications/STM32CubeIDE.app/Contents/Eclipse/plugins/com.st.stm32cube.ide.mcu.externaltools.gnu-tools-for-stm32.11.3.rel1.macos64_1.1.100.202310310803/tools/bin/../lib/gcc/arm-none-eabi/11.3.1/thumb/v7e-m+fp/hard/libgcc.a
LOAD /Applications/STM32CubeIDE.app/Contents/Eclipse/plugins/com.st.stm32cube.ide.mcu.externaltools.gnu-tools-for-stm32.11.3.rel1.macos64_1.1.100.202310310803/tools/bin/../lib/gcc/arm-none-eabi/11.3.1/../../../../arm-none-eabi/lib/thumb/v7e-m+fp/hard/libc_nano.a
LOAD /Applications/STM32CubeIDE.app/Contents/Eclipse/plugins/com.st.stm32cube.ide.mcu.externaltools.gnu-tools-for-stm32.11.3.rel1.macos64_1.1.100.202310310803/tools/bin/../lib/gcc/arm-none-eabi/11.3.1/../../../../arm-none-eabi/lib/thumb/v7e-m+fp/hard/libnosys.a
END GROUP
LOAD /Applications/STM32CubeIDE.app/Contents/Eclipse/plugins/com.st.stm32cube.ide.mcu.externaltools.gnu-tools-for-stm32.11.3.rel1.macos64_1.1.100.202310310803/tools/bin/../lib/gcc/arm-none-eabi/11.3.1/thumb/v7e-m+fp/hard/crtend.o
LOAD /Applications/STM32CubeIDE.app/Contents/Eclipse/plugins/com.st.stm32cube.ide.mcu.externaltools.gnu-tools-for-stm32.11.3.rel1.macos64_1.1.100.202310310803/tools/bin/../lib/gcc/arm-none-eabi/11.3.1/thumb/v7e-m+fp/hard/crtn.o
                0x0000000020030000                _estack = (ORIGIN (RAM) + LENGTH (RAM))
                0x0000000000000200                _Min_Heap_Size = 0x200
                0x0000000000000400                _Min_Stack_Size = 0x400

.isr_vector     0x0000000008000000      0x1ac
                0x0000000008000000                . = ALIGN (0x4)
 *(.isr_vector)
 .isr_vector    0x0000000008000000      0x1ac ./Core/Startup/startup_stm32f427iihx.o
                0x0000000008000000                g_pfnVectors
                0x00000000080001ac                . = ALIGN (0x4)

.text           0x00000000080001b0     0xc8bc
                0x00000000080001b0                . = ALIGN (0x4)
 *(.text)
 .text          0x00000000080001b0       0x40 /Applications/STM32CubeIDE.app/Contents/Eclipse/plugins/com.st.stm32cube.ide.mcu.externaltools.gnu-tools-for-stm32.11.3.rel1.macos64_1.1.100.202310310803/tools/bin/../lib/gcc/arm-none-eabi/11.3.1/thumb/v7e-m+fp/hard/crtbegin.o
 .text          0x00000000080001f0       0x30 /Applications/STM32CubeIDE.app/Contents/Eclipse/plugins/com.st.stm32cube.ide.mcu.externaltools.gnu-tools-for-stm32.11.3.rel1.macos64_1.1.100.202310310803/tools/bin/../lib/gcc/arm-none-eabi/11.3.1/thumb/v7e-m+fp/hard/libgcc.a(_aeabi_uldivmod.o)
                0x00000000080001f0                __aeabi_uldivmod
 .text          0x0000000008000220      0x2c8 /Applications/STM32CubeIDE.app/Contents/Eclipse/plugins/com.st.stm32cube.ide.mcu.externaltools.gnu-tools-for-stm32.11.3.rel1.macos64_1.1.100.202310310803/tools/bin/../lib/gcc/arm-none-eabi/11.3.1/thumb/v7e-m+fp/hard/libgcc.a(_udivmoddi4.o)
                0x0000000008000220                __udivmoddi4
 .text          0x00000000080004e8        0x4 /Applications/STM32CubeIDE.app/Contents/Eclipse/plugins/com.st.stm32cube.ide.mcu.externaltools.gnu-tools-for-stm32.11.3.rel1.macos64_1.1.100.202310310803/tools/bin/../lib/gcc/arm-none-eabi/11.3.1/thumb/v7e-m+fp/hard/libgcc.a(_dvmd_tls.o)
                0x00000000080004e8                __aeabi_ldiv0
                0x00000000080004e8                __aeabi_idiv0
 *(.text*)
 .text.MX_CAN1_Init
                0x00000000080004ec       0x6c ./Core/Src/can.o
                0x00000000080004ec                MX_CAN1_Init
 .text.MX_CAN2_Init
                0x0000000008000558       0x68 ./Core/Src/can.o
                0x0000000008000558                MX_CAN2_Init
 .text.HAL_CAN_MspInit
                0x00000000080005c0      0x160 ./Core/Src/can.o
                0x00000000080005c0                HAL_CAN_MspInit
 .text.MX_DMA_Init
                0x0000000008000720       0x50 ./Core/Src/dma.o
                0x0000000008000720                MX_DMA_Init
 .text.vApplicationStackOverflowHook
                0x0000000008000770       0x16 ./Core/Src/freertos.o
                0x0000000008000770                vApplicationStackOverflowHook
 .text.vApplicationMallocFailedHook
                0x0000000008000786        0xe ./Core/Src/freertos.o
                0x0000000008000786                vApplicationMallocFailedHook
 .text.MX_FREERTOS_Init
                0x0000000008000794       0x34 ./Core/Src/freertos.o
                0x0000000008000794                MX_FREERTOS_Init
 .text.StartDefaultTask
                0x00000000080007c8       0x14 ./Core/Src/freertos.o
                0x00000000080007c8                StartDefaultTask
 .text.MX_GPIO_Init
                0x00000000080007dc      0x388 ./Core/Src/gpio.o
                0x00000000080007dc                MX_GPIO_Init
 .text.main     0x0000000008000b64       0x4a ./Core/Src/main.o
                0x0000000008000b64                main
 *fill*         0x0000000008000bae        0x2 
 .text.SystemClock_Config
                0x0000000008000bb0       0xd4 ./Core/Src/main.o
                0x0000000008000bb0                SystemClock_Config
 .text.HAL_TIM_PeriodElapsedCallback
                0x0000000008000c84       0x24 ./Core/Src/main.o
                0x0000000008000c84                HAL_TIM_PeriodElapsedCallback
 .text.Error_Handler
                0x0000000008000ca8        0xa ./Core/Src/main.o
                0x0000000008000ca8                Error_Handler
 *fill*         0x0000000008000cb2        0x2 
 .text.MX_SPI5_Init
                0x0000000008000cb4       0x6c ./Core/Src/spi.o
                0x0000000008000cb4                MX_SPI5_Init
 .text.HAL_SPI_MspInit
                0x0000000008000d20       0x90 ./Core/Src/spi.o
                0x0000000008000d20                HAL_SPI_MspInit
 .text.HAL_MspInit
                0x0000000008000db0       0x58 ./Core/Src/stm32f4xx_hal_msp.o
                0x0000000008000db0                HAL_MspInit
 .text.HAL_InitTick
                0x0000000008000e08       0xf8 ./Core/Src/stm32f4xx_hal_timebase_tim.o
                0x0000000008000e08                HAL_InitTick
 .text.NMI_Handler
                0x0000000008000f00        0x6 ./Core/Src/stm32f4xx_it.o
                0x0000000008000f00                NMI_Handler
 .text.HardFault_Handler
                0x0000000008000f06        0x6 ./Core/Src/stm32f4xx_it.o
                0x0000000008000f06                HardFault_Handler
 .text.MemManage_Handler
                0x0000000008000f0c        0x6 ./Core/Src/stm32f4xx_it.o
                0x0000000008000f0c                MemManage_Handler
 .text.BusFault_Handler
                0x0000000008000f12        0x6 ./Core/Src/stm32f4xx_it.o
                0x0000000008000f12                BusFault_Handler
 .text.UsageFault_Handler
                0x0000000008000f18        0x6 ./Core/Src/stm32f4xx_it.o
                0x0000000008000f18                UsageFault_Handler
 .text.DebugMon_Handler
                0x0000000008000f1e        0xe ./Core/Src/stm32f4xx_it.o
                0x0000000008000f1e                DebugMon_Handler
 .text.CAN1_TX_IRQHandler
                0x0000000008000f2c       0x14 ./Core/Src/stm32f4xx_it.o
                0x0000000008000f2c                CAN1_TX_IRQHandler
 .text.CAN1_RX0_IRQHandler
                0x0000000008000f40       0x14 ./Core/Src/stm32f4xx_it.o
                0x0000000008000f40                CAN1_RX0_IRQHandler
 .text.TIM2_IRQHandler
                0x0000000008000f54       0x14 ./Core/Src/stm32f4xx_it.o
                0x0000000008000f54                TIM2_IRQHandler
 .text.TIM5_IRQHandler
                0x0000000008000f68       0x14 ./Core/Src/stm32f4xx_it.o
                0x0000000008000f68                TIM5_IRQHandler
 .text.DMA2_Stream1_IRQHandler
                0x0000000008000f7c       0x14 ./Core/Src/stm32f4xx_it.o
                0x0000000008000f7c                DMA2_Stream1_IRQHandler
 .text.OTG_FS_IRQHandler
                0x0000000008000f90       0x14 ./Core/Src/stm32f4xx_it.o
                0x0000000008000f90                OTG_FS_IRQHandler
 .text.DMA2_Stream6_IRQHandler
                0x0000000008000fa4       0x14 ./Core/Src/stm32f4xx_it.o
                0x0000000008000fa4                DMA2_Stream6_IRQHandler
 .text.USART6_IRQHandler
                0x0000000008000fb8       0x14 ./Core/Src/stm32f4xx_it.o
                0x0000000008000fb8                USART6_IRQHandler
 .text.SystemInit
                0x0000000008000fcc       0x24 ./Core/Src/system_stm32f4xx.o
                0x0000000008000fcc                SystemInit
 .text.MX_TIM1_Init
                0x0000000008000ff0      0x120 ./Core/Src/tim.o
                0x0000000008000ff0                MX_TIM1_Init
 .text.MX_TIM2_Init
                0x0000000008001110       0x98 ./Core/Src/tim.o
                0x0000000008001110                MX_TIM2_Init
 .text.MX_TIM3_Init
                0x00000000080011a8       0xb4 ./Core/Src/tim.o
                0x00000000080011a8                MX_TIM3_Init
 .text.MX_TIM12_Init
                0x000000000800125c       0x8c ./Core/Src/tim.o
                0x000000000800125c                MX_TIM12_Init
 .text.HAL_TIM_PWM_MspInit
                0x00000000080012e8       0x9c ./Core/Src/tim.o
                0x00000000080012e8                HAL_TIM_PWM_MspInit
 .text.HAL_TIM_Base_MspInit
                0x0000000008001384       0x4c ./Core/Src/tim.o
                0x0000000008001384                HAL_TIM_Base_MspInit
 .text.HAL_TIM_MspPostInit
                0x00000000080013d0      0x158 ./Core/Src/tim.o
                0x00000000080013d0                HAL_TIM_MspPostInit
 .text.MX_USART3_UART_Init
                0x0000000008001528       0x54 ./Core/Src/usart.o
                0x0000000008001528                MX_USART3_UART_Init
 .text.MX_USART6_UART_Init
                0x000000000800157c       0x54 ./Core/Src/usart.o
                0x000000000800157c                MX_USART6_UART_Init
 .text.HAL_UART_MspInit
                0x00000000080015d0      0x1dc ./Core/Src/usart.o
                0x00000000080015d0                HAL_UART_MspInit
 .text.Reset_Handler
                0x00000000080017ac       0x50 ./Core/Startup/startup_stm32f427iihx.o
                0x00000000080017ac                Reset_Handler
 .text.Default_Handler
                0x00000000080017fc        0x2 ./Core/Startup/startup_stm32f427iihx.o
                0x00000000080017fc                DMA1_Stream3_IRQHandler
                0x00000000080017fc                HASH_RNG_IRQHandler
                0x00000000080017fc                EXTI2_IRQHandler
                0x00000000080017fc                TIM8_CC_IRQHandler
                0x00000000080017fc                UART8_IRQHandler
                0x00000000080017fc                SPI4_IRQHandler
                0x00000000080017fc                TIM1_CC_IRQHandler
                0x00000000080017fc                DMA2_Stream5_IRQHandler
                0x00000000080017fc                DMA1_Stream5_IRQHandler
                0x00000000080017fc                PVD_IRQHandler
                0x00000000080017fc                SDIO_IRQHandler
                0x00000000080017fc                TAMP_STAMP_IRQHandler
                0x00000000080017fc                CAN2_RX1_IRQHandler
                0x00000000080017fc                EXTI3_IRQHandler
                0x00000000080017fc                TIM8_TRG_COM_TIM14_IRQHandler
                0x00000000080017fc                TIM1_UP_TIM10_IRQHandler
                0x00000000080017fc                TIM8_UP_TIM13_IRQHandler
                0x00000000080017fc                I2C3_ER_IRQHandler
                0x00000000080017fc                EXTI0_IRQHandler
                0x00000000080017fc                I2C2_EV_IRQHandler
                0x00000000080017fc                DMA1_Stream2_IRQHandler
                0x00000000080017fc                FPU_IRQHandler
                0x00000000080017fc                OTG_HS_WKUP_IRQHandler
                0x00000000080017fc                CAN2_SCE_IRQHandler
                0x00000000080017fc                DMA2_Stream2_IRQHandler
                0x00000000080017fc                SPI1_IRQHandler
                0x00000000080017fc                TIM6_DAC_IRQHandler
                0x00000000080017fc                TIM1_BRK_TIM9_IRQHandler
                0x00000000080017fc                DCMI_IRQHandler
                0x00000000080017fc                CAN2_RX0_IRQHandler
                0x00000000080017fc                DMA2_Stream3_IRQHandler
                0x00000000080017fc                USART3_IRQHandler
                0x00000000080017fc                CAN1_RX1_IRQHandler
                0x00000000080017fc                UART5_IRQHandler
                0x00000000080017fc                DMA2_Stream0_IRQHandler
                0x00000000080017fc                TIM4_IRQHandler
                0x00000000080017fc                I2C1_EV_IRQHandler
                0x00000000080017fc                DMA1_Stream6_IRQHandler
                0x00000000080017fc                DMA1_Stream1_IRQHandler
                0x00000000080017fc                UART4_IRQHandler
                0x00000000080017fc                TIM3_IRQHandler
                0x00000000080017fc                RCC_IRQHandler
                0x00000000080017fc                TIM8_BRK_TIM12_IRQHandler
                0x00000000080017fc                Default_Handler
                0x00000000080017fc                EXTI15_10_IRQHandler
                0x00000000080017fc                ADC_IRQHandler
                0x00000000080017fc                DMA1_Stream7_IRQHandler
                0x00000000080017fc                SPI5_IRQHandler
                0x00000000080017fc                TIM7_IRQHandler
                0x00000000080017fc                CAN2_TX_IRQHandler
                0x00000000080017fc                DMA2_Stream7_IRQHandler
                0x00000000080017fc                I2C3_EV_IRQHandler
                0x00000000080017fc                EXTI9_5_IRQHandler
                0x00000000080017fc                RTC_WKUP_IRQHandler
                0x00000000080017fc                ETH_WKUP_IRQHandler
                0x00000000080017fc                SPI2_IRQHandler
                0x00000000080017fc                OTG_HS_EP1_IN_IRQHandler
                0x00000000080017fc                DMA1_Stream0_IRQHandler
                0x00000000080017fc                EXTI4_IRQHandler
                0x00000000080017fc                ETH_IRQHandler
                0x00000000080017fc                OTG_HS_EP1_OUT_IRQHandler
                0x00000000080017fc                WWDG_IRQHandler
                0x00000000080017fc                SPI6_IRQHandler
                0x00000000080017fc                OTG_FS_WKUP_IRQHandler
                0x00000000080017fc                TIM1_TRG_COM_TIM11_IRQHandler
                0x00000000080017fc                OTG_HS_IRQHandler
                0x00000000080017fc                DMA2D_IRQHandler
                0x00000000080017fc                EXTI1_IRQHandler
                0x00000000080017fc                UART7_IRQHandler
                0x00000000080017fc                USART2_IRQHandler
                0x00000000080017fc                I2C2_ER_IRQHandler
                0x00000000080017fc                CAN1_SCE_IRQHandler
                0x00000000080017fc                FLASH_IRQHandler
                0x00000000080017fc                DMA2_Stream4_IRQHandler
                0x00000000080017fc                USART1_IRQHandler
                0x00000000080017fc                SPI3_IRQHandler
                0x00000000080017fc                DMA1_Stream4_IRQHandler
                0x00000000080017fc                I2C1_ER_IRQHandler
                0x00000000080017fc                FMC_IRQHandler
                0x00000000080017fc                SAI1_IRQHandler
                0x00000000080017fc                RTC_Alarm_IRQHandler
 *fill*         0x00000000080017fe        0x2 
 .text.HAL_Init
                0x0000000008001800       0x44 ./Drivers/STM32F4xx_HAL_Driver/Src/stm32f4xx_hal.o
                0x0000000008001800                HAL_Init
 .text.HAL_IncTick
                0x0000000008001844       0x28 ./Drivers/STM32F4xx_HAL_Driver/Src/stm32f4xx_hal.o
                0x0000000008001844                HAL_IncTick
 .text.HAL_GetTick
                0x000000000800186c       0x18 ./Drivers/STM32F4xx_HAL_Driver/Src/stm32f4xx_hal.o
                0x000000000800186c                HAL_GetTick
 .text.HAL_Delay
                0x0000000008001884       0x48 ./Drivers/STM32F4xx_HAL_Driver/Src/stm32f4xx_hal.o
                0x0000000008001884                HAL_Delay
 .text.HAL_CAN_Init
                0x00000000080018cc      0x1f6 ./Drivers/STM32F4xx_HAL_Driver/Src/stm32f4xx_hal_can.o
                0x00000000080018cc                HAL_CAN_Init
 .text.HAL_CAN_IRQHandler
                0x0000000008001ac2      0x36e ./Drivers/STM32F4xx_HAL_Driver/Src/stm32f4xx_hal_can.o
                0x0000000008001ac2                HAL_CAN_IRQHandler
 .text.HAL_CAN_TxMailbox0CompleteCallback
                0x0000000008001e30       0x14 ./Drivers/STM32F4xx_HAL_Driver/Src/stm32f4xx_hal_can.o
                0x0000000008001e30                HAL_CAN_TxMailbox0CompleteCallback
 .text.HAL_CAN_TxMailbox1CompleteCallback
                0x0000000008001e44       0x14 ./Drivers/STM32F4xx_HAL_Driver/Src/stm32f4xx_hal_can.o
                0x0000000008001e44                HAL_CAN_TxMailbox1CompleteCallback
 .text.HAL_CAN_TxMailbox2CompleteCallback
                0x0000000008001e58       0x14 ./Drivers/STM32F4xx_HAL_Driver/Src/stm32f4xx_hal_can.o
                0x0000000008001e58                HAL_CAN_TxMailbox2CompleteCallback
 .text.HAL_CAN_TxMailbox0AbortCallback
                0x0000000008001e6c       0x14 ./Drivers/STM32F4xx_HAL_Driver/Src/stm32f4xx_hal_can.o
                0x0000000008001e6c                HAL_CAN_TxMailbox0AbortCallback
 .text.HAL_CAN_TxMailbox1AbortCallback
                0x0000000008001e80       0x14 ./Drivers/STM32F4xx_HAL_Driver/Src/stm32f4xx_hal_can.o
                0x0000000008001e80                HAL_CAN_TxMailbox1AbortCallback
 .text.HAL_CAN_TxMailbox2AbortCallback
                0x0000000008001e94       0x14 ./Drivers/STM32F4xx_HAL_Driver/Src/stm32f4xx_hal_can.o
                0x0000000008001e94                HAL_CAN_TxMailbox2AbortCallback
 .text.HAL_CAN_RxFifo0MsgPendingCallback
                0x0000000008001ea8       0x14 ./Drivers/STM32F4xx_HAL_Driver/Src/stm32f4xx_hal_can.o
                0x0000000008001ea8                HAL_CAN_RxFifo0MsgPendingCallback
 .text.HAL_CAN_RxFifo0FullCallback
                0x0000000008001ebc       0x14 ./Drivers/STM32F4xx_HAL_Driver/Src/stm32f4xx_hal_can.o
                0x0000000008001ebc                HAL_CAN_RxFifo0FullCallback
 .text.HAL_CAN_RxFifo1MsgPendingCallback
                0x0000000008001ed0       0x14 ./Drivers/STM32F4xx_HAL_Driver/Src/stm32f4xx_hal_can.o
                0x0000000008001ed0                HAL_CAN_RxFifo1MsgPendingCallback
 .text.HAL_CAN_RxFifo1FullCallback
                0x0000000008001ee4       0x14 ./Drivers/STM32F4xx_HAL_Driver/Src/stm32f4xx_hal_can.o
                0x0000000008001ee4                HAL_CAN_RxFifo1FullCallback
 .text.HAL_CAN_SleepCallback
                0x0000000008001ef8       0x14 ./Drivers/STM32F4xx_HAL_Driver/Src/stm32f4xx_hal_can.o
                0x0000000008001ef8                HAL_CAN_SleepCallback
 .text.HAL_CAN_WakeUpFromRxMsgCallback
                0x0000000008001f0c       0x14 ./Drivers/STM32F4xx_HAL_Driver/Src/stm32f4xx_hal_can.o
                0x0000000008001f0c                HAL_CAN_WakeUpFromRxMsgCallback
 .text.HAL_CAN_ErrorCallback
                0x0000000008001f20       0x14 ./Drivers/STM32F4xx_HAL_Driver/Src/stm32f4xx_hal_can.o
                0x0000000008001f20                HAL_CAN_ErrorCallback
 .text.__NVIC_SetPriorityGrouping
                0x0000000008001f34       0x48 ./Drivers/STM32F4xx_HAL_Driver/Src/stm32f4xx_hal_cortex.o
 .text.__NVIC_GetPriorityGrouping
                0x0000000008001f7c       0x1c ./Drivers/STM32F4xx_HAL_Driver/Src/stm32f4xx_hal_cortex.o
 .text.__NVIC_EnableIRQ
                0x0000000008001f98       0x3c ./Drivers/STM32F4xx_HAL_Driver/Src/stm32f4xx_hal_cortex.o
 .text.__NVIC_SetPriority
                0x0000000008001fd4       0x54 ./Drivers/STM32F4xx_HAL_Driver/Src/stm32f4xx_hal_cortex.o
 .text.NVIC_EncodePriority
                0x0000000008002028       0x66 ./Drivers/STM32F4xx_HAL_Driver/Src/stm32f4xx_hal_cortex.o
 .text.HAL_NVIC_SetPriorityGrouping
                0x000000000800208e       0x16 ./Drivers/STM32F4xx_HAL_Driver/Src/stm32f4xx_hal_cortex.o
                0x000000000800208e                HAL_NVIC_SetPriorityGrouping
 .text.HAL_NVIC_SetPriority
                0x00000000080020a4       0x38 ./Drivers/STM32F4xx_HAL_Driver/Src/stm32f4xx_hal_cortex.o
                0x00000000080020a4                HAL_NVIC_SetPriority
 .text.HAL_NVIC_EnableIRQ
                0x00000000080020dc       0x1c ./Drivers/STM32F4xx_HAL_Driver/Src/stm32f4xx_hal_cortex.o
                0x00000000080020dc                HAL_NVIC_EnableIRQ
 .text.HAL_DMA_Init
                0x00000000080020f8      0x15c ./Drivers/STM32F4xx_HAL_Driver/Src/stm32f4xx_hal_dma.o
                0x00000000080020f8                HAL_DMA_Init
 .text.HAL_DMA_Abort
                0x0000000008002254       0xe0 ./Drivers/STM32F4xx_HAL_Driver/Src/stm32f4xx_hal_dma.o
                0x0000000008002254                HAL_DMA_Abort
 .text.HAL_DMA_Abort_IT
                0x0000000008002334       0x44 ./Drivers/STM32F4xx_HAL_Driver/Src/stm32f4xx_hal_dma.o
                0x0000000008002334                HAL_DMA_Abort_IT
 .text.HAL_DMA_IRQHandler
                0x0000000008002378      0x314 ./Drivers/STM32F4xx_HAL_Driver/Src/stm32f4xx_hal_dma.o
                0x0000000008002378                HAL_DMA_IRQHandler
 .text.DMA_CalcBaseAndBitshift
                0x000000000800268c       0x6c ./Drivers/STM32F4xx_HAL_Driver/Src/stm32f4xx_hal_dma.o
 .text.DMA_CheckFifoParam
                0x00000000080026f8       0xf8 ./Drivers/STM32F4xx_HAL_Driver/Src/stm32f4xx_hal_dma.o
 .text.HAL_GPIO_Init
                0x00000000080027f0      0x358 ./Drivers/STM32F4xx_HAL_Driver/Src/stm32f4xx_hal_gpio.o
                0x00000000080027f0                HAL_GPIO_Init
 .text.HAL_GPIO_WritePin
                0x0000000008002b48       0x32 ./Drivers/STM32F4xx_HAL_Driver/Src/stm32f4xx_hal_gpio.o
                0x0000000008002b48                HAL_GPIO_WritePin
 .text.HAL_GPIO_TogglePin
                0x0000000008002b7a       0x34 ./Drivers/STM32F4xx_HAL_Driver/Src/stm32f4xx_hal_gpio.o
                0x0000000008002b7a                HAL_GPIO_TogglePin
 .text.HAL_PCD_Init
                0x0000000008002bae      0x21e ./Drivers/STM32F4xx_HAL_Driver/Src/stm32f4xx_hal_pcd.o
                0x0000000008002bae                HAL_PCD_Init
 .text.HAL_PCD_Start
                0x0000000008002dcc       0x6a ./Drivers/STM32F4xx_HAL_Driver/Src/stm32f4xx_hal_pcd.o
                0x0000000008002dcc                HAL_PCD_Start
 .text.HAL_PCD_IRQHandler
                0x0000000008002e36      0x942 ./Drivers/STM32F4xx_HAL_Driver/Src/stm32f4xx_hal_pcd.o
                0x0000000008002e36                HAL_PCD_IRQHandler
 .text.HAL_PCD_SetAddress
                0x0000000008003778       0x48 ./Drivers/STM32F4xx_HAL_Driver/Src/stm32f4xx_hal_pcd.o
                0x0000000008003778                HAL_PCD_SetAddress
 .text.HAL_PCD_EP_Open
                0x00000000080037c0       0xd0 ./Drivers/STM32F4xx_HAL_Driver/Src/stm32f4xx_hal_pcd.o
                0x00000000080037c0                HAL_PCD_EP_Open
 .text.HAL_PCD_EP_Close
                0x0000000008003890       0x94 ./Drivers/STM32F4xx_HAL_Driver/Src/stm32f4xx_hal_pcd.o
                0x0000000008003890                HAL_PCD_EP_Close
 .text.HAL_PCD_EP_Receive
                0x0000000008003924       0x76 ./Drivers/STM32F4xx_HAL_Driver/Src/stm32f4xx_hal_pcd.o
                0x0000000008003924                HAL_PCD_EP_Receive
 .text.HAL_PCD_EP_GetRxCount
                0x000000000800399a       0x30 ./Drivers/STM32F4xx_HAL_Driver/Src/stm32f4xx_hal_pcd.o
                0x000000000800399a                HAL_PCD_EP_GetRxCount
 .text.HAL_PCD_EP_Transmit
                0x00000000080039ca       0x74 ./Drivers/STM32F4xx_HAL_Driver/Src/stm32f4xx_hal_pcd.o
                0x00000000080039ca                HAL_PCD_EP_Transmit
 .text.HAL_PCD_EP_SetStall
                0x0000000008003a3e       0xc6 ./Drivers/STM32F4xx_HAL_Driver/Src/stm32f4xx_hal_pcd.o
                0x0000000008003a3e                HAL_PCD_EP_SetStall
 .text.HAL_PCD_EP_ClrStall
                0x0000000008003b04       0xac ./Drivers/STM32F4xx_HAL_Driver/Src/stm32f4xx_hal_pcd.o
                0x0000000008003b04                HAL_PCD_EP_ClrStall
 .text.HAL_PCD_EP_Abort
                0x0000000008003bb0       0x62 ./Drivers/STM32F4xx_HAL_Driver/Src/stm32f4xx_hal_pcd.o
                0x0000000008003bb0                HAL_PCD_EP_Abort
 .text.PCD_WriteEmptyTxFifo
                0x0000000008003c12      0x118 ./Drivers/STM32F4xx_HAL_Driver/Src/stm32f4xx_hal_pcd.o
 *fill*         0x0000000008003d2a        0x2 
 .text.PCD_EP_OutXfrComplete_int
                0x0000000008003d2c      0x1d0 ./Drivers/STM32F4xx_HAL_Driver/Src/stm32f4xx_hal_pcd.o
 .text.PCD_EP_OutSetupPacket_int
                0x0000000008003efc       0x8c ./Drivers/STM32F4xx_HAL_Driver/Src/stm32f4xx_hal_pcd.o
 .text.HAL_PCDEx_SetTxFiFo
                0x0000000008003f88       0x8e ./Drivers/STM32F4xx_HAL_Driver/Src/stm32f4xx_hal_pcd_ex.o
                0x0000000008003f88                HAL_PCDEx_SetTxFiFo
 .text.HAL_PCDEx_SetRxFiFo
                0x0000000008004016       0x22 ./Drivers/STM32F4xx_HAL_Driver/Src/stm32f4xx_hal_pcd_ex.o
                0x0000000008004016                HAL_PCDEx_SetRxFiFo
 .text.HAL_PCDEx_LPM_Callback
                0x0000000008004038       0x18 ./Drivers/STM32F4xx_HAL_Driver/Src/stm32f4xx_hal_pcd_ex.o
                0x0000000008004038                HAL_PCDEx_LPM_Callback
 .text.HAL_RCC_OscConfig
                0x0000000008004050      0x4f0 ./Drivers/STM32F4xx_HAL_Driver/Src/stm32f4xx_hal_rcc.o
                0x0000000008004050                HAL_RCC_OscConfig
 .text.HAL_RCC_ClockConfig
                0x0000000008004540      0x1cc ./Drivers/STM32F4xx_HAL_Driver/Src/stm32f4xx_hal_rcc.o
                0x0000000008004540                HAL_RCC_ClockConfig
 .text.HAL_RCC_GetSysClockFreq
                0x000000000800470c      0x18c ./Drivers/STM32F4xx_HAL_Driver/Src/stm32f4xx_hal_rcc.o
                0x000000000800470c                HAL_RCC_GetSysClockFreq
 .text.HAL_RCC_GetHCLKFreq
                0x0000000008004898       0x18 ./Drivers/STM32F4xx_HAL_Driver/Src/stm32f4xx_hal_rcc.o
                0x0000000008004898                HAL_RCC_GetHCLKFreq
 .text.HAL_RCC_GetPCLK1Freq
                0x00000000080048b0       0x28 ./Drivers/STM32F4xx_HAL_Driver/Src/stm32f4xx_hal_rcc.o
                0x00000000080048b0                HAL_RCC_GetPCLK1Freq
 .text.HAL_RCC_GetPCLK2Freq
                0x00000000080048d8       0x28 ./Drivers/STM32F4xx_HAL_Driver/Src/stm32f4xx_hal_rcc.o
                0x00000000080048d8                HAL_RCC_GetPCLK2Freq
 .text.HAL_RCC_GetClockConfig
                0x0000000008004900       0x64 ./Drivers/STM32F4xx_HAL_Driver/Src/stm32f4xx_hal_rcc.o
                0x0000000008004900                HAL_RCC_GetClockConfig
 .text.HAL_SPI_Init
                0x0000000008004964      0x112 ./Drivers/STM32F4xx_HAL_Driver/Src/stm32f4xx_hal_spi.o
                0x0000000008004964                HAL_SPI_Init
 .text.HAL_TIM_Base_Init
                0x0000000008004a76       0x9e ./Drivers/STM32F4xx_HAL_Driver/Src/stm32f4xx_hal_tim.o
                0x0000000008004a76                HAL_TIM_Base_Init
 .text.HAL_TIM_Base_Start_IT
                0x0000000008004b14       0xe0 ./Drivers/STM32F4xx_HAL_Driver/Src/stm32f4xx_hal_tim.o
                0x0000000008004b14                HAL_TIM_Base_Start_IT
 .text.HAL_TIM_PWM_Init
                0x0000000008004bf4       0x9e ./Drivers/STM32F4xx_HAL_Driver/Src/stm32f4xx_hal_tim.o
                0x0000000008004bf4                HAL_TIM_PWM_Init
 .text.HAL_TIM_IRQHandler
                0x0000000008004c92      0x1e0 ./Drivers/STM32F4xx_HAL_Driver/Src/stm32f4xx_hal_tim.o
                0x0000000008004c92                HAL_TIM_IRQHandler
 *fill*         0x0000000008004e72        0x2 
 .text.HAL_TIM_PWM_ConfigChannel
                0x0000000008004e74      0x184 ./Drivers/STM32F4xx_HAL_Driver/Src/stm32f4xx_hal_tim.o
                0x0000000008004e74                HAL_TIM_PWM_ConfigChannel
 .text.HAL_TIM_ConfigClockSource
                0x0000000008004ff8      0x18e ./Drivers/STM32F4xx_HAL_Driver/Src/stm32f4xx_hal_tim.o
                0x0000000008004ff8                HAL_TIM_ConfigClockSource
 .text.HAL_TIM_OC_DelayElapsedCallback
                0x0000000008005186       0x14 ./Drivers/STM32F4xx_HAL_Driver/Src/stm32f4xx_hal_tim.o
                0x0000000008005186                HAL_TIM_OC_DelayElapsedCallback
 .text.HAL_TIM_IC_CaptureCallback
                0x000000000800519a       0x14 ./Drivers/STM32F4xx_HAL_Driver/Src/stm32f4xx_hal_tim.o
                0x000000000800519a                HAL_TIM_IC_CaptureCallback
 .text.HAL_TIM_PWM_PulseFinishedCallback
                0x00000000080051ae       0x14 ./Drivers/STM32F4xx_HAL_Driver/Src/stm32f4xx_hal_tim.o
                0x00000000080051ae                HAL_TIM_PWM_PulseFinishedCallback
 .text.HAL_TIM_TriggerCallback
                0x00000000080051c2       0x14 ./Drivers/STM32F4xx_HAL_Driver/Src/stm32f4xx_hal_tim.o
                0x00000000080051c2                HAL_TIM_TriggerCallback
 *fill*         0x00000000080051d6        0x2 
 .text.TIM_Base_SetConfig
                0x00000000080051d8      0x158 ./Drivers/STM32F4xx_HAL_Driver/Src/stm32f4xx_hal_tim.o
                0x00000000080051d8                TIM_Base_SetConfig
 .text.TIM_OC1_SetConfig
                0x0000000008005330       0xe0 ./Drivers/STM32F4xx_HAL_Driver/Src/stm32f4xx_hal_tim.o
 .text.TIM_OC2_SetConfig
                0x0000000008005410       0xec ./Drivers/STM32F4xx_HAL_Driver/Src/stm32f4xx_hal_tim.o
                0x0000000008005410                TIM_OC2_SetConfig
 .text.TIM_OC3_SetConfig
                0x00000000080054fc       0xe8 ./Drivers/STM32F4xx_HAL_Driver/Src/stm32f4xx_hal_tim.o
 .text.TIM_OC4_SetConfig
                0x00000000080055e4       0xac ./Drivers/STM32F4xx_HAL_Driver/Src/stm32f4xx_hal_tim.o
 .text.TIM_TI1_ConfigInputStage
                0x0000000008005690       0x5e ./Drivers/STM32F4xx_HAL_Driver/Src/stm32f4xx_hal_tim.o
 .text.TIM_TI2_ConfigInputStage
                0x00000000080056ee       0x60 ./Drivers/STM32F4xx_HAL_Driver/Src/stm32f4xx_hal_tim.o
 .text.TIM_ITRx_SetConfig
                0x000000000800574e       0x36 ./Drivers/STM32F4xx_HAL_Driver/Src/stm32f4xx_hal_tim.o
 .text.TIM_ETR_SetConfig
                0x0000000008005784       0x40 ./Drivers/STM32F4xx_HAL_Driver/Src/stm32f4xx_hal_tim.o
                0x0000000008005784                TIM_ETR_SetConfig
 .text.HAL_TIMEx_MasterConfigSynchronization
                0x00000000080057c4       0xf8 ./Drivers/STM32F4xx_HAL_Driver/Src/stm32f4xx_hal_tim_ex.o
                0x00000000080057c4                HAL_TIMEx_MasterConfigSynchronization
 .text.HAL_TIMEx_ConfigBreakDeadTime
                0x00000000080058bc       0xa4 ./Drivers/STM32F4xx_HAL_Driver/Src/stm32f4xx_hal_tim_ex.o
                0x00000000080058bc                HAL_TIMEx_ConfigBreakDeadTime
 .text.HAL_TIMEx_CommutCallback
                0x0000000008005960       0x14 ./Drivers/STM32F4xx_HAL_Driver/Src/stm32f4xx_hal_tim_ex.o
                0x0000000008005960                HAL_TIMEx_CommutCallback
 .text.HAL_TIMEx_BreakCallback
                0x0000000008005974       0x14 ./Drivers/STM32F4xx_HAL_Driver/Src/stm32f4xx_hal_tim_ex.o
                0x0000000008005974                HAL_TIMEx_BreakCallback
 .text.HAL_UART_Init
                0x0000000008005988       0xa0 ./Drivers/STM32F4xx_HAL_Driver/Src/stm32f4xx_hal_uart.o
                0x0000000008005988                HAL_UART_Init
 .text.HAL_UART_IRQHandler
                0x0000000008005a28      0x524 ./Drivers/STM32F4xx_HAL_Driver/Src/stm32f4xx_hal_uart.o
                0x0000000008005a28                HAL_UART_IRQHandler
 .text.HAL_UART_TxCpltCallback
                0x0000000008005f4c       0x14 ./Drivers/STM32F4xx_HAL_Driver/Src/stm32f4xx_hal_uart.o
                0x0000000008005f4c                HAL_UART_TxCpltCallback
 .text.HAL_UART_RxCpltCallback
                0x0000000008005f60       0x14 ./Drivers/STM32F4xx_HAL_Driver/Src/stm32f4xx_hal_uart.o
                0x0000000008005f60                HAL_UART_RxCpltCallback
 .text.HAL_UART_ErrorCallback
                0x0000000008005f74       0x14 ./Drivers/STM32F4xx_HAL_Driver/Src/stm32f4xx_hal_uart.o
                0x0000000008005f74                HAL_UART_ErrorCallback
 .text.HAL_UARTEx_RxEventCallback
                0x0000000008005f88       0x18 ./Drivers/STM32F4xx_HAL_Driver/Src/stm32f4xx_hal_uart.o
                0x0000000008005f88                HAL_UARTEx_RxEventCallback
 .text.UART_EndRxTransfer
                0x0000000008005fa0       0xc6 ./Drivers/STM32F4xx_HAL_Driver/Src/stm32f4xx_hal_uart.o
 .text.UART_DMAAbortOnError
                0x0000000008006066       0x28 ./Drivers/STM32F4xx_HAL_Driver/Src/stm32f4xx_hal_uart.o
 .text.UART_Transmit_IT
                0x000000000800608e       0xa0 ./Drivers/STM32F4xx_HAL_Driver/Src/stm32f4xx_hal_uart.o
 .text.UART_EndTransmit_IT
                0x000000000800612e       0x30 ./Drivers/STM32F4xx_HAL_Driver/Src/stm32f4xx_hal_uart.o
 .text.UART_Receive_IT
                0x000000000800615e      0x17c ./Drivers/STM32F4xx_HAL_Driver/Src/stm32f4xx_hal_uart.o
 *fill*         0x00000000080062da        0x2 
 .text.UART_SetConfig
                0x00000000080062dc      0x4e8 ./Drivers/STM32F4xx_HAL_Driver/Src/stm32f4xx_hal_uart.o
 .text.USB_CoreInit
                0x00000000080067c4       0xc8 ./Drivers/STM32F4xx_HAL_Driver/Src/stm32f4xx_ll_usb.o
                0x00000000080067c4                USB_CoreInit
 .text.USB_SetTurnaroundTime
                0x000000000800688c      0x144 ./Drivers/STM32F4xx_HAL_Driver/Src/stm32f4xx_ll_usb.o
                0x000000000800688c                USB_SetTurnaroundTime
 .text.USB_EnableGlobalInt
                0x00000000080069d0       0x22 ./Drivers/STM32F4xx_HAL_Driver/Src/stm32f4xx_ll_usb.o
                0x00000000080069d0                USB_EnableGlobalInt
 .text.USB_DisableGlobalInt
                0x00000000080069f2       0x22 ./Drivers/STM32F4xx_HAL_Driver/Src/stm32f4xx_ll_usb.o
                0x00000000080069f2                USB_DisableGlobalInt
 .text.USB_SetCurrentMode
                0x0000000008006a14       0x98 ./Drivers/STM32F4xx_HAL_Driver/Src/stm32f4xx_ll_usb.o
                0x0000000008006a14                USB_SetCurrentMode
 .text.USB_DevInit
                0x0000000008006aac      0x2c8 ./Drivers/STM32F4xx_HAL_Driver/Src/stm32f4xx_ll_usb.o
                0x0000000008006aac                USB_DevInit
 .text.USB_FlushTxFifo
                0x0000000008006d74       0x64 ./Drivers/STM32F4xx_HAL_Driver/Src/stm32f4xx_ll_usb.o
                0x0000000008006d74                USB_FlushTxFifo
 .text.USB_FlushRxFifo
                0x0000000008006dd8       0x5c ./Drivers/STM32F4xx_HAL_Driver/Src/stm32f4xx_ll_usb.o
                0x0000000008006dd8                USB_FlushRxFifo
 .text.USB_SetDevSpeed
                0x0000000008006e34       0x32 ./Drivers/STM32F4xx_HAL_Driver/Src/stm32f4xx_ll_usb.o
                0x0000000008006e34                USB_SetDevSpeed
 .text.USB_GetDevSpeed
                0x0000000008006e66       0x4a ./Drivers/STM32F4xx_HAL_Driver/Src/stm32f4xx_ll_usb.o
                0x0000000008006e66                USB_GetDevSpeed
 .text.USB_ActivateEndpoint
                0x0000000008006eb0      0x10e ./Drivers/STM32F4xx_HAL_Driver/Src/stm32f4xx_ll_usb.o
                0x0000000008006eb0                USB_ActivateEndpoint
 *fill*         0x0000000008006fbe        0x2 
 .text.USB_DeactivateEndpoint
                0x0000000008006fc0      0x1b8 ./Drivers/STM32F4xx_HAL_Driver/Src/stm32f4xx_ll_usb.o
                0x0000000008006fc0                USB_DeactivateEndpoint
 .text.USB_EPStartXfer
                0x0000000008007178      0x530 ./Drivers/STM32F4xx_HAL_Driver/Src/stm32f4xx_ll_usb.o
                0x0000000008007178                USB_EPStartXfer
 .text.USB_EPStopXfer
                0x00000000080076a8      0x154 ./Drivers/STM32F4xx_HAL_Driver/Src/stm32f4xx_ll_usb.o
                0x00000000080076a8                USB_EPStopXfer
 .text.USB_WritePacket
                0x00000000080077fc       0x7c ./Drivers/STM32F4xx_HAL_Driver/Src/stm32f4xx_ll_usb.o
                0x00000000080077fc                USB_WritePacket
 .text.USB_ReadPacket
                0x0000000008007878       0xb0 ./Drivers/STM32F4xx_HAL_Driver/Src/stm32f4xx_ll_usb.o
                0x0000000008007878                USB_ReadPacket
 .text.USB_EPSetStall
                0x0000000008007928       0xdc ./Drivers/STM32F4xx_HAL_Driver/Src/stm32f4xx_ll_usb.o
                0x0000000008007928                USB_EPSetStall
 .text.USB_EPClearStall
                0x0000000008007a04       0xcc ./Drivers/STM32F4xx_HAL_Driver/Src/stm32f4xx_ll_usb.o
                0x0000000008007a04                USB_EPClearStall
 .text.USB_SetDevAddress
                0x0000000008007ad0       0x4c ./Drivers/STM32F4xx_HAL_Driver/Src/stm32f4xx_ll_usb.o
                0x0000000008007ad0                USB_SetDevAddress
 .text.USB_DevConnect
                0x0000000008007b1c       0x42 ./Drivers/STM32F4xx_HAL_Driver/Src/stm32f4xx_ll_usb.o
                0x0000000008007b1c                USB_DevConnect
 .text.USB_DevDisconnect
                0x0000000008007b5e       0x42 ./Drivers/STM32F4xx_HAL_Driver/Src/stm32f4xx_ll_usb.o
                0x0000000008007b5e                USB_DevDisconnect
 .text.USB_ReadInterrupts
                0x0000000008007ba0       0x26 ./Drivers/STM32F4xx_HAL_Driver/Src/stm32f4xx_ll_usb.o
                0x0000000008007ba0                USB_ReadInterrupts
 .text.USB_ReadDevAllOutEpInterrupt
                0x0000000008007bc6       0x34 ./Drivers/STM32F4xx_HAL_Driver/Src/stm32f4xx_ll_usb.o
                0x0000000008007bc6                USB_ReadDevAllOutEpInterrupt
 .text.USB_ReadDevAllInEpInterrupt
                0x0000000008007bfa       0x34 ./Drivers/STM32F4xx_HAL_Driver/Src/stm32f4xx_ll_usb.o
                0x0000000008007bfa                USB_ReadDevAllInEpInterrupt
 .text.USB_ReadDevOutEPInterrupt
                0x0000000008007c2e       0x3c ./Drivers/STM32F4xx_HAL_Driver/Src/stm32f4xx_ll_usb.o
                0x0000000008007c2e                USB_ReadDevOutEPInterrupt
 .text.USB_ReadDevInEPInterrupt
                0x0000000008007c6a       0x5c ./Drivers/STM32F4xx_HAL_Driver/Src/stm32f4xx_ll_usb.o
                0x0000000008007c6a                USB_ReadDevInEPInterrupt
 .text.USB_GetMode
                0x0000000008007cc6       0x1c ./Drivers/STM32F4xx_HAL_Driver/Src/stm32f4xx_ll_usb.o
                0x0000000008007cc6                USB_GetMode
 .text.USB_ActivateSetup
                0x0000000008007ce2       0x46 ./Drivers/STM32F4xx_HAL_Driver/Src/stm32f4xx_ll_usb.o
                0x0000000008007ce2                USB_ActivateSetup
 .text.USB_EP0_OutStart
                0x0000000008007d28       0xbc ./Drivers/STM32F4xx_HAL_Driver/Src/stm32f4xx_ll_usb.o
                0x0000000008007d28                USB_EP0_OutStart
 .text.USB_CoreReset
                0x0000000008007de4       0x62 ./Drivers/STM32F4xx_HAL_Driver/Src/stm32f4xx_ll_usb.o
 *fill*         0x0000000008007e46        0x2 
 .text.USBD_CDC_Init
                0x0000000008007e48      0x1f0 ./Middlewares/ST/STM32_USB_Device_Library/Class/CDC/Src/usbd_cdc.o
 .text.USBD_CDC_DeInit
                0x0000000008008038      0x104 ./Middlewares/ST/STM32_USB_Device_Library/Class/CDC/Src/usbd_cdc.o
 .text.USBD_CDC_Setup
                0x000000000800813c      0x1b8 ./Middlewares/ST/STM32_USB_Device_Library/Class/CDC/Src/usbd_cdc.o
 .text.USBD_CDC_DataIn
                0x00000000080082f4       0xfe ./Middlewares/ST/STM32_USB_Device_Library/Class/CDC/Src/usbd_cdc.o
 .text.USBD_CDC_DataOut
                0x00000000080083f2       0x70 ./Middlewares/ST/STM32_USB_Device_Library/Class/CDC/Src/usbd_cdc.o
 .text.USBD_CDC_EP0_RxReady
                0x0000000008008462       0x76 ./Middlewares/ST/STM32_USB_Device_Library/Class/CDC/Src/usbd_cdc.o
 .text.USBD_CDC_GetFSCfgDesc
                0x00000000080084d8       0x70 ./Middlewares/ST/STM32_USB_Device_Library/Class/CDC/Src/usbd_cdc.o
 .text.USBD_CDC_GetHSCfgDesc
                0x0000000008008548       0x70 ./Middlewares/ST/STM32_USB_Device_Library/Class/CDC/Src/usbd_cdc.o
 .text.USBD_CDC_GetOtherSpeedCfgDesc
                0x00000000080085b8       0x70 ./Middlewares/ST/STM32_USB_Device_Library/Class/CDC/Src/usbd_cdc.o
 .text.USBD_CDC_GetDeviceQualifierDescriptor
                0x0000000008008628       0x20 ./Middlewares/ST/STM32_USB_Device_Library/Class/CDC/Src/usbd_cdc.o
                0x0000000008008628                USBD_CDC_GetDeviceQualifierDescriptor
 .text.USBD_CDC_RegisterInterface
                0x0000000008008648       0x34 ./Middlewares/ST/STM32_USB_Device_Library/Class/CDC/Src/usbd_cdc.o
                0x0000000008008648                USBD_CDC_RegisterInterface
 .text.USBD_CDC_SetTxBuffer
                0x000000000800867c       0x44 ./Middlewares/ST/STM32_USB_Device_Library/Class/CDC/Src/usbd_cdc.o
                0x000000000800867c                USBD_CDC_SetTxBuffer
 .text.USBD_CDC_SetRxBuffer
                0x00000000080086c0       0x3a ./Middlewares/ST/STM32_USB_Device_Library/Class/CDC/Src/usbd_cdc.o
                0x00000000080086c0                USBD_CDC_SetRxBuffer
 *fill*         0x00000000080086fa        0x2 
 .text.USBD_CDC_TransmitPacket
                0x00000000080086fc       0x80 ./Middlewares/ST/STM32_USB_Device_Library/Class/CDC/Src/usbd_cdc.o
                0x00000000080086fc                USBD_CDC_TransmitPacket
 .text.USBD_CDC_ReceivePacket
                0x000000000800877c       0x6c ./Middlewares/ST/STM32_USB_Device_Library/Class/CDC/Src/usbd_cdc.o
                0x000000000800877c                USBD_CDC_ReceivePacket
 .text.USBD_Init
                0x00000000080087e8       0x60 ./Middlewares/ST/STM32_USB_Device_Library/Core/Src/usbd_core.o
                0x00000000080087e8                USBD_Init
 .text.USBD_RegisterClass
                0x0000000008008848       0x6c ./Middlewares/ST/STM32_USB_Device_Library/Core/Src/usbd_core.o
                0x0000000008008848                USBD_RegisterClass
 .text.USBD_Start
                0x00000000080088b4       0x18 ./Middlewares/ST/STM32_USB_Device_Library/Core/Src/usbd_core.o
                0x00000000080088b4                USBD_Start
 .text.USBD_RunTestMode
                0x00000000080088cc       0x16 ./Middlewares/ST/STM32_USB_Device_Library/Core/Src/usbd_core.o
                0x00000000080088cc                USBD_RunTestMode
 .text.USBD_SetClassConfig
                0x00000000080088e2       0x38 ./Middlewares/ST/STM32_USB_Device_Library/Core/Src/usbd_core.o
                0x00000000080088e2                USBD_SetClassConfig
 .text.USBD_ClrClassConfig
                0x000000000800891a       0x34 ./Middlewares/ST/STM32_USB_Device_Library/Core/Src/usbd_core.o
                0x000000000800891a                USBD_ClrClassConfig
 .text.USBD_LL_SetupStage
                0x000000000800894e       0xaa ./Middlewares/ST/STM32_USB_Device_Library/Core/Src/usbd_core.o
                0x000000000800894e                USBD_LL_SetupStage
 .text.USBD_LL_DataOutStage
                0x00000000080089f8      0x166 ./Middlewares/ST/STM32_USB_Device_Library/Core/Src/usbd_core.o
                0x00000000080089f8                USBD_LL_DataOutStage
 .text.USBD_LL_DataInStage
                0x0000000008008b5e      0x164 ./Middlewares/ST/STM32_USB_Device_Library/Core/Src/usbd_core.o
                0x0000000008008b5e                USBD_LL_DataInStage
 .text.USBD_LL_Reset
                0x0000000008008cc2       0xa4 ./Middlewares/ST/STM32_USB_Device_Library/Core/Src/usbd_core.o
                0x0000000008008cc2                USBD_LL_Reset
 .text.USBD_LL_SetSpeed
                0x0000000008008d66       0x20 ./Middlewares/ST/STM32_USB_Device_Library/Core/Src/usbd_core.o
                0x0000000008008d66                USBD_LL_SetSpeed
 .text.USBD_LL_Suspend
                0x0000000008008d86       0x38 ./Middlewares/ST/STM32_USB_Device_Library/Core/Src/usbd_core.o
                0x0000000008008d86                USBD_LL_Suspend
 .text.USBD_LL_Resume
                0x0000000008008dbe       0x30 ./Middlewares/ST/STM32_USB_Device_Library/Core/Src/usbd_core.o
                0x0000000008008dbe                USBD_LL_Resume
 .text.USBD_LL_SOF
                0x0000000008008dee       0x40 ./Middlewares/ST/STM32_USB_Device_Library/Core/Src/usbd_core.o
                0x0000000008008dee                USBD_LL_SOF
 .text.USBD_LL_IsoINIncomplete
                0x0000000008008e2e       0x64 ./Middlewares/ST/STM32_USB_Device_Library/Core/Src/usbd_core.o
                0x0000000008008e2e                USBD_LL_IsoINIncomplete
 .text.USBD_LL_IsoOUTIncomplete
                0x0000000008008e92       0x64 ./Middlewares/ST/STM32_USB_Device_Library/Core/Src/usbd_core.o
                0x0000000008008e92                USBD_LL_IsoOUTIncomplete
 .text.USBD_LL_DevConnected
                0x0000000008008ef6       0x16 ./Middlewares/ST/STM32_USB_Device_Library/Core/Src/usbd_core.o
                0x0000000008008ef6                USBD_LL_DevConnected
 .text.USBD_LL_DevDisconnected
                0x0000000008008f0c       0x46 ./Middlewares/ST/STM32_USB_Device_Library/Core/Src/usbd_core.o
                0x0000000008008f0c                USBD_LL_DevDisconnected
 .text.USBD_CoreFindIF
                0x0000000008008f52       0x1a ./Middlewares/ST/STM32_USB_Device_Library/Core/Src/usbd_core.o
                0x0000000008008f52                USBD_CoreFindIF
 .text.USBD_CoreFindEP
                0x0000000008008f6c       0x1a ./Middlewares/ST/STM32_USB_Device_Library/Core/Src/usbd_core.o
                0x0000000008008f6c                USBD_CoreFindEP
 .text.USBD_GetEpDesc
                0x0000000008008f86       0x74 ./Middlewares/ST/STM32_USB_Device_Library/Core/Src/usbd_core.o
                0x0000000008008f86                USBD_GetEpDesc
 .text.USBD_GetNextDesc
                0x0000000008008ffa       0x3a ./Middlewares/ST/STM32_USB_Device_Library/Core/Src/usbd_core.o
                0x0000000008008ffa                USBD_GetNextDesc
 .text.SWAPBYTE
                0x0000000008009034       0x3c ./Middlewares/ST/STM32_USB_Device_Library/Core/Src/usbd_ctlreq.o
 .text.USBD_StdDevReq
                0x0000000008009070       0xe4 ./Middlewares/ST/STM32_USB_Device_Library/Core/Src/usbd_ctlreq.o
                0x0000000008009070                USBD_StdDevReq
 .text.USBD_StdItfReq
                0x0000000008009154       0xd8 ./Middlewares/ST/STM32_USB_Device_Library/Core/Src/usbd_ctlreq.o
                0x0000000008009154                USBD_StdItfReq
 .text.USBD_StdEPReq
                0x000000000800922c      0x33a ./Middlewares/ST/STM32_USB_Device_Library/Core/Src/usbd_ctlreq.o
                0x000000000800922c                USBD_StdEPReq
 *fill*         0x0000000008009566        0x2 
 .text.USBD_GetDescriptor
                0x0000000008009568      0x2d4 ./Middlewares/ST/STM32_USB_Device_Library/Core/Src/usbd_ctlreq.o
 .text.USBD_SetAddress
                0x000000000800983c       0x88 ./Middlewares/ST/STM32_USB_Device_Library/Core/Src/usbd_ctlreq.o
 .text.USBD_SetConfig
                0x00000000080098c4      0x154 ./Middlewares/ST/STM32_USB_Device_Library/Core/Src/usbd_ctlreq.o
 .text.USBD_GetConfig
                0x0000000008009a18       0x6c ./Middlewares/ST/STM32_USB_Device_Library/Core/Src/usbd_ctlreq.o
 .text.USBD_GetStatus
                0x0000000008009a84       0x68 ./Middlewares/ST/STM32_USB_Device_Library/Core/Src/usbd_ctlreq.o
 .text.USBD_SetFeature
                0x0000000008009aec       0x52 ./Middlewares/ST/STM32_USB_Device_Library/Core/Src/usbd_ctlreq.o
 .text.USBD_ClrFeature
                0x0000000008009b3e       0x44 ./Middlewares/ST/STM32_USB_Device_Library/Core/Src/usbd_ctlreq.o
 .text.USBD_ParseSetupRequest
                0x0000000008009b82       0x74 ./Middlewares/ST/STM32_USB_Device_Library/Core/Src/usbd_ctlreq.o
                0x0000000008009b82                USBD_ParseSetupRequest
 .text.USBD_CtlError
                0x0000000008009bf6       0x22 ./Middlewares/ST/STM32_USB_Device_Library/Core/Src/usbd_ctlreq.o
                0x0000000008009bf6                USBD_CtlError
 .text.USBD_GetString
                0x0000000008009c18       0x8c ./Middlewares/ST/STM32_USB_Device_Library/Core/Src/usbd_ctlreq.o
                0x0000000008009c18                USBD_GetString
 .text.USBD_GetLen
                0x0000000008009ca4       0x34 ./Middlewares/ST/STM32_USB_Device_Library/Core/Src/usbd_ctlreq.o
 .text.USBD_CtlSendData
                0x0000000008009cd8       0x36 ./Middlewares/ST/STM32_USB_Device_Library/Core/Src/usbd_ioreq.o
                0x0000000008009cd8                USBD_CtlSendData
 .text.USBD_CtlContinueSendData
                0x0000000008009d0e       0x22 ./Middlewares/ST/STM32_USB_Device_Library/Core/Src/usbd_ioreq.o
                0x0000000008009d0e                USBD_CtlContinueSendData
 .text.USBD_CtlPrepareRx
                0x0000000008009d30       0x3a ./Middlewares/ST/STM32_USB_Device_Library/Core/Src/usbd_ioreq.o
                0x0000000008009d30                USBD_CtlPrepareRx
 .text.USBD_CtlContinueRx
                0x0000000008009d6a       0x22 ./Middlewares/ST/STM32_USB_Device_Library/Core/Src/usbd_ioreq.o
                0x0000000008009d6a                USBD_CtlContinueRx
 .text.USBD_CtlSendStatus
                0x0000000008009d8c       0x26 ./Middlewares/ST/STM32_USB_Device_Library/Core/Src/usbd_ioreq.o
                0x0000000008009d8c                USBD_CtlSendStatus
 .text.USBD_CtlReceiveStatus
                0x0000000008009db2       0x26 ./Middlewares/ST/STM32_USB_Device_Library/Core/Src/usbd_ioreq.o
                0x0000000008009db2                USBD_CtlReceiveStatus
 .text.makeFreeRtosPriority
                0x0000000008009dd8       0x30 ./Middlewares/Third_Party/FreeRTOS/Source/CMSIS_RTOS/cmsis_os.o
 .text.inHandlerMode
                0x0000000008009e08       0x24 ./Middlewares/Third_Party/FreeRTOS/Source/CMSIS_RTOS/cmsis_os.o
 .text.osKernelStart
                0x0000000008009e2c        0xe ./Middlewares/Third_Party/FreeRTOS/Source/CMSIS_RTOS/cmsis_os.o
                0x0000000008009e2c                osKernelStart
 .text.osKernelSysTick
                0x0000000008009e3a       0x20 ./Middlewares/Third_Party/FreeRTOS/Source/CMSIS_RTOS/cmsis_os.o
                0x0000000008009e3a                osKernelSysTick
 .text.osThreadCreate
                0x0000000008009e5a       0x4e ./Middlewares/Third_Party/FreeRTOS/Source/CMSIS_RTOS/cmsis_os.o
                0x0000000008009e5a                osThreadCreate
 .text.osDelay  0x0000000008009ea8       0x28 ./Middlewares/Third_Party/FreeRTOS/Source/CMSIS_RTOS/cmsis_os.o
                0x0000000008009ea8                osDelay
 .text.osDelayUntil
                0x0000000008009ed0       0x2c ./Middlewares/Third_Party/FreeRTOS/Source/CMSIS_RTOS/cmsis_os.o
                0x0000000008009ed0                osDelayUntil
 .text.vListInitialise
                0x0000000008009efc       0x40 ./Middlewares/Third_Party/FreeRTOS/Source/list.o
                0x0000000008009efc                vListInitialise
 .text.vListInitialiseItem
                0x0000000008009f3c       0x1a ./Middlewares/Third_Party/FreeRTOS/Source/list.o
                0x0000000008009f3c                vListInitialiseItem
 .text.vListInsertEnd
                0x0000000008009f56       0x48 ./Middlewares/Third_Party/FreeRTOS/Source/list.o
                0x0000000008009f56                vListInsertEnd
 .text.vListInsert
                0x0000000008009f9e       0x72 ./Middlewares/Third_Party/FreeRTOS/Source/list.o
                0x0000000008009f9e                vListInsert
 .text.uxListRemove
                0x000000000800a010       0x54 ./Middlewares/Third_Party/FreeRTOS/Source/list.o
                0x000000000800a010                uxListRemove
 .text.xTaskCreate
                0x000000000800a064       0x82 ./Middlewares/Third_Party/FreeRTOS/Source/tasks.o
                0x000000000800a064                xTaskCreate
 *fill*         0x000000000800a0e6        0x2 
 .text.prvInitialiseNewTask
                0x000000000800a0e8      0x14c ./Middlewares/Third_Party/FreeRTOS/Source/tasks.o
 .text.prvAddNewTaskToReadyList
                0x000000000800a234       0xd4 ./Middlewares/Third_Party/FreeRTOS/Source/tasks.o
 .text.vTaskDelayUntil
                0x000000000800a308       0xfc ./Middlewares/Third_Party/FreeRTOS/Source/tasks.o
                0x000000000800a308                vTaskDelayUntil
 .text.vTaskDelay
                0x000000000800a404       0x68 ./Middlewares/Third_Party/FreeRTOS/Source/tasks.o
                0x000000000800a404                vTaskDelay
 .text.vTaskStartScheduler
                0x000000000800a46c       0xa0 ./Middlewares/Third_Party/FreeRTOS/Source/tasks.o
                0x000000000800a46c                vTaskStartScheduler
 .text.vTaskSuspendAll
                0x000000000800a50c       0x1c ./Middlewares/Third_Party/FreeRTOS/Source/tasks.o
                0x000000000800a50c                vTaskSuspendAll
 .text.xTaskResumeAll
                0x000000000800a528      0x138 ./Middlewares/Third_Party/FreeRTOS/Source/tasks.o
                0x000000000800a528                xTaskResumeAll
 .text.xTaskGetTickCount
                0x000000000800a660       0x20 ./Middlewares/Third_Party/FreeRTOS/Source/tasks.o
                0x000000000800a660                xTaskGetTickCount
 .text.xTaskGetTickCountFromISR
                0x000000000800a680       0x24 ./Middlewares/Third_Party/FreeRTOS/Source/tasks.o
                0x000000000800a680                xTaskGetTickCountFromISR
 .text.xTaskIncrementTick
                0x000000000800a6a4      0x170 ./Middlewares/Third_Party/FreeRTOS/Source/tasks.o
                0x000000000800a6a4                xTaskIncrementTick
 .text.vTaskSwitchContext
                0x000000000800a814      0x110 ./Middlewares/Third_Party/FreeRTOS/Source/tasks.o
                0x000000000800a814                vTaskSwitchContext
 .text.prvIdleTask
                0x000000000800a924       0x30 ./Middlewares/Third_Party/FreeRTOS/Source/tasks.o
 .text.prvInitialiseTaskLists
                0x000000000800a954       0x80 ./Middlewares/Third_Party/FreeRTOS/Source/tasks.o
 .text.prvCheckTasksWaitingTermination
                0x000000000800a9d4       0x5c ./Middlewares/Third_Party/FreeRTOS/Source/tasks.o
 .text.prvDeleteTCB
                0x000000000800aa30       0x2a ./Middlewares/Third_Party/FreeRTOS/Source/tasks.o
 *fill*         0x000000000800aa5a        0x2 
 .text.prvResetNextTaskUnblockTime
                0x000000000800aa5c       0x40 ./Middlewares/Third_Party/FreeRTOS/Source/tasks.o
 .text.prvAddCurrentTaskToDelayedList
                0x000000000800aa9c       0xcc ./Middlewares/Third_Party/FreeRTOS/Source/tasks.o
 .text.pxPortInitialiseStack
                0x000000000800ab68       0x68 ./Middlewares/Third_Party/FreeRTOS/Source/portable/GCC/ARM_CM4F/port.o
                0x000000000800ab68                pxPortInitialiseStack
 .text.prvTaskExitError
                0x000000000800abd0       0x58 ./Middlewares/Third_Party/FreeRTOS/Source/portable/GCC/ARM_CM4F/port.o
 *fill*         0x000000000800ac28        0x8 
 .text.SVC_Handler
                0x000000000800ac30       0x28 ./Middlewares/Third_Party/FreeRTOS/Source/portable/GCC/ARM_CM4F/port.o
                0x000000000800ac30                SVC_Handler
 .text.prvPortStartFirstTask
                0x000000000800ac58       0x28 ./Middlewares/Third_Party/FreeRTOS/Source/portable/GCC/ARM_CM4F/port.o
 .text.xPortStartScheduler
                0x000000000800ac80      0x144 ./Middlewares/Third_Party/FreeRTOS/Source/portable/GCC/ARM_CM4F/port.o
                0x000000000800ac80                xPortStartScheduler
 .text.vPortEnterCritical
                0x000000000800adc4       0x60 ./Middlewares/Third_Party/FreeRTOS/Source/portable/GCC/ARM_CM4F/port.o
                0x000000000800adc4                vPortEnterCritical
 .text.vPortExitCritical
                0x000000000800ae24       0x54 ./Middlewares/Third_Party/FreeRTOS/Source/portable/GCC/ARM_CM4F/port.o
                0x000000000800ae24                vPortExitCritical
 *fill*         0x000000000800ae78        0x8 
 .text.PendSV_Handler
                0x000000000800ae80       0x68 ./Middlewares/Third_Party/FreeRTOS/Source/portable/GCC/ARM_CM4F/port.o
                0x000000000800ae80                PendSV_Handler
 .text.SysTick_Handler
                0x000000000800aee8       0x44 ./Middlewares/Third_Party/FreeRTOS/Source/portable/GCC/ARM_CM4F/port.o
                0x000000000800aee8                SysTick_Handler
 .text.vPortSetupTimerInterrupt
                0x000000000800af2c       0x48 ./Middlewares/Third_Party/FreeRTOS/Source/portable/GCC/ARM_CM4F/port.o
                0x000000000800af2c                vPortSetupTimerInterrupt
 .text.vPortEnableVFP
                0x000000000800af74       0x14 ./Middlewares/Third_Party/FreeRTOS/Source/portable/GCC/ARM_CM4F/port.o
 .text.vPortValidateInterruptPriority
                0x000000000800af88       0x80 ./Middlewares/Third_Party/FreeRTOS/Source/portable/GCC/ARM_CM4F/port.o
                0x000000000800af88                vPortValidateInterruptPriority
 .text.pvPortMalloc
                0x000000000800b008      0x1a0 ./Middlewares/Third_Party/FreeRTOS/Source/portable/MemMang/heap_4.o
                0x000000000800b008                pvPortMalloc
 .text.vPortFree
                0x000000000800b1a8       0xc4 ./Middlewares/Third_Party/FreeRTOS/Source/portable/MemMang/heap_4.o
                0x000000000800b1a8                vPortFree
 .text.prvHeapInit
                0x000000000800b26c       0xc4 ./Middlewares/Third_Party/FreeRTOS/Source/portable/MemMang/heap_4.o
 .text.prvInsertBlockIntoFreeList
                0x000000000800b330       0xb4 ./Middlewares/Third_Party/FreeRTOS/Source/portable/MemMang/heap_4.o
 .text.MX_USB_DEVICE_Init
                0x000000000800b3e4       0x60 ./USB_DEVICE/App/usb_device.o
                0x000000000800b3e4                MX_USB_DEVICE_Init
 .text.CDC_Init_FS
                0x000000000800b444       0x28 ./USB_DEVICE/App/usbd_cdc_if.o
 .text.CDC_DeInit_FS
                0x000000000800b46c       0x10 ./USB_DEVICE/App/usbd_cdc_if.o
 .text.CDC_Control_FS
                0x000000000800b47c       0xbc ./USB_DEVICE/App/usbd_cdc_if.o
 .text.CDC_Receive_FS
                0x000000000800b538       0x1c ./USB_DEVICE/App/usbd_cdc_if.o
 .text.CDC_TransmitCplt_FS
                0x000000000800b554       0x2a ./USB_DEVICE/App/usbd_cdc_if.o
 *fill*         0x000000000800b57e        0x2 
 .text.USBD_FS_DeviceDescriptor
                0x000000000800b580       0x24 ./USB_DEVICE/App/usbd_desc.o
                0x000000000800b580                USBD_FS_DeviceDescriptor
 .text.USBD_FS_LangIDStrDescriptor
                0x000000000800b5a4       0x24 ./USB_DEVICE/App/usbd_desc.o
                0x000000000800b5a4                USBD_FS_LangIDStrDescriptor
 .text.USBD_FS_ProductStrDescriptor
                0x000000000800b5c8       0x3c ./USB_DEVICE/App/usbd_desc.o
                0x000000000800b5c8                USBD_FS_ProductStrDescriptor
 .text.USBD_FS_ManufacturerStrDescriptor
                0x000000000800b604       0x28 ./USB_DEVICE/App/usbd_desc.o
                0x000000000800b604                USBD_FS_ManufacturerStrDescriptor
 .text.USBD_FS_SerialStrDescriptor
                0x000000000800b62c       0x24 ./USB_DEVICE/App/usbd_desc.o
                0x000000000800b62c                USBD_FS_SerialStrDescriptor
 .text.USBD_FS_ConfigStrDescriptor
                0x000000000800b650       0x3c ./USB_DEVICE/App/usbd_desc.o
                0x000000000800b650                USBD_FS_ConfigStrDescriptor
 .text.USBD_FS_InterfaceStrDescriptor
                0x000000000800b68c       0x3c ./USB_DEVICE/App/usbd_desc.o
                0x000000000800b68c                USBD_FS_InterfaceStrDescriptor
 .text.Get_SerialNum
                0x000000000800b6c8       0x58 ./USB_DEVICE/App/usbd_desc.o
 .text.IntToUnicode
                0x000000000800b720       0x7e ./USB_DEVICE/App/usbd_desc.o
 *fill*         0x000000000800b79e        0x2 
 .text.HAL_PCD_MspInit
                0x000000000800b7a0       0xa8 ./USB_DEVICE/Target/usbd_conf.o
                0x000000000800b7a0                HAL_PCD_MspInit
 .text.HAL_PCD_SetupStageCallback
                0x000000000800b848       0x24 ./USB_DEVICE/Target/usbd_conf.o
                0x000000000800b848                HAL_PCD_SetupStageCallback
 .text.HAL_PCD_DataOutStageCallback
                0x000000000800b86c       0x36 ./USB_DEVICE/Target/usbd_conf.o
                0x000000000800b86c                HAL_PCD_DataOutStageCallback
 .text.HAL_PCD_DataInStageCallback
                0x000000000800b8a2       0x34 ./USB_DEVICE/Target/usbd_conf.o
                0x000000000800b8a2                HAL_PCD_DataInStageCallback
 .text.HAL_PCD_SOFCallback
                0x000000000800b8d6       0x1c ./USB_DEVICE/Target/usbd_conf.o
                0x000000000800b8d6                HAL_PCD_SOFCallback
 .text.HAL_PCD_ResetCallback
                0x000000000800b8f2       0x50 ./USB_DEVICE/Target/usbd_conf.o
                0x000000000800b8f2                HAL_PCD_ResetCallback
 *fill*         0x000000000800b942        0x2 
 .text.HAL_PCD_SuspendCallback
                0x000000000800b944       0x4c ./USB_DEVICE/Target/usbd_conf.o
                0x000000000800b944                HAL_PCD_SuspendCallback
 .text.HAL_PCD_ResumeCallback
                0x000000000800b990       0x1c ./USB_DEVICE/Target/usbd_conf.o
                0x000000000800b990                HAL_PCD_ResumeCallback
 .text.HAL_PCD_ISOOUTIncompleteCallback
                0x000000000800b9ac       0x24 ./USB_DEVICE/Target/usbd_conf.o
                0x000000000800b9ac                HAL_PCD_ISOOUTIncompleteCallback
 .text.HAL_PCD_ISOINIncompleteCallback
                0x000000000800b9d0       0x24 ./USB_DEVICE/Target/usbd_conf.o
                0x000000000800b9d0                HAL_PCD_ISOINIncompleteCallback
 .text.HAL_PCD_ConnectCallback
                0x000000000800b9f4       0x1c ./USB_DEVICE/Target/usbd_conf.o
                0x000000000800b9f4                HAL_PCD_ConnectCallback
 .text.HAL_PCD_DisconnectCallback
                0x000000000800ba10       0x1c ./USB_DEVICE/Target/usbd_conf.o
                0x000000000800ba10                HAL_PCD_DisconnectCallback
 .text.USBD_LL_Init
                0x000000000800ba2c       0x98 ./USB_DEVICE/Target/usbd_conf.o
                0x000000000800ba2c                USBD_LL_Init
 .text.USBD_LL_Start
                0x000000000800bac4       0x36 ./USB_DEVICE/Target/usbd_conf.o
                0x000000000800bac4                USBD_LL_Start
 .text.USBD_LL_OpenEP
                0x000000000800bafa       0x4c ./USB_DEVICE/Target/usbd_conf.o
                0x000000000800bafa                USBD_LL_OpenEP
 .text.USBD_LL_CloseEP
                0x000000000800bb46       0x3e ./USB_DEVICE/Target/usbd_conf.o
                0x000000000800bb46                USBD_LL_CloseEP
 .text.USBD_LL_StallEP
                0x000000000800bb84       0x3e ./USB_DEVICE/Target/usbd_conf.o
                0x000000000800bb84                USBD_LL_StallEP
 .text.USBD_LL_ClearStallEP
                0x000000000800bbc2       0x3e ./USB_DEVICE/Target/usbd_conf.o
                0x000000000800bbc2                USBD_LL_ClearStallEP
 .text.USBD_LL_IsStallEP
                0x000000000800bc00       0x58 ./USB_DEVICE/Target/usbd_conf.o
                0x000000000800bc00                USBD_LL_IsStallEP
 .text.USBD_LL_SetUSBAddress
                0x000000000800bc58       0x3e ./USB_DEVICE/Target/usbd_conf.o
                0x000000000800bc58                USBD_LL_SetUSBAddress
 .text.USBD_LL_Transmit
                0x000000000800bc96       0x42 ./USB_DEVICE/Target/usbd_conf.o
                0x000000000800bc96                USBD_LL_Transmit
 .text.USBD_LL_PrepareReceive
                0x000000000800bcd8       0x42 ./USB_DEVICE/Target/usbd_conf.o
                0x000000000800bcd8                USBD_LL_PrepareReceive
 .text.USBD_LL_GetRxDataSize
                0x000000000800bd1a       0x26 ./USB_DEVICE/Target/usbd_conf.o
                0x000000000800bd1a                USBD_LL_GetRxDataSize
 .text.USBD_static_malloc
                0x000000000800bd40       0x1c ./USB_DEVICE/Target/usbd_conf.o
                0x000000000800bd40                USBD_static_malloc
 .text.USBD_static_free
                0x000000000800bd5c       0x14 ./USB_DEVICE/Target/usbd_conf.o
                0x000000000800bd5c                USBD_static_free
 .text.USBD_Get_USB_Status
                0x000000000800bd70       0x58 ./USB_DEVICE/Target/usbd_conf.o
                0x000000000800bd70                USBD_Get_USB_Status
 .text.toggle_led_green
                0x000000000800bdc8       0x20 ./usbCommunication/application/blinky_task.o
                0x000000000800bdc8                toggle_led_green
 .text.blinky_task
                0x000000000800bde8       0xcc ./usbCommunication/application/blinky_task.o
                0x000000000800bde8                blinky_task
 .text.hw_init  0x000000000800beb4        0xc ./usbCommunication/application/init.o
                0x000000000800beb4                hw_init
 .text.task_init
                0x000000000800bec0       0x88 ./usbCommunication/application/init.o
                0x000000000800bec0                task_init
 .text.timer_task
                0x000000000800bf48       0xa8 ./usbCommunication/application/timer_task.o
                0x000000000800bf48                timer_task
 .text.soft_timer_register
                0x000000000800bff0       0x80 ./usbCommunication/application/timer_task.o
                0x000000000800bff0                soft_timer_register
 .text.int32_to_bytes
                0x000000000800c070       0x8c ./usbCommunication/application/usbCommunication_task.o
                0x000000000800c070                int32_to_bytes
 .text.bytes_to_int32
                0x000000000800c0fc       0x70 ./usbCommunication/application/usbCommunication_task.o
                0x000000000800c0fc                bytes_to_int32
 .text.usb_send
                0x000000000800c16c       0x44 ./usbCommunication/application/usbCommunication_task.o
                0x000000000800c16c                usb_send
 .text.usb_rcv_callback
                0x000000000800c1b0       0x3c ./usbCommunication/application/usbCommunication_task.o
 .text.usbComm_task
                0x000000000800c1ec       0x30 ./usbCommunication/application/usbCommunication_task.o
                0x000000000800c1ec                usbComm_task
 .text.fifo_s_init
                0x000000000800c21c       0x44 ./usbCommunication/components/support/fifo.o
                0x000000000800c21c                fifo_s_init
 .text.fifo_s_puts
                0x000000000800c260       0xfa ./usbCommunication/components/support/fifo.o
                0x000000000800c260                fifo_s_puts
 .text.fifo_s_gets_noprotect
                0x000000000800c35a       0xd6 ./usbCommunication/components/support/fifo.o
                0x000000000800c35a                fifo_s_gets_noprotect
 .text.TimerISR_Hook
                0x000000000800c430       0x58 ./usbCommunication/components/utilities/soft_timer.o
                0x000000000800c430                TimerISR_Hook
 .text.soft_timer_init
                0x000000000800c488       0x44 ./usbCommunication/components/utilities/soft_timer.o
                0x000000000800c488                soft_timer_init
 .text.soft_timer_req
                0x000000000800c4cc       0x74 ./usbCommunication/components/utilities/soft_timer.o
                0x000000000800c4cc                soft_timer_req
 .text.soft_timer_update
                0x000000000800c540       0x68 ./usbCommunication/components/utilities/soft_timer.o
                0x000000000800c540                soft_timer_update
 .text.soft_timer_check
                0x000000000800c5a8       0x60 ./usbCommunication/components/utilities/soft_timer.o
                0x000000000800c5a8                soft_timer_check
 .text.usb_vcp_init
                0x000000000800c608       0x60 ./usbCommunication/components/utilities/usb_vcp_extension.o
                0x000000000800c608                usb_vcp_init
 .text.usb_vcp_receive_processing
                0x000000000800c668       0x58 ./usbCommunication/components/utilities/usb_vcp_extension.o
                0x000000000800c668                usb_vcp_receive_processing
 .text.usb_vcp_transmit_callback_processing
                0x000000000800c6c0       0x18 ./usbCommunication/components/utilities/usb_vcp_extension.o
                0x000000000800c6c0                usb_vcp_transmit_callback_processing
 .text.transmit_processing_stm32_default
                0x000000000800c6d8       0x4c ./usbCommunication/components/utilities/usb_vcp_extension.o
                0x000000000800c6d8                transmit_processing_stm32_default
 .text.usb_vcp_tx_write_fifo
                0x000000000800c724       0x34 ./usbCommunication/components/utilities/usb_vcp_extension.o
                0x000000000800c724                usb_vcp_tx_write_fifo
 .text.usb_vcp_rx_callback_register
                0x000000000800c758       0x48 ./usbCommunication/components/utilities/usb_vcp_extension.o
                0x000000000800c758                usb_vcp_rx_callback_register
 .text.set_usb_tx_need_flushing
                0x000000000800c7a0       0x38 ./usbCommunication/components/utilities/usb_vcp_extension.o
                0x000000000800c7a0                set_usb_tx_need_flushing
 .text.usb_tx_flush
                0x000000000800c7d8       0x84 ./usbCommunication/components/utilities/usb_vcp_extension.o
                0x000000000800c7d8                usb_tx_flush
 .text.usb_tx_flush_run
                0x000000000800c85c       0x24 ./usbCommunication/components/utilities/usb_vcp_extension.o
                0x000000000800c85c                usb_tx_flush_run
 .text.__malloc_lock
                0x000000000800c880        0xc /Applications/STM32CubeIDE.app/Contents/Eclipse/plugins/com.st.stm32cube.ide.mcu.externaltools.gnu-tools-for-stm32.11.3.rel1.macos64_1.1.100.202310310803/tools/bin/../lib/gcc/arm-none-eabi/11.3.1/../../../../arm-none-eabi/lib/thumb/v7e-m+fp/hard/libc_nano.a(libc_a-mlock.o)
                0x000000000800c880                __malloc_lock
 .text.__malloc_unlock
                0x000000000800c88c        0xc /Applications/STM32CubeIDE.app/Contents/Eclipse/plugins/com.st.stm32cube.ide.mcu.externaltools.gnu-tools-for-stm32.11.3.rel1.macos64_1.1.100.202310310803/tools/bin/../lib/gcc/arm-none-eabi/11.3.1/../../../../arm-none-eabi/lib/thumb/v7e-m+fp/hard/libc_nano.a(libc_a-mlock.o)
                0x000000000800c88c                __malloc_unlock
 .text.memset   0x000000000800c898       0x10 /Applications/STM32CubeIDE.app/Contents/Eclipse/plugins/com.st.stm32cube.ide.mcu.externaltools.gnu-tools-for-stm32.11.3.rel1.macos64_1.1.100.202310310803/tools/bin/../lib/gcc/arm-none-eabi/11.3.1/../../../../arm-none-eabi/lib/thumb/v7e-m+fp/hard/libc_nano.a(libc_a-memset.o)
                0x000000000800c898                memset
 .text._reclaim_reent
                0x000000000800c8a8       0xac /Applications/STM32CubeIDE.app/Contents/Eclipse/plugins/com.st.stm32cube.ide.mcu.externaltools.gnu-tools-for-stm32.11.3.rel1.macos64_1.1.100.202310310803/tools/bin/../lib/gcc/arm-none-eabi/11.3.1/../../../../arm-none-eabi/lib/thumb/v7e-m+fp/hard/libc_nano.a(libc_a-reent.o)
                0x000000000800c8a8                _reclaim_reent
 .text.__libc_init_array
                0x000000000800c954       0x48 /Applications/STM32CubeIDE.app/Contents/Eclipse/plugins/com.st.stm32cube.ide.mcu.externaltools.gnu-tools-for-stm32.11.3.rel1.macos64_1.1.100.202310310803/tools/bin/../lib/gcc/arm-none-eabi/11.3.1/../../../../arm-none-eabi/lib/thumb/v7e-m+fp/hard/libc_nano.a(libc_a-init.o)
                0x000000000800c954                __libc_init_array
 .text.__retarget_lock_acquire_recursive
                0x000000000800c99c        0x2 /Applications/STM32CubeIDE.app/Contents/Eclipse/plugins/com.st.stm32cube.ide.mcu.externaltools.gnu-tools-for-stm32.11.3.rel1.macos64_1.1.100.202310310803/tools/bin/../lib/gcc/arm-none-eabi/11.3.1/../../../../arm-none-eabi/lib/thumb/v7e-m+fp/hard/libc_nano.a(libc_a-lock.o)
                0x000000000800c99c                __retarget_lock_acquire_recursive
 .text.__retarget_lock_release_recursive
                0x000000000800c99e        0x2 /Applications/STM32CubeIDE.app/Contents/Eclipse/plugins/com.st.stm32cube.ide.mcu.externaltools.gnu-tools-for-stm32.11.3.rel1.macos64_1.1.100.202310310803/tools/bin/../lib/gcc/arm-none-eabi/11.3.1/../../../../arm-none-eabi/lib/thumb/v7e-m+fp/hard/libc_nano.a(libc_a-lock.o)
                0x000000000800c99e                __retarget_lock_release_recursive
 .text.memcpy   0x000000000800c9a0       0x1c /Applications/STM32CubeIDE.app/Contents/Eclipse/plugins/com.st.stm32cube.ide.mcu.externaltools.gnu-tools-for-stm32.11.3.rel1.macos64_1.1.100.202310310803/tools/bin/../lib/gcc/arm-none-eabi/11.3.1/../../../../arm-none-eabi/lib/thumb/v7e-m+fp/hard/libc_nano.a(libc_a-memcpy-stub.o)
                0x000000000800c9a0                memcpy
 .text._free_r  0x000000000800c9bc       0x98 /Applications/STM32CubeIDE.app/Contents/Eclipse/plugins/com.st.stm32cube.ide.mcu.externaltools.gnu-tools-for-stm32.11.3.rel1.macos64_1.1.100.202310310803/tools/bin/../lib/gcc/arm-none-eabi/11.3.1/../../../../arm-none-eabi/lib/thumb/v7e-m+fp/hard/libc_nano.a(libc_a-freer.o)
                0x000000000800c9bc                _free_r
 *(.glue_7)
 .glue_7        0x000000000800ca54        0x0 linker stubs
 *(.glue_7t)
 .glue_7t       0x000000000800ca54        0x0 linker stubs
 *(.eh_frame)
 .eh_frame      0x000000000800ca54        0x0 /Applications/STM32CubeIDE.app/Contents/Eclipse/plugins/com.st.stm32cube.ide.mcu.externaltools.gnu-tools-for-stm32.11.3.rel1.macos64_1.1.100.202310310803/tools/bin/../lib/gcc/arm-none-eabi/11.3.1/thumb/v7e-m+fp/hard/crtbegin.o
 *(.init)
 .init          0x000000000800ca54        0x4 /Applications/STM32CubeIDE.app/Contents/Eclipse/plugins/com.st.stm32cube.ide.mcu.externaltools.gnu-tools-for-stm32.11.3.rel1.macos64_1.1.100.202310310803/tools/bin/../lib/gcc/arm-none-eabi/11.3.1/thumb/v7e-m+fp/hard/crti.o
                0x000000000800ca54                _init
 .init          0x000000000800ca58        0x8 /Applications/STM32CubeIDE.app/Contents/Eclipse/plugins/com.st.stm32cube.ide.mcu.externaltools.gnu-tools-for-stm32.11.3.rel1.macos64_1.1.100.202310310803/tools/bin/../lib/gcc/arm-none-eabi/11.3.1/thumb/v7e-m+fp/hard/crtn.o
 *(.fini)
 .fini          0x000000000800ca60        0x4 /Applications/STM32CubeIDE.app/Contents/Eclipse/plugins/com.st.stm32cube.ide.mcu.externaltools.gnu-tools-for-stm32.11.3.rel1.macos64_1.1.100.202310310803/tools/bin/../lib/gcc/arm-none-eabi/11.3.1/thumb/v7e-m+fp/hard/crti.o
                0x000000000800ca60                _fini
 .fini          0x000000000800ca64        0x8 /Applications/STM32CubeIDE.app/Contents/Eclipse/plugins/com.st.stm32cube.ide.mcu.externaltools.gnu-tools-for-stm32.11.3.rel1.macos64_1.1.100.202310310803/tools/bin/../lib/gcc/arm-none-eabi/11.3.1/thumb/v7e-m+fp/hard/crtn.o
                0x000000000800ca6c                . = ALIGN (0x4)
                0x000000000800ca6c                _etext = .

.vfp11_veneer   0x000000000800ca6c        0x0
 .vfp11_veneer  0x000000000800ca6c        0x0 linker stubs

.v4_bx          0x000000000800ca6c        0x0
 .v4_bx         0x000000000800ca6c        0x0 linker stubs

.iplt           0x000000000800ca6c        0x0
 .iplt          0x000000000800ca6c        0x0 /Applications/STM32CubeIDE.app/Contents/Eclipse/plugins/com.st.stm32cube.ide.mcu.externaltools.gnu-tools-for-stm32.11.3.rel1.macos64_1.1.100.202310310803/tools/bin/../lib/gcc/arm-none-eabi/11.3.1/thumb/v7e-m+fp/hard/crtbegin.o

.rodata         0x000000000800ca6c       0xf4
                0x000000000800ca6c                . = ALIGN (0x4)
 *(.rodata)
 .rodata        0x000000000800ca6c       0x20 ./Core/Src/freertos.o
 .rodata        0x000000000800ca8c        0x5 ./Middlewares/Third_Party/FreeRTOS/Source/tasks.o
 *fill*         0x000000000800ca91        0x3 
 .rodata        0x000000000800ca94       0x46 ./USB_DEVICE/App/usbd_desc.o
 *fill*         0x000000000800cada        0x2 
 .rodata        0x000000000800cadc       0x64 ./usbCommunication/application/init.o
 *(.rodata*)
 .rodata.AHBPrescTable
                0x000000000800cb40       0x10 ./Core/Src/system_stm32f4xx.o
                0x000000000800cb40                AHBPrescTable
 .rodata.APBPrescTable
                0x000000000800cb50        0x8 ./Core/Src/system_stm32f4xx.o
                0x000000000800cb50                APBPrescTable
 .rodata.flagBitshiftOffset.0
                0x000000000800cb58        0x8 ./Drivers/STM32F4xx_HAL_Driver/Src/stm32f4xx_hal_dma.o
                0x000000000800cb60                . = ALIGN (0x4)

.ARM.extab      0x000000000800cb60        0x0
                0x000000000800cb60                . = ALIGN (0x4)
 *(.ARM.extab* .gnu.linkonce.armextab.*)
                0x000000000800cb60                . = ALIGN (0x4)

.ARM            0x000000000800cb60        0x8
                0x000000000800cb60                . = ALIGN (0x4)
                0x000000000800cb60                __exidx_start = .
 *(.ARM.exidx*)
 .ARM.exidx     0x000000000800cb60        0x8 /Applications/STM32CubeIDE.app/Contents/Eclipse/plugins/com.st.stm32cube.ide.mcu.externaltools.gnu-tools-for-stm32.11.3.rel1.macos64_1.1.100.202310310803/tools/bin/../lib/gcc/arm-none-eabi/11.3.1/thumb/v7e-m+fp/hard/libgcc.a(_udivmoddi4.o)
                0x000000000800cb68                __exidx_end = .
                0x000000000800cb68                . = ALIGN (0x4)

.rel.dyn        0x000000000800cb68        0x0
 .rel.iplt      0x000000000800cb68        0x0 /Applications/STM32CubeIDE.app/Contents/Eclipse/plugins/com.st.stm32cube.ide.mcu.externaltools.gnu-tools-for-stm32.11.3.rel1.macos64_1.1.100.202310310803/tools/bin/../lib/gcc/arm-none-eabi/11.3.1/thumb/v7e-m+fp/hard/crtbegin.o

.preinit_array  0x000000000800cb68        0x0
                0x000000000800cb68                . = ALIGN (0x4)
                0x000000000800cb68                PROVIDE (__preinit_array_start = .)
 *(.preinit_array*)
                0x000000000800cb68                PROVIDE (__preinit_array_end = .)
                0x000000000800cb68                . = ALIGN (0x4)

.init_array     0x000000000800cb68        0x4
                0x000000000800cb68                . = ALIGN (0x4)
                0x000000000800cb68                PROVIDE (__init_array_start = .)
 *(SORT_BY_NAME(.init_array.*))
 *(.init_array*)
 .init_array    0x000000000800cb68        0x4 /Applications/STM32CubeIDE.app/Contents/Eclipse/plugins/com.st.stm32cube.ide.mcu.externaltools.gnu-tools-for-stm32.11.3.rel1.macos64_1.1.100.202310310803/tools/bin/../lib/gcc/arm-none-eabi/11.3.1/thumb/v7e-m+fp/hard/crtbegin.o
                0x000000000800cb6c                PROVIDE (__init_array_end = .)
                0x000000000800cb6c                . = ALIGN (0x4)

.fini_array     0x000000000800cb6c        0x4
                0x000000000800cb6c                . = ALIGN (0x4)
                [!provide]                        PROVIDE (__fini_array_start = .)
 *(SORT_BY_NAME(.fini_array.*))
 *(.fini_array*)
 .fini_array    0x000000000800cb6c        0x4 /Applications/STM32CubeIDE.app/Contents/Eclipse/plugins/com.st.stm32cube.ide.mcu.externaltools.gnu-tools-for-stm32.11.3.rel1.macos64_1.1.100.202310310803/tools/bin/../lib/gcc/arm-none-eabi/11.3.1/thumb/v7e-m+fp/hard/crtbegin.o
                [!provide]                        PROVIDE (__fini_array_end = .)
                0x000000000800cb70                . = ALIGN (0x4)
                0x000000000800cb70                _sidata = LOADADDR (.data)

.data           0x0000000020000000      0x150 load address 0x000000000800cb70
                0x0000000020000000                . = ALIGN (0x4)
                0x0000000020000000                _sdata = .
 *(.data)
 *(.data*)
 .data.SystemCoreClock
                0x0000000020000000        0x4 ./Core/Src/system_stm32f4xx.o
                0x0000000020000000                SystemCoreClock
 .data.uwTickPrio
                0x0000000020000004        0x4 ./Drivers/STM32F4xx_HAL_Driver/Src/stm32f4xx_hal.o
                0x0000000020000004                uwTickPrio
 .data.uwTickFreq
                0x0000000020000008        0x1 ./Drivers/STM32F4xx_HAL_Driver/Src/stm32f4xx_hal.o
                0x0000000020000008                uwTickFreq
 *fill*         0x0000000020000009        0x3 
 .data.USBD_CDC_DeviceQualifierDesc
                0x000000002000000c        0xa ./Middlewares/ST/STM32_USB_Device_Library/Class/CDC/Src/usbd_cdc.o
 *fill*         0x0000000020000016        0x2 
 .data.USBD_CDC
                0x0000000020000018       0x38 ./Middlewares/ST/STM32_USB_Device_Library/Class/CDC/Src/usbd_cdc.o
                0x0000000020000018                USBD_CDC
 .data.USBD_CDC_CfgDesc
                0x0000000020000050       0x43 ./Middlewares/ST/STM32_USB_Device_Library/Class/CDC/Src/usbd_cdc.o
 .data.CDCInEpAdd
                0x0000000020000093        0x1 ./Middlewares/ST/STM32_USB_Device_Library/Class/CDC/Src/usbd_cdc.o
 .data.CDCOutEpAdd
                0x0000000020000094        0x1 ./Middlewares/ST/STM32_USB_Device_Library/Class/CDC/Src/usbd_cdc.o
 .data.CDCCmdEpAdd
                0x0000000020000095        0x1 ./Middlewares/ST/STM32_USB_Device_Library/Class/CDC/Src/usbd_cdc.o
 *fill*         0x0000000020000096        0x2 
 .data.uxCriticalNesting
                0x0000000020000098        0x4 ./Middlewares/Third_Party/FreeRTOS/Source/portable/GCC/ARM_CM4F/port.o
 .data.USBD_Interface_fops_FS
                0x000000002000009c       0x14 ./USB_DEVICE/App/usbd_cdc_if.o
                0x000000002000009c                USBD_Interface_fops_FS
 .data.FS_Desc  0x00000000200000b0       0x1c ./USB_DEVICE/App/usbd_desc.o
                0x00000000200000b0                FS_Desc
 .data.USBD_FS_DeviceDesc
                0x00000000200000cc       0x12 ./USB_DEVICE/App/usbd_desc.o
                0x00000000200000cc                USBD_FS_DeviceDesc
 *fill*         0x00000000200000de        0x2 
 .data.USBD_LangIDDesc
                0x00000000200000e0        0x4 ./USB_DEVICE/App/usbd_desc.o
                0x00000000200000e0                USBD_LangIDDesc
 .data.USBD_StringSerial
                0x00000000200000e4       0x1a ./USB_DEVICE/App/usbd_desc.o
                0x00000000200000e4                USBD_StringSerial
 .data.test_fifo
                0x00000000200000fe        0x1 ./usbCommunication/application/usbCommunication_task.o
                0x00000000200000fe                test_fifo
 .data._usb_vcp_use_fifo
                0x00000000200000ff        0x1 ./usbCommunication/components/utilities/usb_vcp_extension.o
                0x00000000200000ff                _usb_vcp_use_fifo
 .data._impure_data
                0x0000000020000100       0x4c /Applications/STM32CubeIDE.app/Contents/Eclipse/plugins/com.st.stm32cube.ide.mcu.externaltools.gnu-tools-for-stm32.11.3.rel1.macos64_1.1.100.202310310803/tools/bin/../lib/gcc/arm-none-eabi/11.3.1/../../../../arm-none-eabi/lib/thumb/v7e-m+fp/hard/libc_nano.a(libc_a-impure.o)
                0x0000000020000100                _impure_data
 .data._impure_ptr
                0x000000002000014c        0x4 /Applications/STM32CubeIDE.app/Contents/Eclipse/plugins/com.st.stm32cube.ide.mcu.externaltools.gnu-tools-for-stm32.11.3.rel1.macos64_1.1.100.202310310803/tools/bin/../lib/gcc/arm-none-eabi/11.3.1/../../../../arm-none-eabi/lib/thumb/v7e-m+fp/hard/libc_nano.a(libc_a-impure.o)
                0x000000002000014c                _impure_ptr
 *(.RamFunc)
 *(.RamFunc*)
                0x0000000020000150                . = ALIGN (0x4)
                0x0000000020000150                _edata = .
                0x000000000800ccc0                _siccmram = LOADADDR (.ccmram)

.igot.plt       0x0000000020000150        0x0 load address 0x000000000800ccc0
 .igot.plt      0x0000000020000150        0x0 /Applications/STM32CubeIDE.app/Contents/Eclipse/plugins/com.st.stm32cube.ide.mcu.externaltools.gnu-tools-for-stm32.11.3.rel1.macos64_1.1.100.202310310803/tools/bin/../lib/gcc/arm-none-eabi/11.3.1/thumb/v7e-m+fp/hard/crtbegin.o

.ccmram         0x0000000010000000        0x0 load address 0x000000000800ccc0
                0x0000000010000000                . = ALIGN (0x4)
                0x0000000010000000                _sccmram = .
 *(.ccmram)
 *(.ccmram*)
                0x0000000010000000                . = ALIGN (0x4)
                0x0000000010000000                _eccmram = .
                0x0000000010000000                . = ALIGN (0x4)

.bss            0x0000000020000150    0x12414
                0x0000000020000150                _sbss = .
                0x0000000020000150                __bss_start__ = _sbss
 *(.bss)
 .bss           0x0000000020000150       0x1c /Applications/STM32CubeIDE.app/Contents/Eclipse/plugins/com.st.stm32cube.ide.mcu.externaltools.gnu-tools-for-stm32.11.3.rel1.macos64_1.1.100.202310310803/tools/bin/../lib/gcc/arm-none-eabi/11.3.1/thumb/v7e-m+fp/hard/crtbegin.o
 *(.bss*)
 .bss.hcan1     0x000000002000016c       0x28 ./Core/Src/can.o
                0x000000002000016c                hcan1
 .bss.hcan2     0x0000000020000194       0x28 ./Core/Src/can.o
                0x0000000020000194                hcan2
 .bss.HAL_RCC_CAN1_CLK_ENABLED
                0x00000000200001bc        0x4 ./Core/Src/can.o
 .bss.defaultTaskHandle
                0x00000000200001c0        0x4 ./Core/Src/freertos.o
                0x00000000200001c0                defaultTaskHandle
 .bss.hspi5     0x00000000200001c4       0x58 ./Core/Src/spi.o
                0x00000000200001c4                hspi5
 .bss.htim5     0x000000002000021c       0x48 ./Core/Src/stm32f4xx_hal_timebase_tim.o
                0x000000002000021c                htim5
 .bss.htim1     0x0000000020000264       0x48 ./Core/Src/tim.o
                0x0000000020000264                htim1
 .bss.htim2     0x00000000200002ac       0x48 ./Core/Src/tim.o
                0x00000000200002ac                htim2
 .bss.htim3     0x00000000200002f4       0x48 ./Core/Src/tim.o
                0x00000000200002f4                htim3
 .bss.htim12    0x000000002000033c       0x48 ./Core/Src/tim.o
                0x000000002000033c                htim12
 .bss.huart3    0x0000000020000384       0x48 ./Core/Src/usart.o
                0x0000000020000384                huart3
 .bss.huart6    0x00000000200003cc       0x48 ./Core/Src/usart.o
                0x00000000200003cc                huart6
 .bss.hdma_usart6_rx
                0x0000000020000414       0x60 ./Core/Src/usart.o
                0x0000000020000414                hdma_usart6_rx
 .bss.hdma_usart6_tx
                0x0000000020000474       0x60 ./Core/Src/usart.o
                0x0000000020000474                hdma_usart6_tx
 .bss.uwTick    0x00000000200004d4        0x4 ./Drivers/STM32F4xx_HAL_Driver/Src/stm32f4xx_hal.o
                0x00000000200004d4                uwTick
 .bss.cfgidx.0  0x00000000200004d8        0x1 ./Middlewares/ST/STM32_USB_Device_Library/Core/Src/usbd_ctlreq.o
 *fill*         0x00000000200004d9        0x3 
 .bss.pxCurrentTCB