../Core/Src/stm32f4xx_it.c:78:6:NMI_Handler	4	static
../Core/Src/stm32f4xx_it.c:93:6:HardFault_Handler	4	static
../Core/Src/stm32f4xx_it.c:111:6:MemManage_Handler	4	static
../Core/Src/stm32f4xx_it.c:126:6:BusFault_Handler	4	static
../Core/Src/stm32f4xx_it.c:141:6:UsageFault_Handler	4	static
../Core/Src/stm32f4xx_it.c:156:6:DebugMon_Handler	4	static
../Core/Src/stm32f4xx_it.c:176:6:CAN1_TX_IRQHandler	8	static
../Core/Src/stm32f4xx_it.c:190:6:CAN1_RX0_IRQHandler	8	static
../Core/Src/stm32f4xx_it.c:204:6:TIM2_IRQHandler	8	static
../Core/Src/stm32f4xx_it.c:218:6:TIM5_IRQHandler	8	static
../Core/Src/stm32f4xx_it.c:232:6:DMA2_Stream1_IRQHandler	8	static
../Core/Src/stm32f4xx_it.c:246:6:OTG_FS_IRQHandler	8	static
../Core/Src/stm32f4xx_it.c:260:6:DMA2_Stream6_IRQHandler	8	static
../Core/Src/stm32f4xx_it.c:274:6:USART6_IRQHandler	8	static
