../protocolTest/application/protocolTest_task.c:14:6:protocol_test_task_init	8	static
../protocolTest/application/protocolTest_task.c:22:6:protocol_test_task	32	static
../protocolTest/application/protocolTest_task.c:43:9:chassis_speed_ctrl	16	static
../protocolTest/application/protocolTest_task.c:51:9:chassis_spd_acc_ctrl	16	static
../protocolTest/application/protocolTest_task.c:60:9:chassis_push_info	16	static
../protocolTest/application/protocolTest_task.c:75:9:report_firmware_version	16	static
../protocolTest/application/protocolTest_task.c:79:9:manifold2_heart_package	16	static
