18:47:30 **** Incremental Build of configuration Debug for project miniBot_serial ****
make -j7 all 
arm-none-eabi-gcc "../miniBot-serial/application/mb_protocol_task.c" -mcpu=cortex-m4 -std=gnu11 -g3 -DDEBUG -DUSE_HAL_DRIVER -DSTM32F427xx -c -I../Core/Inc -I../USB_DEVICE/App -I../USB_DEVICE/Target -I../Drivers/STM32F4xx_HAL_Driver/Inc -I../Drivers/STM32F4xx_HAL_Driver/Inc/Legacy -I../Middlewares/Third_Party/FreeRTOS/Source/include -I../Middlewares/Third_Party/FreeRTOS/Source/CMSIS_RTOS -I../Middlewares/Third_Party/FreeRTOS/Source/portable/GCC/ARM_CM4F -I../Middlewares/ST/STM32_USB_Device_Library/Core/Inc -I../Middlewares/ST/STM32_USB_Device_Library/Class/CDC/Inc -I../Drivers/CMSIS/Device/ST/STM32F4xx/Include -I../Drivers/CMSIS/Include -I../miniBot-serial/application -I../miniBot-serial/components/object -I../miniBot-serial/components/support -I../miniBot-serial/components/utilities -I../miniBot-serial/application/mb_protocol -O0 -ffunction-sections -fdata-sections -Wall -fstack-usage -fcyclomatic-complexity -MMD -MP -MF"miniBot-serial/application/mb_protocol_task.d" -MT"miniBot-serial/application/mb_protocol_task.o" --specs=nano.specs -mfpu=fpv4-sp-d16 -mfloat-abi=hard -mthumb -o "miniBot-serial/application/mb_protocol_task.o"
../miniBot-serial/application/mb_protocol_task.c: In function 'usb_send':
../miniBot-serial/application/mb_protocol_task.c:10:3: warning: implicit declaration of function 'force_send' [-Wimplicit-function-declaration]
   10 |   force_send(buf, 4);
      |   ^~~~~~~~~~
../miniBot-serial/application/mb_protocol_task.c: In function 'usb_rcv_callback':
../miniBot-serial/application/mb_protocol_task.c:18:14: warning: implicit declaration of function 'get_response' [-Wimplicit-function-declaration]
   18 |     usb_send(get_response());
      |              ^~~~~~~~~~~~
arm-none-eabi-gcc -o "miniBot_serial.elf" @"objects.list"   -mcpu=cortex-m4 -T"/Users/bentjh01/Documents/01_NTU/FYP/project/devBoardA_UnitTests/stm32_ws/miniBot_serial/STM32F427IIHX_FLASH.ld" --specs=nosys.specs -Wl,-Map="miniBot_serial.map" -Wl,--gc-sections -static --specs=nano.specs -mfpu=fpv4-sp-d16 -mfloat-abi=hard -mthumb -Wl,--start-group -lc -lm -Wl,--end-group
/Applications/STM32CubeIDE.app/Contents/Eclipse/plugins/com.st.stm32cube.ide.mcu.externaltools.gnu-tools-for-stm32.11.3.rel1.macos64_1.1.100.202310310803/tools/bin/../lib/gcc/arm-none-eabi/11.3.1/../../../../arm-none-eabi/bin/ld: /Applications/STM32CubeIDE.app/Contents/Eclipse/plugins/com.st.stm32cube.ide.mcu.externaltools.gnu-tools-for-stm32.11.3.rel1.macos64_1.1.100.202310310803/tools/bin/../lib/gcc/arm-none-eabi/11.3.1/../../../../arm-none-eabi/lib/thumb/v7e-m+fp/hard/libc_nano.a(libc_a-closer.o): in function `_close_r':
(.text._close_r+0xc): warning: _close is not implemented and will always fail
/Applications/STM32CubeIDE.app/Contents/Eclipse/plugins/com.st.stm32cube.ide.mcu.externaltools.gnu-tools-for-stm32.11.3.rel1.macos64_1.1.100.202310310803/tools/bin/../lib/gcc/arm-none-eabi/11.3.1/../../../../arm-none-eabi/bin/ld: /Applications/STM32CubeIDE.app/Contents/Eclipse/plugins/com.st.stm32cube.ide.mcu.externaltools.gnu-tools-for-stm32.11.3.rel1.macos64_1.1.100.202310310803/tools/bin/../lib/gcc/arm-none-eabi/11.3.1/../../../../arm-none-eabi/lib/thumb/v7e-m+fp/hard/libc_nano.a(libc_a-lseekr.o): in function `_lseek_r':
(.text._lseek_r+0x10): warning: _lseek is not implemented and will always fail
/Applications/STM32CubeIDE.app/Contents/Eclipse/plugins/com.st.stm32cube.ide.mcu.externaltools.gnu-tools-for-stm32.11.3.rel1.macos64_1.1.100.202310310803/tools/bin/../lib/gcc/arm-none-eabi/11.3.1/../../../../arm-none-eabi/bin/ld: /Applications/STM32CubeIDE.app/Contents/Eclipse/plugins/com.st.stm32cube.ide.mcu.externaltools.gnu-tools-for-stm32.11.3.rel1.macos64_1.1.100.202310310803/tools/bin/../lib/gcc/arm-none-eabi/11.3.1/../../../../arm-none-eabi/lib/thumb/v7e-m+fp/hard/libc_nano.a(libc_a-readr.o): in function `_read_r':
(.text._read_r+0x10): warning: _read is not implemented and will always fail
/Applications/STM32CubeIDE.app/Contents/Eclipse/plugins/com.st.stm32cube.ide.mcu.externaltools.gnu-tools-for-stm32.11.3.rel1.macos64_1.1.100.202310310803/tools/bin/../lib/gcc/arm-none-eabi/11.3.1/../../../../arm-none-eabi/bin/ld: /Applications/STM32CubeIDE.app/Contents/Eclipse/plugins/com.st.stm32cube.ide.mcu.externaltools.gnu-tools-for-stm32.11.3.rel1.macos64_1.1.100.202310310803/tools/bin/../lib/gcc/arm-none-eabi/11.3.1/../../../../arm-none-eabi/lib/thumb/v7e-m+fp/hard/libc_nano.a(libc_a-writer.o): in function `_write_r':
(.text._write_r+0x10): warning: _write is not implemented and will always fail
Finished building target: miniBot_serial.elf
 
arm-none-eabi-size  miniBot_serial.elf 
arm-none-eabi-objdump -h -S miniBot_serial.elf  > "miniBot_serial.list"
   text	   data	    bss	    dec	    hex	filename
  52720	    344	  76432	 129496	  1f9d8	miniBot_serial.elf
Finished building: default.size.stdout
 
Finished building: miniBot_serial.list
 
18:47:45 **** Incremental Build of configuration Debug for project miniBot_serial ****
make -j7 all 
arm-none-eabi-size  miniBot_serial.elf 
   text	   data	    bss	    dec	    hex	filename
  52720	    344	  76432	 129496	  1f9d8	miniBot_serial.elf
Finished building: default.size.stdout
 
18:52:08 **** Incremental Build of configuration Debug for project miniBot_serial ****
make -j7 all 
arm-none-eabi-size  miniBot_serial.elf 
   text	   data	    bss	    dec	    hex	filename
  52720	    344	  76432	 129496	  1f9d8	miniBot_serial.elf
Finished building: default.size.stdout
 
