01:46:17 **** Incremental Build of configuration Debug for project protocolTest ****
make -j7 all 
arm-none-eabi-gcc "../protocolTest/application/protocolTest_task.c" -mcpu=cortex-m4 -std=gnu11 -g3 -DDEBUG -DUSE_HAL_DRIVER -DSTM32F427xx -c -I../Core/Inc -I../USB_DEVICE/App -I../USB_DEVICE/Target -I../Drivers/STM32F4xx_HAL_Driver/Inc -I../Drivers/STM32F4xx_HAL_Driver/Inc/Legacy -I../Middlewares/Third_Party/FreeRTOS/Source/include -I../Middlewares/Third_Party/FreeRTOS/Source/CMSIS_RTOS -I../Middlewares/Third_Party/FreeRTOS/Source/portable/GCC/ARM_CM4F -I../Middlewares/ST/STM32_USB_Device_Library/Core/Inc -I../Middlewares/ST/STM32_USB_Device_Library/Class/CDC/Inc -I../Drivers/CMSIS/Device/ST/STM32F4xx/Include -I../Drivers/CMSIS/Include -I../protocolTest/application -I../protocolTest/components/object -I../protocolTest/usbVCP -I../protocolTest/application/protocol -I../protocolTest/utilities -I../protocolTest/components/support -I../protocolTest/utilities/ulog -I../protocolTest/components/usbVCP -I../protocolTest/bsp -O0 -ffunction-sections -fdata-sections -Wall -fstack-usage -fcyclomatic-complexity -MMD -MP -MF"protocolTest/application/protocolTest_task.d" -MT"protocolTest/application/protocolTest_task.o" --specs=nano.specs -mfpu=fpv4-sp-d16 -mfloat-abi=hard -mthumb -o "protocolTest/application/protocolTest_task.o"
../protocolTest/application/protocolTest_task.c: In function 'protocol_test_task':
../protocolTest/application/protocolTest_task.c:31:35: warning: variable 'pspeed' set but not used [-Wunused-but-set-variable]
   31 |         struct cmd_chassis_speed *pspeed;
      |                                   ^~~~~~
../protocolTest/application/protocolTest_task.c: At top level:
../protocolTest/application/protocolTest_task.c:11:16: warning: 'chassis_spd_acc_ctrl' declared 'static' but never defined [-Wunused-function]
   11 | static int32_t chassis_spd_acc_ctrl(uint8_t *buff, uint16_t len);
      |                ^~~~~~~~~~~~~~~~~~~~
arm-none-eabi-gcc -o "protocolTest.elf" @"objects.list"   -mcpu=cortex-m4 -T"/Users/bentjh01/Documents/01_NTU/FYP/project/devBoardA_UnitTests/stm32_ws/protocolTest/STM32F427IIHX_FLASH.ld" --specs=nosys.specs -Wl,-Map="protocolTest.map" -Wl,--gc-sections -static --specs=nano.specs -mfpu=fpv4-sp-d16 -mfloat-abi=hard -mthumb -Wl,--start-group -lc -lm -Wl,--end-group
Finished building target: protocolTest.elf
 
arm-none-eabi-size  protocolTest.elf 
arm-none-eabi-objdump -h -S protocolTest.elf  > "protocolTest.list"
   text	   data	    bss	    dec	    hex	filename
  66408	    344	 140184	 206936	  32858	protocolTest.elf
Finished building: default.size.stdout
 
Finished building: protocolTest.list
 

01:46:19 Build Finished. 0 errors, 2 warnings. (took 1s.801ms)

