../usbCommunication/modules/gimbal.c:27:9:gimbal_cascade_register	128	static
../usbCommunication/modules/gimbal.c:93:9:gimbal_set_pitch_delta	16	static
../usbCommunication/modules/gimbal.c:109:9:gimbal_set_yaw_delta	16	static
../usbCommunication/modules/gimbal.c:126:9:gimbal_set_pitch_speed	16	static
../usbCommunication/modules/gimbal.c:143:9:gimbal_set_yaw_speed	16	static
../usbCommunication/modules/gimbal.c:160:9:gimbal_set_pitch_angle	24	static
../usbCommunication/modules/gimbal.c:183:9:gimbal_set_yaw_angle	24	static
../usbCommunication/modules/gimbal.c:201:9:gimbal_set_pitch_mode	16	static
../usbCommunication/modules/gimbal.c:224:9:gimbal_set_yaw_mode	16	static
../usbCommunication/modules/gimbal.c:247:9:gimbal_set_offset	16	static
../usbCommunication/modules/gimbal.c:258:9:gimbal_pitch_enable	16	static
../usbCommunication/modules/gimbal.c:268:9:gimbal_pitch_disable	16	static
../usbCommunication/modules/gimbal.c:278:9:gimbal_yaw_enable	16	static
../usbCommunication/modules/gimbal.c:288:9:gimbal_yaw_disable	16	static
../usbCommunication/modules/gimbal.c:298:9:gimbal_execute	64	static
../usbCommunication/modules/gimbal.c:367:9:gimbal_rate_update	24	static
../usbCommunication/modules/gimbal.c:378:9:gimbal_yaw_gyro_update	16	static
../usbCommunication/modules/gimbal.c:388:9:gimbal_pitch_gyro_update	16	static
../usbCommunication/modules/gimbal.c:398:9:gimbal_get_info	16	static
../usbCommunication/modules/gimbal.c:417:10:gimbal_find	24	static
../usbCommunication/modules/gimbal.c:426:16:gimbal_get_ecd_angle	24	static
../usbCommunication/modules/gimbal.c:446:16:gimbal_set_yaw_gyro_angle	40	static
../usbCommunication/modules/gimbal.c:495:16:yaw_gyro_input_convert	24	static
../usbCommunication/modules/gimbal.c:504:16:yaw_ecd_input_convert	24	static
../usbCommunication/modules/gimbal.c:513:16:pitch_gyro_input_convert	24	static
../usbCommunication/modules/gimbal.c:522:16:pitch_ecd_input_convert	24	static
