Archive member included to satisfy reference by file (symbol)

/Applications/STM32CubeIDE.app/Contents/Eclipse/plugins/com.st.stm32cube.ide.mcu.externaltools.gnu-tools-for-stm32.11.3.rel1.macos64_1.1.100.202310310803/tools/bin/../lib/gcc/arm-none-eabi/11.3.1/../../../../arm-none-eabi/lib/thumb/v7e-m+fp/hard/libc_nano.a(libc_a-exit.o)
                              /Applications/STM32CubeIDE.app/Contents/Eclipse/plugins/com.st.stm32cube.ide.mcu.externaltools.gnu-tools-for-stm32.11.3.rel1.macos64_1.1.100.202310310803/tools/bin/../lib/gcc/arm-none-eabi/11.3.1/../../../../arm-none-eabi/lib/thumb/v7e-m+fp/hard/crt0.o (exit)
/Applications/STM32CubeIDE.app/Contents/Eclipse/plugins/com.st.stm32cube.ide.mcu.externaltools.gnu-tools-for-stm32.11.3.rel1.macos64_1.1.100.202310310803/tools/bin/../lib/gcc/arm-none-eabi/11.3.1/../../../../arm-none-eabi/lib/thumb/v7e-m+fp/hard/libc_nano.a(libc_a-findfp.o)
                              ./Middlewares/Third_Party/FreeRTOS/Source/tasks.o (__sf)
/Applications/STM32CubeIDE.app/Contents/Eclipse/plugins/com.st.stm32cube.ide.mcu.externaltools.gnu-tools-for-stm32.11.3.rel1.macos64_1.1.100.202310310803/tools/bin/../lib/gcc/arm-none-eabi/11.3.1/../../../../arm-none-eabi/lib/thumb/v7e-m+fp/hard/libc_nano.a(libc_a-fwalk.o)
                              /Applications/STM32CubeIDE.app/Contents/Eclipse/plugins/com.st.stm32cube.ide.mcu.externaltools.gnu-tools-for-stm32.11.3.rel1.macos64_1.1.100.202310310803/tools/bin/../lib/gcc/arm-none-eabi/11.3.1/../../../../arm-none-eabi/lib/thumb/v7e-m+fp/hard/libc_nano.a(libc_a-findfp.o) (_fwalk_sglue)
/Applications/STM32CubeIDE.app/Contents/Eclipse/plugins/com.st.stm32cube.ide.mcu.externaltools.gnu-tools-for-stm32.11.3.rel1.macos64_1.1.100.202310310803/tools/bin/../lib/gcc/arm-none-eabi/11.3.1/../../../../arm-none-eabi/lib/thumb/v7e-m+fp/hard/libc_nano.a(libc_a-memset.o)
                              /Applications/STM32CubeIDE.app/Contents/Eclipse/plugins/com.st.stm32cube.ide.mcu.externaltools.gnu-tools-for-stm32.11.3.rel1.macos64_1.1.100.202310310803/tools/bin/../lib/gcc/arm-none-eabi/11.3.1/../../../../arm-none-eabi/lib/thumb/v7e-m+fp/hard/crt0.o (memset)
/Applications/STM32CubeIDE.app/Contents/Eclipse/plugins/com.st.stm32cube.ide.mcu.externaltools.gnu-tools-for-stm32.11.3.rel1.macos64_1.1.100.202310310803/tools/bin/../lib/gcc/arm-none-eabi/11.3.1/../../../../arm-none-eabi/lib/thumb/v7e-m+fp/hard/libc_nano.a(libc_a-reent.o)
                              ./Middlewares/Third_Party/FreeRTOS/Source/tasks.o (_reclaim_reent)
/Applications/STM32CubeIDE.app/Contents/Eclipse/plugins/com.st.stm32cube.ide.mcu.externaltools.gnu-tools-for-stm32.11.3.rel1.macos64_1.1.100.202310310803/tools/bin/../lib/gcc/arm-none-eabi/11.3.1/../../../../arm-none-eabi/lib/thumb/v7e-m+fp/hard/libc_nano.a(libc_a-impure.o)
                              ./Middlewares/Third_Party/FreeRTOS/Source/tasks.o (_impure_ptr)
/Applications/STM32CubeIDE.app/Contents/Eclipse/plugins/com.st.stm32cube.ide.mcu.externaltools.gnu-tools-for-stm32.11.3.rel1.macos64_1.1.100.202310310803/tools/bin/../lib/gcc/arm-none-eabi/11.3.1/../../../../arm-none-eabi/lib/thumb/v7e-m+fp/hard/libc_nano.a(libc_a-errno.o)
                              ./Core/Src/syscalls.o (__errno)
/Applications/STM32CubeIDE.app/Contents/Eclipse/plugins/com.st.stm32cube.ide.mcu.externaltools.gnu-tools-for-stm32.11.3.rel1.macos64_1.1.100.202310310803/tools/bin/../lib/gcc/arm-none-eabi/11.3.1/../../../../arm-none-eabi/lib/thumb/v7e-m+fp/hard/libc_nano.a(libc_a-init.o)
                              /Applications/STM32CubeIDE.app/Contents/Eclipse/plugins/com.st.stm32cube.ide.mcu.externaltools.gnu-tools-for-stm32.11.3.rel1.macos64_1.1.100.202310310803/tools/bin/../lib/gcc/arm-none-eabi/11.3.1/../../../../arm-none-eabi/lib/thumb/v7e-m+fp/hard/crt0.o (__libc_init_array)
/Applications/STM32CubeIDE.app/Contents/Eclipse/plugins/com.st.stm32cube.ide.mcu.externaltools.gnu-tools-for-stm32.11.3.rel1.macos64_1.1.100.202310310803/tools/bin/../lib/gcc/arm-none-eabi/11.3.1/../../../../arm-none-eabi/lib/thumb/v7e-m+fp/hard/libc_nano.a(libc_a-lock.o)
                              /Applications/STM32CubeIDE.app/Contents/Eclipse/plugins/com.st.stm32cube.ide.mcu.externaltools.gnu-tools-for-stm32.11.3.rel1.macos64_1.1.100.202310310803/tools/bin/../lib/gcc/arm-none-eabi/11.3.1/../../../../arm-none-eabi/lib/thumb/v7e-m+fp/hard/libc_nano.a(libc_a-findfp.o) (__retarget_lock_init_recursive)
/Applications/STM32CubeIDE.app/Contents/Eclipse/plugins/com.st.stm32cube.ide.mcu.externaltools.gnu-tools-for-stm32.11.3.rel1.macos64_1.1.100.202310310803/tools/bin/../lib/gcc/arm-none-eabi/11.3.1/../../../../arm-none-eabi/lib/thumb/v7e-m+fp/hard/libc_nano.a(libc_a-memcpy-stub.o)
                              ./Middlewares/Third_Party/FreeRTOS/Source/queue.o (memcpy)
[...]
Memory Configuration

Name             Origin             Length             Attributes
CCMRAM           0x0000000010000000 0x0000000000010000 xrw
RAM              0x0000000020000000 0x0000000000030000 xrw
FLASH            0x0000000008000000 0x0000000000200000 xr
*default*        0x0000000000000000 0xffffffffffffffff

Linker script and memory map

LOAD /Applications/STM32CubeIDE.app/Contents/Eclipse/plugins/com.st.stm32cube.ide.mcu.externaltools.gnu-tools-for-stm32.11.3.rel1.macos64_1.1.100.202310310803/tools/bin/../lib/gcc/arm-none-eabi/11.3.1/thumb/v7e-m+fp/hard/crti.o
LOAD /Applications/STM32CubeIDE.app/Contents/Eclipse/plugins/com.st.stm32cube.ide.mcu.externaltools.gnu-tools-for-stm32.11.3.rel1.macos64_1.1.100.202310310803/tools/bin/../lib/gcc/arm-none-eabi/11.3.1/thumb/v7e-m+fp/hard/crtbegin.o
LOAD /Applications/STM32CubeIDE.app/Contents/Eclipse/plugins/com.st.stm32cube.ide.mcu.externaltools.gnu-tools-for-stm32.11.3.rel1.macos64_1.1.100.202310310803/tools/bin/../lib/gcc/arm-none-eabi/11.3.1/../../../../arm-none-eabi/lib/thumb/v7e-m+fp/hard/crt0.o
LOAD ./Core/Src/can.o
LOAD ./Core/Src/freertos.o
LOAD ./Core/Src/gpio.o
LOAD ./Core/Src/main.o
LOAD ./Core/Src/spi.o
LOAD ./Core/Src/stm32f4xx_hal_msp.o
LOAD ./Core/Src/stm32f4xx_hal_timebase_tim.o
LOAD ./Core/Src/stm32f4xx_it.o
LOAD ./Core/Src/syscalls.o
LOAD ./Core/Src/sysmem.o
LOAD ./Core/Src/system_stm32f4xx.o
LOAD ./Core/Src/tim.o
LOAD ./Core/Startup/startup_stm32f427iihx.o
LOAD ./Drivers/STM32F4xx_HAL_Driver/Src/stm32f4xx_hal.o
LOAD ./Drivers/STM32F4xx_HAL_Driver/Src/stm32f4xx_hal_can.o
LOAD ./Drivers/STM32F4xx_HAL_Driver/Src/stm32f4xx_hal_cortex.o
LOAD ./Drivers/STM32F4xx_HAL_Driver/Src/stm32f4xx_hal_dma.o
LOAD ./Drivers/STM32F4xx_HAL_Driver/Src/stm32f4xx_hal_dma_ex.o
LOAD ./Drivers/STM32F4xx_HAL_Driver/Src/stm32f4xx_hal_exti.o
LOAD ./Drivers/STM32F4xx_HAL_Driver/Src/stm32f4xx_hal_flash.o
LOAD ./Drivers/STM32F4xx_HAL_Driver/Src/stm32f4xx_hal_flash_ex.o
LOAD ./Drivers/STM32F4xx_HAL_Driver/Src/stm32f4xx_hal_flash_ramfunc.o
LOAD ./Drivers/STM32F4xx_HAL_Driver/Src/stm32f4xx_hal_gpio.o
LOAD ./Drivers/STM32F4xx_HAL_Driver/Src/stm32f4xx_hal_pcd.o
LOAD ./Drivers/STM32F4xx_HAL_Driver/Src/stm32f4xx_hal_pcd_ex.o
LOAD ./Drivers/STM32F4xx_HAL_Driver/Src/stm32f4xx_hal_pwr.o
LOAD ./Drivers/STM32F4xx_HAL_Driver/Src/stm32f4xx_hal_pwr_ex.o
LOAD ./Drivers/STM32F4xx_HAL_Driver/Src/stm32f4xx_hal_rcc.o
LOAD ./Drivers/STM32F4xx_HAL_Driver/Src/stm32f4xx_hal_rcc_ex.o
LOAD ./Drivers/STM32F4xx_HAL_Driver/Src/stm32f4xx_hal_spi.o
LOAD ./Drivers/STM32F4xx_HAL_Driver/Src/stm32f4xx_hal_tim.o
LOAD ./Drivers/STM32F4xx_HAL_Driver/Src/stm32f4xx_hal_tim_ex.o
LOAD ./Drivers/STM32F4xx_HAL_Driver/Src/stm32f4xx_ll_usb.o
LOAD ./Middlewares/ST/STM32_USB_Device_Library/Class/CDC/Src/usbd_cdc.o
LOAD ./Middlewares/ST/STM32_USB_Device_Library/Core/Src/usbd_core.o
LOAD ./Middlewares/ST/STM32_USB_Device_Library/Core/Src/usbd_ctlreq.o
LOAD ./Middlewares/ST/STM32_USB_Device_Library/Core/Src/usbd_ioreq.o
LOAD ./Middlewares/Third_Party/FreeRTOS/Source/CMSIS_RTOS/cmsis_os.o
LOAD ./Middlewares/Third_Party/FreeRTOS/Source/croutine.o
LOAD ./Middlewares/Third_Party/FreeRTOS/Source/event_groups.o
LOAD ./Middlewares/Third_Party/FreeRTOS/Source/list.o
LOAD ./Middlewares/Third_Party/FreeRTOS/Source/queue.o
LOAD ./Middlewares/Third_Party/FreeRTOS/Source/stream_buffer.o
LOAD ./Middlewares/Third_Party/FreeRTOS/Source/tasks.o
LOAD ./Middlewares/Third_Party/FreeRTOS/Source/timers.o
LOAD ./Middlewares/Third_Party/FreeRTOS/Source/portable/GCC/ARM_CM4F/port.o
LOAD ./Middlewares/Third_Party/FreeRTOS/Source/portable/MemMang/heap_4.o
LOAD ./USB_DEVICE/App/usb_device.o
LOAD ./USB_DEVICE/App/usbd_cdc_if.o
LOAD ./USB_DEVICE/App/usbd_desc.o
LOAD ./USB_DEVICE/Target/usbd_conf.o
LOAD ./imuTest/application/blinky_task.o
LOAD ./imuTest/application/imuTest.o
LOAD ./imuTest/application/imu_task.o
LOAD ./imuTest/components/drv_imu.o
LOAD ./imuTest/components/madgwick_ahrs.o
LOAD ./imuTest/components/mahony_ahrs.o
START GROUP
LOAD /Applications/STM32CubeIDE.app/Contents/Eclipse/plugins/com.st.stm32cube.ide.mcu.externaltools.gnu-tools-for-stm32.11.3.rel1.macos64_1.1.100.202310310803/tools/bin/../lib/gcc/arm-none-eabi/11.3.1/../../../../arm-none-eabi/lib/thumb/v7e-m+fp/hard/libc_nano.a
LOAD /Applications/STM32CubeIDE.app/Contents/Eclipse/plugins/com.st.stm32cube.ide.mcu.externaltools.gnu-tools-for-stm32.11.3.rel1.macos64_1.1.100.202310310803/tools/bin/../lib/gcc/arm-none-eabi/11.3.1/../../../../arm-none-eabi/lib/thumb/v7e-m+fp/hard/libm.a
END GROUP
START GROUP
LOAD /Applications/STM32CubeIDE.app/Contents/Eclipse/plugins/com.st.stm32cube.ide.mcu.externaltools.gnu-tools-for-stm32.11.3.rel1.macos64_1.1.100.202310310803/tools/bin/../lib/gcc/arm-none-eabi/11.3.1/thumb/v7e-m+fp/hard/libgcc.a
LOAD /Applications/STM32CubeIDE.app/Contents/Eclipse/plugins/com.st.stm32cube.ide.mcu.externaltools.gnu-tools-for-stm32.11.3.rel1.macos64_1.1.100.202310310803/tools/bin/../lib/gcc/arm-none-eabi/11.3.1/../../../../arm-none-eabi/lib/thumb/v7e-m+fp/hard/libc_nano.a
END GROUP
START GROUP
LOAD /Applications/STM32CubeIDE.app/Contents/Eclipse/plugins/com.st.stm32cube.ide.mcu.externaltools.gnu-tools-for-stm32.11.3.rel1.macos64_1.1.100.202310310803/tools/bin/../lib/gcc/arm-none-eabi/11.3.1/thumb/v7e-m+fp/hard/libgcc.a
LOAD /Applications/STM32CubeIDE.app/Contents/Eclipse/plugins/com.st.stm32cube.ide.mcu.externaltools.gnu-tools-for-stm32.11.3.rel1.macos64_1.1.100.202310310803/tools/bin/../lib/gcc/arm-none-eabi/11.3.1/../../../../arm-none-eabi/lib/thumb/v7e-m+fp/hard/libc_nano.a
LOAD /Applications/STM32CubeIDE.app/Contents/Eclipse/plugins/com.st.stm32cube.ide.mcu.externaltools.gnu-tools-for-stm32.11.3.rel1.macos64_1.1.100.202310310803/tools/bin/../lib/gcc/arm-none-eabi/11.3.1/../../../../arm-none-eabi/lib/thumb/v7e-m+fp/hard/libnosys.a
END GROUP
START GROUP
LOAD /Applications/STM32CubeIDE.app/Contents/Eclipse/plugins/com.st.stm32cube.ide.mcu.externaltools.gnu-tools-for-stm32.11.3.rel1.macos64_1.1.100.202310310803/tools/bin/../lib/gcc/arm-none-eabi/11.3.1/thumb/v7e-m+fp/hard/libgcc.a
LOAD /Applications/STM32CubeIDE.app/Contents/Eclipse/plugins/com.st.stm32cube.ide.mcu.externaltools.gnu-tools-for-stm32.11.3.rel1.macos64_1.1.100.202310310803/tools/bin/../lib/gcc/arm-none-eabi/11.3.1/../../../../arm-none-eabi/lib/thumb/v7e-m+fp/hard/libc_nano.a
LOAD /Applications/STM32CubeIDE.app/Contents/Eclipse/plugins/com.st.stm32cube.ide.mcu.externaltools.gnu-tools-for-stm32.11.3.rel1.macos64_1.1.100.202310310803/tools/bin/../lib/gcc/arm-none-eabi/11.3.1/../../../../arm-none-eabi/lib/thumb/v7e-m+fp/hard/libnosys.a
END GROUP
LOAD /Applications/STM32CubeIDE.app/Contents/Eclipse/plugins/com.st.stm32cube.ide.mcu.externaltools.gnu-tools-for-stm32.11.3.rel1.macos64_1.1.100.202310310803/tools/bin/../lib/gcc/arm-none-eabi/11.3.1/thumb/v7e-m+fp/hard/crtend.o
LOAD /Applications/STM32CubeIDE.app/Contents/Eclipse/plugins/com.st.stm32cube.ide.mcu.externaltools.gnu-tools-for-stm32.11.3.rel1.macos64_1.1.100.202310310803/tools/bin/../lib/gcc/arm-none-eabi/11.3.1/thumb/v7e-m+fp/hard/crtn.o
                0x0000000020030000                _estack = (ORIGIN (RAM) + LENGTH (RAM))
                0x0000000000000200                _Min_Heap_Size = 0x200
                0x0000000000000400                _Min_Stack_Size = 0x400

.isr_vector     0x0000000008000000      0x1ac
                0x0000000008000000                . = ALIGN (0x4)
 *(.isr_vector)
 .isr_vector    0x0000000008000000      0x1ac ./Core/Startup/startup_stm32f427iihx.o
                0x0000000008000000                g_pfnVectors
                0x00000000080001ac                . = ALIGN (0x4)

.text           0x00000000080001b0     0xd170
                0x00000000080001b0                . = ALIGN (0x4)
 *(.text)
 .text          0x00000000080001b0       0x40 /Applications/STM32CubeIDE.app/Contents/Eclipse/plugins/com.st.stm32cube.ide.mcu.externaltools.gnu-tools-for-stm32.11.3.rel1.macos64_1.1.100.202310310803/tools/bin/../lib/gcc/arm-none-eabi/11.3.1/thumb/v7e-m+fp/hard/crtbegin.o
 .text          0x00000000080001f0      0x378 /Applications/STM32CubeIDE.app/Contents/Eclipse/plugins/com.st.stm32cube.ide.mcu.externaltools.gnu-tools-for-stm32.11.3.rel1.macos64_1.1.100.202310310803/tools/bin/../lib/gcc/arm-none-eabi/11.3.1/thumb/v7e-m+fp/hard/libgcc.a(_arm_addsubdf3.o)
                0x00000000080001f0                __aeabi_drsub
                0x00000000080001f8                __subdf3
                0x00000000080001f8                __aeabi_dsub
                0x00000000080001fc                __aeabi_dadd
                0x00000000080001fc                __adddf3
                0x0000000008000474                __aeabi_ui2d
                0x0000000008000474                __floatunsidf
                0x0000000008000494                __floatsidf
                0x0000000008000494                __aeabi_i2d
                0x00000000080004b8                __extendsfdf2
                0x00000000080004b8                __aeabi_f2d
                0x00000000080004fc                __aeabi_ul2d
                0x00000000080004fc                __floatundidf
                0x000000000800050c                __aeabi_l2d
                0x000000000800050c                __floatdidf
 .text          0x0000000008000568      0x424 /Applications/STM32CubeIDE.app/Contents/Eclipse/plugins/com.st.stm32cube.ide.mcu.externaltools.gnu-tools-for-stm32.11.3.rel1.macos64_1.1.100.202310310803/tools/bin/../lib/gcc/arm-none-eabi/11.3.1/thumb/v7e-m+fp/hard/libgcc.a(_arm_muldivdf3.o)
                0x0000000008000568                __aeabi_dmul
                0x0000000008000568                __muldf3
                0x00000000080007bc                __aeabi_ddiv
                0x00000000080007bc                __divdf3
 .text          0x000000000800098c      0x110 /Applications/STM32CubeIDE.app/Contents/Eclipse/plugins/com.st.stm32cube.ide.mcu.externaltools.gnu-tools-for-stm32.11.3.rel1.macos64_1.1.100.202310310803/tools/bin/../lib/gcc/arm-none-eabi/11.3.1/thumb/v7e-m+fp/hard/libgcc.a(_arm_cmpdf2.o)
                0x000000000800098c                __gedf2
                0x000000000800098c                __gtdf2
                0x0000000008000994                __ledf2
                0x0000000008000994                __ltdf2
                0x000000000800099c                __cmpdf2
                0x000000000800099c                __eqdf2
                0x000000000800099c                __nedf2
                0x0000000008000a18                __aeabi_cdrcmple
                0x0000000008000a28                __aeabi_cdcmple
                0x0000000008000a28                __aeabi_cdcmpeq
                0x0000000008000a38                __aeabi_dcmpeq
                0x0000000008000a4c                __aeabi_dcmplt
                0x0000000008000a60                __aeabi_dcmple
                0x0000000008000a74                __aeabi_dcmpge
                0x0000000008000a88                __aeabi_dcmpgt
 .text          0x0000000008000a9c       0x2c /Applications/STM32CubeIDE.app/Contents/Eclipse/plugins/com.st.stm32cube.ide.mcu.externaltools.gnu-tools-for-stm32.11.3.rel1.macos64_1.1.100.202310310803/tools/bin/../lib/gcc/arm-none-eabi/11.3.1/thumb/v7e-m+fp/hard/libgcc.a(_arm_unorddf2.o)
                0x0000000008000a9c                __aeabi_dcmpun
                0x0000000008000a9c                __unorddf2
 .text          0x0000000008000ac8       0xa0 /Applications/STM32CubeIDE.app/Contents/Eclipse/plugins/com.st.stm32cube.ide.mcu.externaltools.gnu-tools-for-stm32.11.3.rel1.macos64_1.1.100.202310310803/tools/bin/../lib/gcc/arm-none-eabi/11.3.1/thumb/v7e-m+fp/hard/libgcc.a(_arm_truncdfsf2.o)
                0x0000000008000ac8                __aeabi_d2f
                0x0000000008000ac8                __truncdfsf2
 .text          0x0000000008000b68       0x30 /Applications/STM32CubeIDE.app/Contents/Eclipse/plugins/com.st.stm32cube.ide.mcu.externaltools.gnu-tools-for-stm32.11.3.rel1.macos64_1.1.100.202310310803/tools/bin/../lib/gcc/arm-none-eabi/11.3.1/thumb/v7e-m+fp/hard/libgcc.a(_aeabi_uldivmod.o)
                0x0000000008000b68                __aeabi_uldivmod
 .text          0x0000000008000b98      0x2c8 /Applications/STM32CubeIDE.app/Contents/Eclipse/plugins/com.st.stm32cube.ide.mcu.externaltools.gnu-tools-for-stm32.11.3.rel1.macos64_1.1.100.202310310803/tools/bin/../lib/gcc/arm-none-eabi/11.3.1/thumb/v7e-m+fp/hard/libgcc.a(_udivmoddi4.o)
                0x0000000008000b98                __udivmoddi4
 .text          0x0000000008000e60        0x4 /Applications/STM32CubeIDE.app/Contents/Eclipse/plugins/com.st.stm32cube.ide.mcu.externaltools.gnu-tools-for-stm32.11.3.rel1.macos64_1.1.100.202310310803/tools/bin/../lib/gcc/arm-none-eabi/11.3.1/thumb/v7e-m+fp/hard/libgcc.a(_dvmd_tls.o)
                0x0000000008000e60                __aeabi_ldiv0
                0x0000000008000e60                __aeabi_idiv0
 *(.text*)
 .text.MX_CAN1_Init
                0x0000000008000e64       0x6c ./Core/Src/can.o
                0x0000000008000e64                MX_CAN1_Init
 .text.HAL_CAN_MspInit
                0x0000000008000ed0       0xb0 ./Core/Src/can.o
                0x0000000008000ed0                HAL_CAN_MspInit
 .text.vApplicationStackOverflowHook
                0x0000000008000f80       0x16 ./Core/Src/freertos.o
                0x0000000008000f80                vApplicationStackOverflowHook
 .text.vApplicationMallocFailedHook
                0x0000000008000f96        0xe ./Core/Src/freertos.o
                0x0000000008000f96                vApplicationMallocFailedHook
 .text.MX_FREERTOS_Init
                0x0000000008000fa4       0x34 ./Core/Src/freertos.o
                0x0000000008000fa4                MX_FREERTOS_Init
 .text.StartDefaultTask
                0x0000000008000fd8       0x14 ./Core/Src/freertos.o
                0x0000000008000fd8                StartDefaultTask
 .text.MX_GPIO_Init
                0x0000000008000fec      0x388 ./Core/Src/gpio.o
                0x0000000008000fec                MX_GPIO_Init
 .text.main     0x0000000008001374       0x36 ./Core/Src/main.o
                0x0000000008001374                main
 *fill*         0x00000000080013aa        0x2 
 .text.SystemClock_Config
                0x00000000080013ac       0xd4 ./Core/Src/main.o
                0x00000000080013ac                SystemClock_Config
 .text.HAL_TIM_PeriodElapsedCallback
                0x0000000008001480       0x24 ./Core/Src/main.o
                0x0000000008001480                HAL_TIM_PeriodElapsedCallback
 .text.Error_Handler
                0x00000000080014a4        0xa ./Core/Src/main.o
                0x00000000080014a4                Error_Handler
 *fill*         0x00000000080014ae        0x2 
 .text.MX_SPI5_Init
                0x00000000080014b0       0x6c ./Core/Src/spi.o
                0x00000000080014b0                MX_SPI5_Init
 .text.HAL_SPI_MspInit
                0x000000000800151c       0x90 ./Core/Src/spi.o
                0x000000000800151c                HAL_SPI_MspInit
 .text.HAL_MspInit
                0x00000000080015ac       0x58 ./Core/Src/stm32f4xx_hal_msp.o
                0x00000000080015ac                HAL_MspInit
 .text.HAL_InitTick
                0x0000000008001604       0xf8 ./Core/Src/stm32f4xx_hal_timebase_tim.o
                0x0000000008001604                HAL_InitTick
 .text.NMI_Handler
                0x00000000080016fc        0x6 ./Core/Src/stm32f4xx_it.o
                0x00000000080016fc                NMI_Handler
 .text.HardFault_Handler
                0x0000000008001702        0x6 ./Core/Src/stm32f4xx_it.o
                0x0000000008001702                HardFault_Handler
 .text.MemManage_Handler
                0x0000000008001708        0x6 ./Core/Src/stm32f4xx_it.o
                0x0000000008001708                MemManage_Handler
 .text.BusFault_Handler
                0x000000000800170e        0x6 ./Core/Src/stm32f4xx_it.o
                0x000000000800170e                BusFault_Handler
 .text.UsageFault_Handler
                0x0000000008001714        0x6 ./Core/Src/stm32f4xx_it.o
                0x0000000008001714                UsageFault_Handler
 .text.DebugMon_Handler
                0x000000000800171a        0xe ./Core/Src/stm32f4xx_it.o
                0x000000000800171a                DebugMon_Handler
 .text.CAN1_TX_IRQHandler
                0x0000000008001728       0x14 ./Core/Src/stm32f4xx_it.o
                0x0000000008001728                CAN1_TX_IRQHandler
 .text.CAN1_RX0_IRQHandler
                0x000000000800173c       0x14 ./Core/Src/stm32f4xx_it.o
                0x000000000800173c                CAN1_RX0_IRQHandler
 .text.TIM2_IRQHandler
                0x0000000008001750       0x14 ./Core/Src/stm32f4xx_it.o
                0x0000000008001750                TIM2_IRQHandler
 .text.TIM5_IRQHandler
                0x0000000008001764       0x14 ./Core/Src/stm32f4xx_it.o
                0x0000000008001764                TIM5_IRQHandler
 .text.OTG_FS_IRQHandler
                0x0000000008001778       0x14 ./Core/Src/stm32f4xx_it.o
                0x0000000008001778                OTG_FS_IRQHandler
 .text.SystemInit
                0x000000000800178c       0x24 ./Core/Src/system_stm32f4xx.o
                0x000000000800178c                SystemInit
 .text.MX_TIM1_Init
                0x00000000080017b0      0x120 ./Core/Src/tim.o
                0x00000000080017b0                MX_TIM1_Init
 .text.MX_TIM2_Init
                0x00000000080018d0       0x98 ./Core/Src/tim.o
                0x00000000080018d0                MX_TIM2_Init
 .text.MX_TIM3_Init
                0x0000000008001968       0xb4 ./Core/Src/tim.o
                0x0000000008001968                MX_TIM3_Init
 .text.MX_TIM12_Init
                0x0000000008001a1c       0x8c ./Core/Src/tim.o
                0x0000000008001a1c                MX_TIM12_Init
 .text.HAL_TIM_PWM_MspInit
                0x0000000008001aa8       0x9c ./Core/Src/tim.o
                0x0000000008001aa8                HAL_TIM_PWM_MspInit
 .text.HAL_TIM_Base_MspInit
                0x0000000008001b44       0x4c ./Core/Src/tim.o
                0x0000000008001b44                HAL_TIM_Base_MspInit
 .text.HAL_TIM_MspPostInit
                0x0000000008001b90      0x158 ./Core/Src/tim.o
                0x0000000008001b90                HAL_TIM_MspPostInit
 .text.Reset_Handler
                0x0000000008001ce8       0x50 ./Core/Startup/startup_stm32f427iihx.o
                0x0000000008001ce8                Reset_Handler
 .text.Default_Handler
                0x0000000008001d38        0x2 ./Core/Startup/startup_stm32f427iihx.o
                0x0000000008001d38                DMA1_Stream3_IRQHandler
                0x0000000008001d38                HASH_RNG_IRQHandler
                0x0000000008001d38                EXTI2_IRQHandler
                0x0000000008001d38                TIM8_CC_IRQHandler
                0x0000000008001d38                UART8_IRQHandler
                0x0000000008001d38                SPI4_IRQHandler
                0x0000000008001d38                TIM1_CC_IRQHandler
                0x0000000008001d38                DMA2_Stream5_IRQHandler
                0x0000000008001d38                DMA1_Stream5_IRQHandler
                0x0000000008001d38                PVD_IRQHandler
                0x0000000008001d38                SDIO_IRQHandler
                0x0000000008001d38                TAMP_STAMP_IRQHandler
                0x0000000008001d38                CAN2_RX1_IRQHandler
                0x0000000008001d38                EXTI3_IRQHandler
                0x0000000008001d38                TIM8_TRG_COM_TIM14_IRQHandler
                0x0000000008001d38                TIM1_UP_TIM10_IRQHandler
                0x0000000008001d38                TIM8_UP_TIM13_IRQHandler
                0x0000000008001d38                I2C3_ER_IRQHandler
                0x0000000008001d38                EXTI0_IRQHandler
                0x0000000008001d38                I2C2_EV_IRQHandler
                0x0000000008001d38                DMA1_Stream2_IRQHandler
                0x0000000008001d38                FPU_IRQHandler
                0x0000000008001d38                OTG_HS_WKUP_IRQHandler
                0x0000000008001d38                CAN2_SCE_IRQHandler
                0x0000000008001d38                DMA2_Stream2_IRQHandler
                0x0000000008001d38                SPI1_IRQHandler
                0x0000000008001d38                TIM6_DAC_IRQHandler
                0x0000000008001d38                TIM1_BRK_TIM9_IRQHandler
                0x0000000008001d38                DCMI_IRQHandler
                0x0000000008001d38                CAN2_RX0_IRQHandler
                0x0000000008001d38                DMA2_Stream3_IRQHandler
                0x0000000008001d38                USART6_IRQHandler
                0x0000000008001d38                USART3_IRQHandler
                0x0000000008001d38                CAN1_RX1_IRQHandler
                0x0000000008001d38                UART5_IRQHandler
                0x0000000008001d38                DMA2_Stream0_IRQHandler
                0x0000000008001d38                TIM4_IRQHandler
                0x0000000008001d38                I2C1_EV_IRQHandler
                0x0000000008001d38                DMA1_Stream6_IRQHandler
                0x0000000008001d38                DMA1_Stream1_IRQHandler
                0x0000000008001d38                UART4_IRQHandler
                0x0000000008001d38                TIM3_IRQHandler
                0x0000000008001d38                RCC_IRQHandler
                0x0000000008001d38                TIM8_BRK_TIM12_IRQHandler
                0x0000000008001d38                Default_Handler
                0x0000000008001d38                EXTI15_10_IRQHandler
                0x0000000008001d38                ADC_IRQHandler
                0x0000000008001d38                DMA1_Stream7_IRQHandler
                0x0000000008001d38                SPI5_IRQHandler
                0x0000000008001d38                TIM7_IRQHandler
                0x0000000008001d38                CAN2_TX_IRQHandler
                0x0000000008001d38                DMA2_Stream7_IRQHandler
                0x0000000008001d38                I2C3_EV_IRQHandler
                0x0000000008001d38                EXTI9_5_IRQHandler
                0x0000000008001d38                RTC_WKUP_IRQHandler
                0x0000000008001d38                ETH_WKUP_IRQHandler
                0x0000000008001d38                SPI2_IRQHandler
                0x0000000008001d38                OTG_HS_EP1_IN_IRQHandler
                0x0000000008001d38                DMA1_Stream0_IRQHandler
                0x0000000008001d38                EXTI4_IRQHandler
                0x0000000008001d38                ETH_IRQHandler
                0x0000000008001d38                OTG_HS_EP1_OUT_IRQHandler
                0x0000000008001d38                WWDG_IRQHandler
                0x0000000008001d38                SPI6_IRQHandler
                0x0000000008001d38                OTG_FS_WKUP_IRQHandler
                0x0000000008001d38                TIM1_TRG_COM_TIM11_IRQHandler
                0x0000000008001d38                OTG_HS_IRQHandler
                0x0000000008001d38                DMA2D_IRQHandler
                0x0000000008001d38                EXTI1_IRQHandler
                0x0000000008001d38                UART7_IRQHandler
                0x0000000008001d38                USART2_IRQHandler
                0x0000000008001d38                I2C2_ER_IRQHandler
                0x0000000008001d38                DMA2_Stream1_IRQHandler
                0x0000000008001d38                CAN1_SCE_IRQHandler
                0x0000000008001d38                FLASH_IRQHandler
                0x0000000008001d38                DMA2_Stream4_IRQHandler
                0x0000000008001d38                USART1_IRQHandler
                0x0000000008001d38                SPI3_IRQHandler
                0x0000000008001d38                DMA1_Stream4_IRQHandler
                0x0000000008001d38                I2C1_ER_IRQHandler
                0x0000000008001d38                FMC_IRQHandler
                0x0000000008001d38                DMA2_Stream6_IRQHandler
                0x0000000008001d38                SAI1_IRQHandler
                0x0000000008001d38                RTC_Alarm_IRQHandler
 *fill*         0x0000000008001d3a        0x2 
 .text.HAL_Init
                0x0000000008001d3c       0x44 ./Drivers/STM32F4xx_HAL_Driver/Src/stm32f4xx_hal.o
                0x0000000008001d3c                HAL_Init
 .text.HAL_IncTick
                0x0000000008001d80       0x28 ./Drivers/STM32F4xx_HAL_Driver/Src/stm32f4xx_hal.o
                0x0000000008001d80                HAL_IncTick
 .text.HAL_GetTick
                0x0000000008001da8       0x18 ./Drivers/STM32F4xx_HAL_Driver/Src/stm32f4xx_hal.o
                0x0000000008001da8                HAL_GetTick
 .text.HAL_Delay
                0x0000000008001dc0       0x48 ./Drivers/STM32F4xx_HAL_Driver/Src/stm32f4xx_hal.o
                0x0000000008001dc0                HAL_Delay
 .text.HAL_CAN_Init
                0x0000000008001e08      0x1f6 ./Drivers/STM32F4xx_HAL_Driver/Src/stm32f4xx_hal_can.o
                0x0000000008001e08                HAL_CAN_Init
 .text.HAL_CAN_IRQHandler
                0x0000000008001ffe      0x36e ./Drivers/STM32F4xx_HAL_Driver/Src/stm32f4xx_hal_can.o
                0x0000000008001ffe                HAL_CAN_IRQHandler
 .text.HAL_CAN_TxMailbox0CompleteCallback
                0x000000000800236c       0x14 ./Drivers/STM32F4xx_HAL_Driver/Src/stm32f4xx_hal_can.o
                0x000000000800236c                HAL_CAN_TxMailbox0CompleteCallback
 .text.HAL_CAN_TxMailbox1CompleteCallback
                0x0000000008002380       0x14 ./Drivers/STM32F4xx_HAL_Driver/Src/stm32f4xx_hal_can.o
                0x0000000008002380                HAL_CAN_TxMailbox1CompleteCallback
 .text.HAL_CAN_TxMailbox2CompleteCallback
                0x0000000008002394       0x14 ./Drivers/STM32F4xx_HAL_Driver/Src/stm32f4xx_hal_can.o
                0x0000000008002394                HAL_CAN_TxMailbox2CompleteCallback
 .text.HAL_CAN_TxMailbox0AbortCallback
                0x00000000080023a8       0x14 ./Drivers/STM32F4xx_HAL_Driver/Src/stm32f4xx_hal_can.o
                0x00000000080023a8                HAL_CAN_TxMailbox0AbortCallback
 .text.HAL_CAN_TxMailbox1AbortCallback
                0x00000000080023bc       0x14 ./Drivers/STM32F4xx_HAL_Driver/Src/stm32f4xx_hal_can.o
                0x00000000080023bc                HAL_CAN_TxMailbox1AbortCallback
 .text.HAL_CAN_TxMailbox2AbortCallback
                0x00000000080023d0       0x14 ./Drivers/STM32F4xx_HAL_Driver/Src/stm32f4xx_hal_can.o
                0x00000000080023d0                HAL_CAN_TxMailbox2AbortCallback
 .text.HAL_CAN_RxFifo0MsgPendingCallback
                0x00000000080023e4       0x14 ./Drivers/STM32F4xx_HAL_Driver/Src/stm32f4xx_hal_can.o
                0x00000000080023e4                HAL_CAN_RxFifo0MsgPendingCallback
 .text.HAL_CAN_RxFifo0FullCallback
                0x00000000080023f8       0x14 ./Drivers/STM32F4xx_HAL_Driver/Src/stm32f4xx_hal_can.o
                0x00000000080023f8                HAL_CAN_RxFifo0FullCallback
 .text.HAL_CAN_RxFifo1MsgPendingCallback
                0x000000000800240c       0x14 ./Drivers/STM32F4xx_HAL_Driver/Src/stm32f4xx_hal_can.o
                0x000000000800240c                HAL_CAN_RxFifo1MsgPendingCallback
 .text.HAL_CAN_RxFifo1FullCallback
                0x0000000008002420       0x14 ./Drivers/STM32F4xx_HAL_Driver/Src/stm32f4xx_hal_can.o
                0x0000000008002420                HAL_CAN_RxFifo1FullCallback
 .text.HAL_CAN_SleepCallback
                0x0000000008002434       0x14 ./Drivers/STM32F4xx_HAL_Driver/Src/stm32f4xx_hal_can.o
                0x0000000008002434                HAL_CAN_SleepCallback
 .text.HAL_CAN_WakeUpFromRxMsgCallback
                0x0000000008002448       0x14 ./Drivers/STM32F4xx_HAL_Driver/Src/stm32f4xx_hal_can.o
                0x0000000008002448                HAL_CAN_WakeUpFromRxMsgCallback
 .text.HAL_CAN_ErrorCallback
                0x000000000800245c       0x14 ./Drivers/STM32F4xx_HAL_Driver/Src/stm32f4xx_hal_can.o
                0x000000000800245c                HAL_CAN_ErrorCallback
 .text.__NVIC_SetPriorityGrouping
                0x0000000008002470       0x48 ./Drivers/STM32F4xx_HAL_Driver/Src/stm32f4xx_hal_cortex.o
 .text.__NVIC_GetPriorityGrouping
                0x00000000080024b8       0x1c ./Drivers/STM32F4xx_HAL_Driver/Src/stm32f4xx_hal_cortex.o
 .text.__NVIC_EnableIRQ
                0x00000000080024d4       0x3c ./Drivers/STM32F4xx_HAL_Driver/Src/stm32f4xx_hal_cortex.o
 .text.__NVIC_SetPriority
                0x0000000008002510       0x54 ./Drivers/STM32F4xx_HAL_Driver/Src/stm32f4xx_hal_cortex.o
 .text.NVIC_EncodePriority
                0x0000000008002564       0x66 ./Drivers/STM32F4xx_HAL_Driver/Src/stm32f4xx_hal_cortex.o
 .text.HAL_NVIC_SetPriorityGrouping
                0x00000000080025ca       0x16 ./Drivers/STM32F4xx_HAL_Driver/Src/stm32f4xx_hal_cortex.o
                0x00000000080025ca                HAL_NVIC_SetPriorityGrouping
 .text.HAL_NVIC_SetPriority
                0x00000000080025e0       0x38 ./Drivers/STM32F4xx_HAL_Driver/Src/stm32f4xx_hal_cortex.o
                0x00000000080025e0                HAL_NVIC_SetPriority
 .text.HAL_NVIC_EnableIRQ
                0x0000000008002618       0x1c ./Drivers/STM32F4xx_HAL_Driver/Src/stm32f4xx_hal_cortex.o
                0x0000000008002618                HAL_NVIC_EnableIRQ
 .text.HAL_GPIO_Init
                0x0000000008002634      0x358 ./Drivers/STM32F4xx_HAL_Driver/Src/stm32f4xx_hal_gpio.o
                0x0000000008002634                HAL_GPIO_Init
 .text.HAL_GPIO_WritePin
                0x000000000800298c       0x32 ./Drivers/STM32F4xx_HAL_Driver/Src/stm32f4xx_hal_gpio.o
                0x000000000800298c                HAL_GPIO_WritePin
 .text.HAL_GPIO_TogglePin
                0x00000000080029be       0x34 ./Drivers/STM32F4xx_HAL_Driver/Src/stm32f4xx_hal_gpio.o
                0x00000000080029be                HAL_GPIO_TogglePin
 .text.HAL_PCD_Init
                0x00000000080029f2      0x21e ./Drivers/STM32F4xx_HAL_Driver/Src/stm32f4xx_hal_pcd.o
                0x00000000080029f2                HAL_PCD_Init
 .text.HAL_PCD_Start
                0x0000000008002c10       0x6a ./Drivers/STM32F4xx_HAL_Driver/Src/stm32f4xx_hal_pcd.o
                0x0000000008002c10                HAL_PCD_Start
 .text.HAL_PCD_IRQHandler
                0x0000000008002c7a      0x942 ./Drivers/STM32F4xx_HAL_Driver/Src/stm32f4xx_hal_pcd.o
                0x0000000008002c7a                HAL_PCD_IRQHandler
 .text.HAL_PCD_SetAddress
                0x00000000080035bc       0x48 ./Drivers/STM32F4xx_HAL_Driver/Src/stm32f4xx_hal_pcd.o
                0x00000000080035bc                HAL_PCD_SetAddress
 .text.HAL_PCD_EP_Open
                0x0000000008003604       0xd0 ./Drivers/STM32F4xx_HAL_Driver/Src/stm32f4xx_hal_pcd.o
                0x0000000008003604                HAL_PCD_EP_Open
 .text.HAL_PCD_EP_Close
                0x00000000080036d4       0x94 ./Drivers/STM32F4xx_HAL_Driver/Src/stm32f4xx_hal_pcd.o
                0x00000000080036d4                HAL_PCD_EP_Close
 .text.HAL_PCD_EP_Receive
                0x0000000008003768       0x76 ./Drivers/STM32F4xx_HAL_Driver/Src/stm32f4xx_hal_pcd.o
                0x0000000008003768                HAL_PCD_EP_Receive
 .text.HAL_PCD_EP_GetRxCount
                0x00000000080037de       0x30 ./Drivers/STM32F4xx_HAL_Driver/Src/stm32f4xx_hal_pcd.o
                0x00000000080037de                HAL_PCD_EP_GetRxCount
 .text.HAL_PCD_EP_Transmit
                0x000000000800380e       0x74 ./Drivers/STM32F4xx_HAL_Driver/Src/stm32f4xx_hal_pcd.o
                0x000000000800380e                HAL_PCD_EP_Transmit
 .text.HAL_PCD_EP_SetStall
                0x0000000008003882       0xc6 ./Drivers/STM32F4xx_HAL_Driver/Src/stm32f4xx_hal_pcd.o
                0x0000000008003882                HAL_PCD_EP_SetStall
 .text.HAL_PCD_EP_ClrStall
                0x0000000008003948       0xac ./Drivers/STM32F4xx_HAL_Driver/Src/stm32f4xx_hal_pcd.o
                0x0000000008003948                HAL_PCD_EP_ClrStall
 .text.HAL_PCD_EP_Abort
                0x00000000080039f4       0x62 ./Drivers/STM32F4xx_HAL_Driver/Src/stm32f4xx_hal_pcd.o
                0x00000000080039f4                HAL_PCD_EP_Abort
 .text.PCD_WriteEmptyTxFifo
                0x0000000008003a56      0x118 ./Drivers/STM32F4xx_HAL_Driver/Src/stm32f4xx_hal_pcd.o
 *fill*         0x0000000008003b6e        0x2 
 .text.PCD_EP_OutXfrComplete_int
                0x0000000008003b70      0x1d0 ./Drivers/STM32F4xx_HAL_Driver/Src/stm32f4xx_hal_pcd.o
 .text.PCD_EP_OutSetupPacket_int
                0x0000000008003d40       0x8c ./Drivers/STM32F4xx_HAL_Driver/Src/stm32f4xx_hal_pcd.o
 .text.HAL_PCDEx_SetTxFiFo
                0x0000000008003dcc       0x8e ./Drivers/STM32F4xx_HAL_Driver/Src/stm32f4xx_hal_pcd_ex.o
                0x0000000008003dcc                HAL_PCDEx_SetTxFiFo
 .text.HAL_PCDEx_SetRxFiFo
                0x0000000008003e5a       0x22 ./Drivers/STM32F4xx_HAL_Driver/Src/stm32f4xx_hal_pcd_ex.o
                0x0000000008003e5a                HAL_PCDEx_SetRxFiFo
 .text.HAL_PCDEx_LPM_Callback
                0x0000000008003e7c       0x18 ./Drivers/STM32F4xx_HAL_Driver/Src/stm32f4xx_hal_pcd_ex.o
                0x0000000008003e7c                HAL_PCDEx_LPM_Callback
 .text.HAL_RCC_OscConfig
                0x0000000008003e94      0x4f0 ./Drivers/STM32F4xx_HAL_Driver/Src/stm32f4xx_hal_rcc.o
                0x0000000008003e94                HAL_RCC_OscConfig
 .text.HAL_RCC_ClockConfig
                0x0000000008004384      0x1cc ./Drivers/STM32F4xx_HAL_Driver/Src/stm32f4xx_hal_rcc.o
                0x0000000008004384                HAL_RCC_ClockConfig
 .text.HAL_RCC_GetSysClockFreq
                0x0000000008004550      0x18c ./Drivers/STM32F4xx_HAL_Driver/Src/stm32f4xx_hal_rcc.o
                0x0000000008004550                HAL_RCC_GetSysClockFreq
 .text.HAL_RCC_GetHCLKFreq
                0x00000000080046dc       0x18 ./Drivers/STM32F4xx_HAL_Driver/Src/stm32f4xx_hal_rcc.o
                0x00000000080046dc                HAL_RCC_GetHCLKFreq
 .text.HAL_RCC_GetPCLK1Freq
                0x00000000080046f4       0x28 ./Drivers/STM32F4xx_HAL_Driver/Src/stm32f4xx_hal_rcc.o
                0x00000000080046f4                HAL_RCC_GetPCLK1Freq
 .text.HAL_RCC_GetClockConfig
                0x000000000800471c       0x64 ./Drivers/STM32F4xx_HAL_Driver/Src/stm32f4xx_hal_rcc.o
                0x000000000800471c                HAL_RCC_GetClockConfig
 .text.HAL_SPI_Init
                0x0000000008004780      0x112 ./Drivers/STM32F4xx_HAL_Driver/Src/stm32f4xx_hal_spi.o
                0x0000000008004780                HAL_SPI_Init
 .text.HAL_SPI_TransmitReceive
                0x0000000008004892      0x360 ./Drivers/STM32F4xx_HAL_Driver/Src/stm32f4xx_hal_spi.o
                0x0000000008004892                HAL_SPI_TransmitReceive
 *fill*         0x0000000008004bf2        0x2 
 .text.SPI_WaitFlagStateUntilTimeout
                0x0000000008004bf4      0x110 ./Drivers/STM32F4xx_HAL_Driver/Src/stm32f4xx_hal_spi.o
 .text.SPI_EndRxTxTransaction
                0x0000000008004d04       0xa8 ./Drivers/STM32F4xx_HAL_Driver/Src/stm32f4xx_hal_spi.o
 .text.HAL_TIM_Base_Init
                0x0000000008004dac       0x9e ./Drivers/STM32F4xx_HAL_Driver/Src/stm32f4xx_hal_tim.o
                0x0000000008004dac                HAL_TIM_Base_Init
 *fill*         0x0000000008004e4a        0x2 
 .text.HAL_TIM_Base_Start_IT
                0x0000000008004e4c       0xe0 ./Drivers/STM32F4xx_HAL_Driver/Src/stm32f4xx_hal_tim.o
                0x0000000008004e4c                HAL_TIM_Base_Start_IT
 .text.HAL_TIM_PWM_Init
                0x0000000008004f2c       0x9e ./Drivers/STM32F4xx_HAL_Driver/Src/stm32f4xx_hal_tim.o
                0x0000000008004f2c                HAL_TIM_PWM_Init
 .text.HAL_TIM_IRQHandler
                0x0000000008004fca      0x1e0 ./Drivers/STM32F4xx_HAL_Driver/Src/stm32f4xx_hal_tim.o
                0x0000000008004fca                HAL_TIM_IRQHandler
 *fill*         0x00000000080051aa        0x2 
 .text.HAL_TIM_PWM_ConfigChannel
                0x00000000080051ac      0x184 ./Drivers/STM32F4xx_HAL_Driver/Src/stm32f4xx_hal_tim.o
                0x00000000080051ac                HAL_TIM_PWM_ConfigChannel
 .text.HAL_TIM_ConfigClockSource
                0x0000000008005330      0x18e ./Drivers/STM32F4xx_HAL_Driver/Src/stm32f4xx_hal_tim.o
                0x0000000008005330                HAL_TIM_ConfigClockSource
 .text.HAL_TIM_OC_DelayElapsedCallback
                0x00000000080054be       0x14 ./Drivers/STM32F4xx_HAL_Driver/Src/stm32f4xx_hal_tim.o
                0x00000000080054be                HAL_TIM_OC_DelayElapsedCallback
 .text.HAL_TIM_IC_CaptureCallback
                0x00000000080054d2       0x14 ./Drivers/STM32F4xx_HAL_Driver/Src/stm32f4xx_hal_tim.o
                0x00000000080054d2                HAL_TIM_IC_CaptureCallback
 .text.HAL_TIM_PWM_PulseFinishedCallback
                0x00000000080054e6       0x14 ./Drivers/STM32F4xx_HAL_Driver/Src/stm32f4xx_hal_tim.o
                0x00000000080054e6                HAL_TIM_PWM_PulseFinishedCallback
 .text.HAL_TIM_TriggerCallback
                0x00000000080054fa       0x14 ./Drivers/STM32F4xx_HAL_Driver/Src/stm32f4xx_hal_tim.o
                0x00000000080054fa                HAL_TIM_TriggerCallback
 *fill*         0x000000000800550e        0x2 
 .text.TIM_Base_SetConfig
                0x0000000008005510      0x158 ./Drivers/STM32F4xx_HAL_Driver/Src/stm32f4xx_hal_tim.o
                0x0000000008005510                TIM_Base_SetConfig
 .text.TIM_OC1_SetConfig
                0x0000000008005668       0xe0 ./Drivers/STM32F4xx_HAL_Driver/Src/stm32f4xx_hal_tim.o
 .text.TIM_OC2_SetConfig
                0x0000000008005748       0xec ./Drivers/STM32F4xx_HAL_Driver/Src/stm32f4xx_hal_tim.o
                0x0000000008005748                TIM_OC2_SetConfig
 .text.TIM_OC3_SetConfig
                0x0000000008005834       0xe8 ./Drivers/STM32F4xx_HAL_Driver/Src/stm32f4xx_hal_tim.o
 .text.TIM_OC4_SetConfig
                0x000000000800591c       0xac ./Drivers/STM32F4xx_HAL_Driver/Src/stm32f4xx_hal_tim.o
 .text.TIM_TI1_ConfigInputStage
                0x00000000080059c8       0x5e ./Drivers/STM32F4xx_HAL_Driver/Src/stm32f4xx_hal_tim.o
 .text.TIM_TI2_ConfigInputStage
                0x0000000008005a26       0x60 ./Drivers/STM32F4xx_HAL_Driver/Src/stm32f4xx_hal_tim.o
 .text.TIM_ITRx_SetConfig
                0x0000000008005a86       0x36 ./Drivers/STM32F4xx_HAL_Driver/Src/stm32f4xx_hal_tim.o
 .text.TIM_ETR_SetConfig
                0x0000000008005abc       0x40 ./Drivers/STM32F4xx_HAL_Driver/Src/stm32f4xx_hal_tim.o
                0x0000000008005abc                TIM_ETR_SetConfig
 .text.HAL_TIMEx_MasterConfigSynchronization
                0x0000000008005afc       0xf8 ./Drivers/STM32F4xx_HAL_Driver/Src/stm32f4xx_hal_tim_ex.o
                0x0000000008005afc                HAL_TIMEx_MasterConfigSynchronization
 .text.HAL_TIMEx_ConfigBreakDeadTime
                0x0000000008005bf4       0xa4 ./Drivers/STM32F4xx_HAL_Driver/Src/stm32f4xx_hal_tim_ex.o
                0x0000000008005bf4                HAL_TIMEx_ConfigBreakDeadTime
 .text.HAL_TIMEx_CommutCallback
                0x0000000008005c98       0x14 ./Drivers/STM32F4xx_HAL_Driver/Src/stm32f4xx_hal_tim_ex.o
                0x0000000008005c98                HAL_TIMEx_CommutCallback
 .text.HAL_TIMEx_BreakCallback
                0x0000000008005cac       0x14 ./Drivers/STM32F4xx_HAL_Driver/Src/stm32f4xx_hal_tim_ex.o
                0x0000000008005cac                HAL_TIMEx_BreakCallback
 .text.USB_CoreInit
                0x0000000008005cc0       0xc8 ./Drivers/STM32F4xx_HAL_Driver/Src/stm32f4xx_ll_usb.o
                0x0000000008005cc0                USB_CoreInit
 .text.USB_SetTurnaroundTime
                0x0000000008005d88      0x144 ./Drivers/STM32F4xx_HAL_Driver/Src/stm32f4xx_ll_usb.o
                0x0000000008005d88                USB_SetTurnaroundTime
 .text.USB_EnableGlobalInt
                0x0000000008005ecc       0x22 ./Drivers/STM32F4xx_HAL_Driver/Src/stm32f4xx_ll_usb.o
                0x0000000008005ecc                USB_EnableGlobalInt
 .text.USB_DisableGlobalInt
                0x0000000008005eee       0x22 ./Drivers/STM32F4xx_HAL_Driver/Src/stm32f4xx_ll_usb.o
                0x0000000008005eee                USB_DisableGlobalInt
 .text.USB_SetCurrentMode
                0x0000000008005f10       0x98 ./Drivers/STM32F4xx_HAL_Driver/Src/stm32f4xx_ll_usb.o
                0x0000000008005f10                USB_SetCurrentMode
 .text.USB_DevInit
                0x0000000008005fa8      0x2c8 ./Drivers/STM32F4xx_HAL_Driver/Src/stm32f4xx_ll_usb.o
                0x0000000008005fa8                USB_DevInit
 .text.USB_FlushTxFifo
                0x0000000008006270       0x64 ./Drivers/STM32F4xx_HAL_Driver/Src/stm32f4xx_ll_usb.o
                0x0000000008006270                USB_FlushTxFifo
 .text.USB_FlushRxFifo
                0x00000000080062d4       0x5c ./Drivers/STM32F4xx_HAL_Driver/Src/stm32f4xx_ll_usb.o
                0x00000000080062d4                USB_FlushRxFifo
 .text.USB_SetDevSpeed
                0x0000000008006330       0x32 ./Drivers/STM32F4xx_HAL_Driver/Src/stm32f4xx_ll_usb.o
                0x0000000008006330                USB_SetDevSpeed
 .text.USB_GetDevSpeed
                0x0000000008006362       0x4a ./Drivers/STM32F4xx_HAL_Driver/Src/stm32f4xx_ll_usb.o
                0x0000000008006362                USB_GetDevSpeed
 .text.USB_ActivateEndpoint
                0x00000000080063ac      0x10e ./Drivers/STM32F4xx_HAL_Driver/Src/stm32f4xx_ll_usb.o
                0x00000000080063ac                USB_ActivateEndpoint
 *fill*         0x00000000080064ba        0x2 
 .text.USB_DeactivateEndpoint
                0x00000000080064bc      0x1b8 ./Drivers/STM32F4xx_HAL_Driver/Src/stm32f4xx_ll_usb.o
                0x00000000080064bc                USB_DeactivateEndpoint
 .text.USB_EPStartXfer
                0x0000000008006674      0x530 ./Drivers/STM32F4xx_HAL_Driver/Src/stm32f4xx_ll_usb.o
                0x0000000008006674                USB_EPStartXfer
 .text.USB_EPStopXfer
                0x0000000008006ba4      0x154 ./Drivers/STM32F4xx_HAL_Driver/Src/stm32f4xx_ll_usb.o
                0x0000000008006ba4                USB_EPStopXfer
 .text.USB_WritePacket
                0x0000000008006cf8       0x7c ./Drivers/STM32F4xx_HAL_Driver/Src/stm32f4xx_ll_usb.o
                0x0000000008006cf8                USB_WritePacket
 .text.USB_ReadPacket
                0x0000000008006d74       0xb0 ./Drivers/STM32F4xx_HAL_Driver/Src/stm32f4xx_ll_usb.o
                0x0000000008006d74                USB_ReadPacket
 .text.USB_EPSetStall
                0x0000000008006e24       0xdc ./Drivers/STM32F4xx_HAL_Driver/Src/stm32f4xx_ll_usb.o
                0x0000000008006e24                USB_EPSetStall
 .text.USB_EPClearStall
                0x0000000008006f00       0xcc ./Drivers/STM32F4xx_HAL_Driver/Src/stm32f4xx_ll_usb.o
                0x0000000008006f00                USB_EPClearStall
 .text.USB_SetDevAddress
                0x0000000008006fcc       0x4c ./Drivers/STM32F4xx_HAL_Driver/Src/stm32f4xx_ll_usb.o
                0x0000000008006fcc                USB_SetDevAddress
 .text.USB_DevConnect
                0x0000000008007018       0x42 ./Drivers/STM32F4xx_HAL_Driver/Src/stm32f4xx_ll_usb.o
                0x0000000008007018                USB_DevConnect
 .text.USB_DevDisconnect
                0x000000000800705a       0x42 ./Drivers/STM32F4xx_HAL_Driver/Src/stm32f4xx_ll_usb.o
                0x000000000800705a                USB_DevDisconnect
 .text.USB_ReadInterrupts
                0x000000000800709c       0x26 ./Drivers/STM32F4xx_HAL_Driver/Src/stm32f4xx_ll_usb.o
                0x000000000800709c                USB_ReadInterrupts
 .text.USB_ReadDevAllOutEpInterrupt
                0x00000000080070c2       0x34 ./Drivers/STM32F4xx_HAL_Driver/Src/stm32f4xx_ll_usb.o
                0x00000000080070c2                USB_ReadDevAllOutEpInterrupt
 .text.USB_ReadDevAllInEpInterrupt
                0x00000000080070f6       0x34 ./Drivers/STM32F4xx_HAL_Driver/Src/stm32f4xx_ll_usb.o
                0x00000000080070f6                USB_ReadDevAllInEpInterrupt
 .text.USB_ReadDevOutEPInterrupt
                0x000000000800712a       0x3c ./Drivers/STM32F4xx_HAL_Driver/Src/stm32f4xx_ll_usb.o
                0x000000000800712a                USB_ReadDevOutEPInterrupt
 .text.USB_ReadDevInEPInterrupt
                0x0000000008007166       0x5c ./Drivers/STM32F4xx_HAL_Driver/Src/stm32f4xx_ll_usb.o
                0x0000000008007166                USB_ReadDevInEPInterrupt
 .text.USB_GetMode
                0x00000000080071c2       0x1c ./Drivers/STM32F4xx_HAL_Driver/Src/stm32f4xx_ll_usb.o
                0x00000000080071c2                USB_GetMode
 .text.USB_ActivateSetup
                0x00000000080071de       0x46 ./Drivers/STM32F4xx_HAL_Driver/Src/stm32f4xx_ll_usb.o
                0x00000000080071de                USB_ActivateSetup
 .text.USB_EP0_OutStart
                0x0000000008007224       0xbc ./Drivers/STM32F4xx_HAL_Driver/Src/stm32f4xx_ll_usb.o
                0x0000000008007224                USB_EP0_OutStart
 .text.USB_CoreReset
                0x00000000080072e0       0x62 ./Drivers/STM32F4xx_HAL_Driver/Src/stm32f4xx_ll_usb.o
 *fill*         0x0000000008007342        0x2 
 .text.USBD_CDC_Init
                0x0000000008007344      0x1f0 ./Middlewares/ST/STM32_USB_Device_Library/Class/CDC/Src/usbd_cdc.o
 .text.USBD_CDC_DeInit
                0x0000000008007534      0x104 ./Middlewares/ST/STM32_USB_Device_Library/Class/CDC/Src/usbd_cdc.o
 .text.USBD_CDC_Setup
                0x0000000008007638      0x1b8 ./Middlewares/ST/STM32_USB_Device_Library/Class/CDC/Src/usbd_cdc.o
 .text.USBD_CDC_DataIn
                0x00000000080077f0       0xfe ./Middlewares/ST/STM32_USB_Device_Library/Class/CDC/Src/usbd_cdc.o
 .text.USBD_CDC_DataOut
                0x00000000080078ee       0x70 ./Middlewares/ST/STM32_USB_Device_Library/Class/CDC/Src/usbd_cdc.o
 .text.USBD_CDC_EP0_RxReady
                0x000000000800795e       0x76 ./Middlewares/ST/STM32_USB_Device_Library/Class/CDC/Src/usbd_cdc.o
 .text.USBD_CDC_GetFSCfgDesc
                0x00000000080079d4       0x70 ./Middlewares/ST/STM32_USB_Device_Library/Class/CDC/Src/usbd_cdc.o
 .text.USBD_CDC_GetHSCfgDesc
                0x0000000008007a44       0x70 ./Middlewares/ST/STM32_USB_Device_Library/Class/CDC/Src/usbd_cdc.o
 .text.USBD_CDC_GetOtherSpeedCfgDesc
                0x0000000008007ab4       0x70 ./Middlewares/ST/STM32_USB_Device_Library/Class/CDC/Src/usbd_cdc.o
 .text.USBD_CDC_GetDeviceQualifierDescriptor
                0x0000000008007b24       0x20 ./Middlewares/ST/STM32_USB_Device_Library/Class/CDC/Src/usbd_cdc.o
                0x0000000008007b24                USBD_CDC_GetDeviceQualifierDescriptor
 .text.USBD_CDC_RegisterInterface
                0x0000000008007b44       0x34 ./Middlewares/ST/STM32_USB_Device_Library/Class/CDC/Src/usbd_cdc.o
                0x0000000008007b44                USBD_CDC_RegisterInterface
 .text.USBD_CDC_SetTxBuffer
                0x0000000008007b78       0x44 ./Middlewares/ST/STM32_USB_Device_Library/Class/CDC/Src/usbd_cdc.o
                0x0000000008007b78                USBD_CDC_SetTxBuffer
 .text.USBD_CDC_SetRxBuffer
                0x0000000008007bbc       0x3a ./Middlewares/ST/STM32_USB_Device_Library/Class/CDC/Src/usbd_cdc.o
                0x0000000008007bbc                USBD_CDC_SetRxBuffer
 *fill*         0x0000000008007bf6        0x2 
 .text.USBD_CDC_ReceivePacket
                0x0000000008007bf8       0x6c ./Middlewares/ST/STM32_USB_Device_Library/Class/CDC/Src/usbd_cdc.o
                0x0000000008007bf8                USBD_CDC_ReceivePacket
 .text.USBD_Init
                0x0000000008007c64       0x60 ./Middlewares/ST/STM32_USB_Device_Library/Core/Src/usbd_core.o
                0x0000000008007c64                USBD_Init
 .text.USBD_RegisterClass
                0x0000000008007cc4       0x6c ./Middlewares/ST/STM32_USB_Device_Library/Core/Src/usbd_core.o
                0x0000000008007cc4                USBD_RegisterClass
 .text.USBD_Start
                0x0000000008007d30       0x18 ./Middlewares/ST/STM32_USB_Device_Library/Core/Src/usbd_core.o
                0x0000000008007d30                USBD_Start
 .text.USBD_RunTestMode
                0x0000000008007d48       0x16 ./Middlewares/ST/STM32_USB_Device_Library/Core/Src/usbd_core.o
                0x0000000008007d48                USBD_RunTestMode
 .text.USBD_SetClassConfig
                0x0000000008007d5e       0x38 ./Middlewares/ST/STM32_USB_Device_Library/Core/Src/usbd_core.o
                0x0000000008007d5e                USBD_SetClassConfig
 .text.USBD_ClrClassConfig
                0x0000000008007d96       0x34 ./Middlewares/ST/STM32_USB_Device_Library/Core/Src/usbd_core.o
                0x0000000008007d96                USBD_ClrClassConfig
 .text.USBD_LL_SetupStage
                0x0000000008007dca       0xaa ./Middlewares/ST/STM32_USB_Device_Library/Core/Src/usbd_core.o
                0x0000000008007dca                USBD_LL_SetupStage
 .text.USBD_LL_DataOutStage
                0x0000000008007e74      0x166 ./Middlewares/ST/STM32_USB_Device_Library/Core/Src/usbd_core.o
                0x0000000008007e74                USBD_LL_DataOutStage
 .text.USBD_LL_DataInStage
                0x0000000008007fda      0x164 ./Middlewares/ST/STM32_USB_Device_Library/Core/Src/usbd_core.o
                0x0000000008007fda                USBD_LL_DataInStage
 .text.USBD_LL_Reset
                0x000000000800813e       0xa4 ./Middlewares/ST/STM32_USB_Device_Library/Core/Src/usbd_core.o
                0x000000000800813e                USBD_LL_Reset
 .text.USBD_LL_SetSpeed
                0x00000000080081e2       0x20 ./Middlewares/ST/STM32_USB_Device_Library/Core/Src/usbd_core.o
                0x00000000080081e2                USBD_LL_SetSpeed
 .text.USBD_LL_Suspend
                0x0000000008008202       0x38 ./Middlewares/ST/STM32_USB_Device_Library/Core/Src/usbd_core.o
                0x0000000008008202                USBD_LL_Suspend
 .text.USBD_LL_Resume
                0x000000000800823a       0x30 ./Middlewares/ST/STM32_USB_Device_Library/Core/Src/usbd_core.o
                0x000000000800823a                USBD_LL_Resume
 .text.USBD_LL_SOF
                0x000000000800826a       0x40 ./Middlewares/ST/STM32_USB_Device_Library/Core/Src/usbd_core.o
                0x000000000800826a                USBD_LL_SOF
 .text.USBD_LL_IsoINIncomplete
                0x00000000080082aa       0x64 ./Middlewares/ST/STM32_USB_Device_Library/Core/Src/usbd_core.o
                0x00000000080082aa                USBD_LL_IsoINIncomplete
 .text.USBD_LL_IsoOUTIncomplete
                0x000000000800830e       0x64 ./Middlewares/ST/STM32_USB_Device_Library/Core/Src/usbd_core.o
                0x000000000800830e                USBD_LL_IsoOUTIncomplete
 .text.USBD_LL_DevConnected
                0x0000000008008372       0x16 ./Middlewares/ST/STM32_USB_Device_Library/Core/Src/usbd_core.o
                0x0000000008008372                USBD_LL_DevConnected
 .text.USBD_LL_DevDisconnected
                0x0000000008008388       0x46 ./Middlewares/ST/STM32_USB_Device_Library/Core/Src/usbd_core.o
                0x0000000008008388                USBD_LL_DevDisconnected
 .text.USBD_CoreFindIF
                0x00000000080083ce       0x1a ./Middlewares/ST/STM32_USB_Device_Library/Core/Src/usbd_core.o
                0x00000000080083ce                USBD_CoreFindIF
 .text.USBD_CoreFindEP
                0x00000000080083e8       0x1a ./Middlewares/ST/STM32_USB_Device_Library/Core/Src/usbd_core.o
                0x00000000080083e8                USBD_CoreFindEP
 .text.USBD_GetEpDesc
                0x0000000008008402       0x74 ./Middlewares/ST/STM32_USB_Device_Library/Core/Src/usbd_core.o
                0x0000000008008402                USBD_GetEpDesc
 .text.USBD_GetNextDesc
                0x0000000008008476       0x3a ./Middlewares/ST/STM32_USB_Device_Library/Core/Src/usbd_core.o
                0x0000000008008476                USBD_GetNextDesc
 .text.SWAPBYTE
                0x00000000080084b0       0x3c ./Middlewares/ST/STM32_USB_Device_Library/Core/Src/usbd_ctlreq.o
 .text.USBD_StdDevReq
                0x00000000080084ec       0xe4 ./Middlewares/ST/STM32_USB_Device_Library/Core/Src/usbd_ctlreq.o
                0x00000000080084ec                USBD_StdDevReq
 .text.USBD_StdItfReq
                0x00000000080085d0       0xd8 ./Middlewares/ST/STM32_USB_Device_Library/Core/Src/usbd_ctlreq.o
                0x00000000080085d0                USBD_StdItfReq
 .text.USBD_StdEPReq
                0x00000000080086a8      0x33a ./Middlewares/ST/STM32_USB_Device_Library/Core/Src/usbd_ctlreq.o
                0x00000000080086a8                USBD_StdEPReq
 *fill*         0x00000000080089e2        0x2 
 .text.USBD_GetDescriptor
                0x00000000080089e4      0x2d4 ./Middlewares/ST/STM32_USB_Device_Library/Core/Src/usbd_ctlreq.o
 .text.USBD_SetAddress
                0x0000000008008cb8       0x88 ./Middlewares/ST/STM32_USB_Device_Library/Core/Src/usbd_ctlreq.o
 .text.USBD_SetConfig
                0x0000000008008d40      0x154 ./Middlewares/ST/STM32_USB_Device_Library/Core/Src/usbd_ctlreq.o
 .text.USBD_GetConfig
                0x0000000008008e94       0x6c ./Middlewares/ST/STM32_USB_Device_Library/Core/Src/usbd_ctlreq.o
 .text.USBD_GetStatus
                0x0000000008008f00       0x68 ./Middlewares/ST/STM32_USB_Device_Library/Core/Src/usbd_ctlreq.o
 .text.USBD_SetFeature
                0x0000000008008f68       0x52 ./Middlewares/ST/STM32_USB_Device_Library/Core/Src/usbd_ctlreq.o
 .text.USBD_ClrFeature
                0x0000000008008fba       0x44 ./Middlewares/ST/STM32_USB_Device_Library/Core/Src/usbd_ctlreq.o
 .text.USBD_ParseSetupRequest
                0x0000000008008ffe       0x74 ./Middlewares/ST/STM32_USB_Device_Library/Core/Src/usbd_ctlreq.o
                0x0000000008008ffe                USBD_ParseSetupRequest
 .text.USBD_CtlError
                0x0000000008009072       0x22 ./Middlewares/ST/STM32_USB_Device_Library/Core/Src/usbd_ctlreq.o
                0x0000000008009072                USBD_CtlError
 .text.USBD_GetString
                0x0000000008009094       0x8c ./Middlewares/ST/STM32_USB_Device_Library/Core/Src/usbd_ctlreq.o
                0x0000000008009094                USBD_GetString
 .text.USBD_GetLen
                0x0000000008009120       0x34 ./Middlewares/ST/STM32_USB_Device_Library/Core/Src/usbd_ctlreq.o
 .text.USBD_CtlSendData
                0x0000000008009154       0x36 ./Middlewares/ST/STM32_USB_Device_Library/Core/Src/usbd_ioreq.o
                0x0000000008009154                USBD_CtlSendData
 .text.USBD_CtlContinueSendData
                0x000000000800918a       0x22 ./Middlewares/ST/STM32_USB_Device_Library/Core/Src/usbd_ioreq.o
                0x000000000800918a                USBD_CtlContinueSendData
 .text.USBD_CtlPrepareRx
                0x00000000080091ac       0x3a ./Middlewares/ST/STM32_USB_Device_Library/Core/Src/usbd_ioreq.o
                0x00000000080091ac                USBD_CtlPrepareRx
 .text.USBD_CtlContinueRx
                0x00000000080091e6       0x22 ./Middlewares/ST/STM32_USB_Device_Library/Core/Src/usbd_ioreq.o
                0x00000000080091e6                USBD_CtlContinueRx
 .text.USBD_CtlSendStatus
                0x0000000008009208       0x26 ./Middlewares/ST/STM32_USB_Device_Library/Core/Src/usbd_ioreq.o
                0x0000000008009208                USBD_CtlSendStatus
 .text.USBD_CtlReceiveStatus
                0x000000000800922e       0x26 ./Middlewares/ST/STM32_USB_Device_Library/Core/Src/usbd_ioreq.o
                0x000000000800922e                USBD_CtlReceiveStatus
 .text.makeFreeRtosPriority
                0x0000000008009254       0x30 ./Middlewares/Third_Party/FreeRTOS/Source/CMSIS_RTOS/cmsis_os.o
 .text.inHandlerMode
                0x0000000008009284       0x24 ./Middlewares/Third_Party/FreeRTOS/Source/CMSIS_RTOS/cmsis_os.o
 .text.osKernelStart
                0x00000000080092a8        0xe ./Middlewares/Third_Party/FreeRTOS/Source/CMSIS_RTOS/cmsis_os.o
                0x00000000080092a8                osKernelStart
 .text.osKernelSysTick
                0x00000000080092b6       0x20 ./Middlewares/Third_Party/FreeRTOS/Source/CMSIS_RTOS/cmsis_os.o
                0x00000000080092b6                osKernelSysTick
 .text.osThreadCreate
                0x00000000080092d6       0x4e ./Middlewares/Third_Party/FreeRTOS/Source/CMSIS_RTOS/cmsis_os.o
                0x00000000080092d6                osThreadCreate
 .text.osDelay  0x0000000008009324       0x28 ./Middlewares/Third_Party/FreeRTOS/Source/CMSIS_RTOS/cmsis_os.o
                0x0000000008009324                osDelay
 .text.osDelayUntil
                0x000000000800934c       0x2c ./Middlewares/Third_Party/FreeRTOS/Source/CMSIS_RTOS/cmsis_os.o
                0x000000000800934c                osDelayUntil
 .text.vListInitialise
                0x0000000008009378       0x40 ./Middlewares/Third_Party/FreeRTOS/Source/list.o
                0x0000000008009378                vListInitialise
 .text.vListInitialiseItem
                0x00000000080093b8       0x1a ./Middlewares/Third_Party/FreeRTOS/Source/list.o
                0x00000000080093b8                vListInitialiseItem
 .text.vListInsertEnd
                0x00000000080093d2       0x48 ./Middlewares/Third_Party/FreeRTOS/Source/list.o
                0x00000000080093d2                vListInsertEnd
 .text.vListInsert
                0x000000000800941a       0x72 ./Middlewares/Third_Party/FreeRTOS/Source/list.o
                0x000000000800941a                vListInsert
 .text.uxListRemove
                0x000000000800948c       0x54 ./Middlewares/Third_Party/FreeRTOS/Source/list.o
                0x000000000800948c                uxListRemove
 .text.xTaskCreate
                0x00000000080094e0       0x82 ./Middlewares/Third_Party/FreeRTOS/Source/tasks.o
                0x00000000080094e0                xTaskCreate
 *fill*         0x0000000008009562        0x2 
 .text.prvInitialiseNewTask
                0x0000000008009564      0x14c ./Middlewares/Third_Party/FreeRTOS/Source/tasks.o
 .text.prvAddNewTaskToReadyList
                0x00000000080096b0       0xd4 ./Middlewares/Third_Party/FreeRTOS/Source/tasks.o
 .text.vTaskDelayUntil
                0x0000000008009784       0xfc ./Middlewares/Third_Party/FreeRTOS/Source/tasks.o
                0x0000000008009784                vTaskDelayUntil
 .text.vTaskDelay
                0x0000000008009880       0x68 ./Middlewares/Third_Party/FreeRTOS/Source/tasks.o
                0x0000000008009880                vTaskDelay
 .text.vTaskStartScheduler
                0x00000000080098e8       0xa0 ./Middlewares/Third_Party/FreeRTOS/Source/tasks.o
                0x00000000080098e8                vTaskStartScheduler
 .text.vTaskSuspendAll
                0x0000000008009988       0x1c ./Middlewares/Third_Party/FreeRTOS/Source/tasks.o
                0x0000000008009988                vTaskSuspendAll
 .text.xTaskResumeAll
                0x00000000080099a4      0x138 ./Middlewares/Third_Party/FreeRTOS/Source/tasks.o
                0x00000000080099a4                xTaskResumeAll
 .text.xTaskGetTickCount
                0x0000000008009adc       0x20 ./Middlewares/Third_Party/FreeRTOS/Source/tasks.o
                0x0000000008009adc                xTaskGetTickCount
 .text.xTaskGetTickCountFromISR
                0x0000000008009afc       0x24 ./Middlewares/Third_Party/FreeRTOS/Source/tasks.o
                0x0000000008009afc                xTaskGetTickCountFromISR
 .text.xTaskIncrementTick
                0x0000000008009b20      0x170 ./Middlewares/Third_Party/FreeRTOS/Source/tasks.o
                0x0000000008009b20                xTaskIncrementTick
 .text.vTaskSwitchContext
                0x0000000008009c90      0x110 ./Middlewares/Third_Party/FreeRTOS/Source/tasks.o
                0x0000000008009c90                vTaskSwitchContext
 .text.prvIdleTask
                0x0000000008009da0       0x30 ./Middlewares/Third_Party/FreeRTOS/Source/tasks.o
 .text.prvInitialiseTaskLists
                0x0000000008009dd0       0x80 ./Middlewares/Third_Party/FreeRTOS/Source/tasks.o
 .text.prvCheckTasksWaitingTermination
                0x0000000008009e50       0x5c ./Middlewares/Third_Party/FreeRTOS/Source/tasks.o
 .text.prvDeleteTCB
                0x0000000008009eac       0x2a ./Middlewares/Third_Party/FreeRTOS/Source/tasks.o
 *fill*         0x0000000008009ed6        0x2 
 .text.prvResetNextTaskUnblockTime
                0x0000000008009ed8       0x40 ./Middlewares/Third_Party/FreeRTOS/Source/tasks.o
 .text.prvAddCurrentTaskToDelayedList
                0x0000000008009f18       0xcc ./Middlewares/Third_Party/FreeRTOS/Source/tasks.o
 .text.pxPortInitialiseStack
                0x0000000008009fe4       0x68 ./Middlewares/Third_Party/FreeRTOS/Source/portable/GCC/ARM_CM4F/port.o
                0x0000000008009fe4                pxPortInitialiseStack
 .text.prvTaskExitError
                0x000000000800a04c       0x58 ./Middlewares/Third_Party/FreeRTOS/Source/portable/GCC/ARM_CM4F/port.o
 *fill*         0x000000000800a0a4        0xc 
 .text.SVC_Handler
                0x000000000800a0b0       0x28 ./Middlewares/Third_Party/FreeRTOS/Source/portable/GCC/ARM_CM4F/port.o
                0x000000000800a0b0                SVC_Handler
 .text.prvPortStartFirstTask
                0x000000000800a0d8       0x28 ./Middlewares/Third_Party/FreeRTOS/Source/portable/GCC/ARM_CM4F/port.o
 .text.xPortStartScheduler
                0x000000000800a100      0x144 ./Middlewares/Third_Party/FreeRTOS/Source/portable/GCC/ARM_CM4F/port.o
                0x000000000800a100                xPortStartScheduler
 .text.vPortEnterCritical
                0x000000000800a244       0x60 ./Middlewares/Third_Party/FreeRTOS/Source/portable/GCC/ARM_CM4F/port.o
                0x000000000800a244                vPortEnterCritical
 .text.vPortExitCritical
                0x000000000800a2a4       0x54 ./Middlewares/Third_Party/FreeRTOS/Source/portable/GCC/ARM_CM4F/port.o
                0x000000000800a2a4                vPortExitCritical
 *fill*         0x000000000800a2f8        0x8 
 .text.PendSV_Handler
                0x000000000800a300       0x68 ./Middlewares/Third_Party/FreeRTOS/Source/portable/GCC/ARM_CM4F/port.o
                0x000000000800a300                PendSV_Handler
 .text.SysTick_Handler
                0x000000000800a368       0x44 ./Middlewares/Third_Party/FreeRTOS/Source/portable/GCC/ARM_CM4F/port.o
                0x000000000800a368                SysTick_Handler
 .text.vPortSetupTimerInterrupt
                0x000000000800a3ac       0x48 ./Middlewares/Third_Party/FreeRTOS/Source/portable/GCC/ARM_CM4F/port.o
                0x000000000800a3ac                vPortSetupTimerInterrupt
 .text.vPortEnableVFP
                0x000000000800a3f4       0x14 ./Middlewares/Third_Party/FreeRTOS/Source/portable/GCC/ARM_CM4F/port.o
 .text.vPortValidateInterruptPriority
                0x000000000800a408       0x80 ./Middlewares/Third_Party/FreeRTOS/Source/portable/GCC/ARM_CM4F/port.o
                0x000000000800a408                vPortValidateInterruptPriority
 .text.pvPortMalloc
                0x000000000800a488      0x1a0 ./Middlewares/Third_Party/FreeRTOS/Source/portable/MemMang/heap_4.o
                0x000000000800a488                pvPortMalloc
 .text.vPortFree
                0x000000000800a628       0xc4 ./Middlewares/Third_Party/FreeRTOS/Source/portable/MemMang/heap_4.o
                0x000000000800a628                vPortFree
 .text.prvHeapInit
                0x000000000800a6ec       0xc4 ./Middlewares/Third_Party/FreeRTOS/Source/portable/MemMang/heap_4.o
 .text.prvInsertBlockIntoFreeList
                0x000000000800a7b0       0xb4 ./Middlewares/Third_Party/FreeRTOS/Source/portable/MemMang/heap_4.o
 .text.MX_USB_DEVICE_Init
                0x000000000800a864       0x60 ./USB_DEVICE/App/usb_device.o
                0x000000000800a864                MX_USB_DEVICE_Init
 .text.CDC_Init_FS
                0x000000000800a8c4       0x28 ./USB_DEVICE/App/usbd_cdc_if.o
 .text.CDC_DeInit_FS
                0x000000000800a8ec       0x10 ./USB_DEVICE/App/usbd_cdc_if.o
 .text.CDC_Control_FS
                0x000000000800a8fc       0xbc ./USB_DEVICE/App/usbd_cdc_if.o
 .text.CDC_Receive_FS
                0x000000000800a9b8       0x28 ./USB_DEVICE/App/usbd_cdc_if.o
 .text.CDC_TransmitCplt_FS
                0x000000000800a9e0       0x22 ./USB_DEVICE/App/usbd_cdc_if.o
 *fill*         0x000000000800aa02        0x2 
 .text.USBD_FS_DeviceDescriptor
                0x000000000800aa04       0x24 ./USB_DEVICE/App/usbd_desc.o
                0x000000000800aa04                USBD_FS_DeviceDescriptor
 .text.USBD_FS_LangIDStrDescriptor
                0x000000000800aa28       0x24 ./USB_DEVICE/App/usbd_desc.o
                0x000000000800aa28                USBD_FS_LangIDStrDescriptor
 .text.USBD_FS_ProductStrDescriptor
                0x000000000800aa4c       0x3c ./USB_DEVICE/App/usbd_desc.o
                0x000000000800aa4c                USBD_FS_ProductStrDescriptor
 .text.USBD_FS_ManufacturerStrDescriptor
                0x000000000800aa88       0x28 ./USB_DEVICE/App/usbd_desc.o
                0x000000000800aa88                USBD_FS_ManufacturerStrDescriptor
 .text.USBD_FS_SerialStrDescriptor
                0x000000000800aab0       0x24 ./USB_DEVICE/App/usbd_desc.o
                0x000000000800aab0                USBD_FS_SerialStrDescriptor
 .text.USBD_FS_ConfigStrDescriptor
                0x000000000800aad4       0x3c ./USB_DEVICE/App/usbd_desc.o
                0x000000000800aad4                USBD_FS_ConfigStrDescriptor
 .text.USBD_FS_InterfaceStrDescriptor
                0x000000000800ab10       0x3c ./USB_DEVICE/App/usbd_desc.o
                0x000000000800ab10                USBD_FS_InterfaceStrDescriptor
 .text.Get_SerialNum
                0x000000000800ab4c       0x58 ./USB_DEVICE/App/usbd_desc.o
 .text.IntToUnicode
                0x000000000800aba4       0x7e ./USB_DEVICE/App/usbd_desc.o
 *fill*         0x000000000800ac22        0x2 
 .text.HAL_PCD_MspInit
                0x000000000800ac24       0xa8 ./USB_DEVICE/Target/usbd_conf.o
                0x000000000800ac24                HAL_PCD_MspInit
 .text.HAL_PCD_SetupStageCallback
                0x000000000800accc       0x24 ./USB_DEVICE/Target/usbd_conf.o
                0x000000000800accc                HAL_PCD_SetupStageCallback
 .text.HAL_PCD_DataOutStageCallback
                0x000000000800acf0       0x36 ./USB_DEVICE/Target/usbd_conf.o
                0x000000000800acf0                HAL_PCD_DataOutStageCallback
 .text.HAL_PCD_DataInStageCallback
                0x000000000800ad26       0x34 ./USB_DEVICE/Target/usbd_conf.o
                0x000000000800ad26                HAL_PCD_DataInStageCallback
 .text.HAL_PCD_SOFCallback
                0x000000000800ad5a       0x1c ./USB_DEVICE/Target/usbd_conf.o
                0x000000000800ad5a                HAL_PCD_SOFCallback
 .text.HAL_PCD_ResetCallback
                0x000000000800ad76       0x50 ./USB_DEVICE/Target/usbd_conf.o
                0x000000000800ad76                HAL_PCD_ResetCallback
 *fill*         0x000000000800adc6        0x2 
 .text.HAL_PCD_SuspendCallback
                0x000000000800adc8       0x4c ./USB_DEVICE/Target/usbd_conf.o
                0x000000000800adc8                HAL_PCD_SuspendCallback
 .text.HAL_PCD_ResumeCallback
                0x000000000800ae14       0x1c ./USB_DEVICE/Target/usbd_conf.o
                0x000000000800ae14                HAL_PCD_ResumeCallback
 .text.HAL_PCD_ISOOUTIncompleteCallback
                0x000000000800ae30       0x24 ./USB_DEVICE/Target/usbd_conf.o
                0x000000000800ae30                HAL_PCD_ISOOUTIncompleteCallback
 .text.HAL_PCD_ISOINIncompleteCallback
                0x000000000800ae54       0x24 ./USB_DEVICE/Target/usbd_conf.o
                0x000000000800ae54                HAL_PCD_ISOINIncompleteCallback
 .text.HAL_PCD_ConnectCallback
                0x000000000800ae78       0x1c ./USB_DEVICE/Target/usbd_conf.o
                0x000000000800ae78                HAL_PCD_ConnectCallback
 .text.HAL_PCD_DisconnectCallback
                0x000000000800ae94       0x1c ./USB_DEVICE/Target/usbd_conf.o
                0x000000000800ae94                HAL_PCD_DisconnectCallback
 .text.USBD_LL_Init
                0x000000000800aeb0       0x98 ./USB_DEVICE/Target/usbd_conf.o
                0x000000000800aeb0                USBD_LL_Init
 .text.USBD_LL_Start
                0x000000000800af48       0x36 ./USB_DEVICE/Target/usbd_conf.o
                0x000000000800af48                USBD_LL_Start
 .text.USBD_LL_OpenEP
                0x000000000800af7e       0x4c ./USB_DEVICE/Target/usbd_conf.o
                0x000000000800af7e                USBD_LL_OpenEP
 .text.USBD_LL_CloseEP
                0x000000000800afca       0x3e ./USB_DEVICE/Target/usbd_conf.o
                0x000000000800afca                USBD_LL_CloseEP
 .text.USBD_LL_StallEP
                0x000000000800b008       0x3e ./USB_DEVICE/Target/usbd_conf.o
                0x000000000800b008                USBD_LL_StallEP
 .text.USBD_LL_ClearStallEP
                0x000000000800b046       0x3e ./USB_DEVICE/Target/usbd_conf.o
                0x000000000800b046                USBD_LL_ClearStallEP
 .text.USBD_LL_IsStallEP
                0x000000000800b084       0x58 ./USB_DEVICE/Target/usbd_conf.o
                0x000000000800b084                USBD_LL_IsStallEP
 .text.USBD_LL_SetUSBAddress
                0x000000000800b0dc       0x3e ./USB_DEVICE/Target/usbd_conf.o
                0x000000000800b0dc                USBD_LL_SetUSBAddress
 .text.USBD_LL_Transmit
                0x000000000800b11a       0x42 ./USB_DEVICE/Target/usbd_conf.o
                0x000000000800b11a                USBD_LL_Transmit
 .text.USBD_LL_PrepareReceive
                0x000000000800b15c       0x42 ./USB_DEVICE/Target/usbd_conf.o
                0x000000000800b15c                USBD_LL_PrepareReceive
 .text.USBD_LL_GetRxDataSize
                0x000000000800b19e       0x26 ./USB_DEVICE/Target/usbd_conf.o
                0x000000000800b19e                USBD_LL_GetRxDataSize
 .text.USBD_static_malloc
                0x000000000800b1c4       0x1c ./USB_DEVICE/Target/usbd_conf.o
                0x000000000800b1c4                USBD_static_malloc
 .text.USBD_static_free
                0x000000000800b1e0       0x14 ./USB_DEVICE/Target/usbd_conf.o
                0x000000000800b1e0                USBD_static_free
 .text.USBD_Get_USB_Status
                0x000000000800b1f4       0x58 ./USB_DEVICE/Target/usbd_conf.o
                0x000000000800b1f4                USBD_Get_USB_Status
 .text.blinky_task
                0x000000000800b24c       0xbc ./imuTest/application/blinky_task.o
                0x000000000800b24c                blinky_task
 .text.init_task
                0x000000000800b308       0x60 ./imuTest/application/imuTest.o
                0x000000000800b308                init_task
 .text.imu_update
                0x000000000800b368       0x28 ./imuTest/application/imu_task.o
                0x000000000800b368                imu_update
 .text.imu_task
                0x000000000800b390       0x18 ./imuTest/application/imu_task.o
                0x000000000800b390                imu_task
 .text.mpu_write_reg
                0x000000000800b3a8       0x70 ./imuTest/components/drv_imu.o
                0x000000000800b3a8                mpu_write_reg
 .text.mpu_read_reg
                0x000000000800b418       0x68 ./imuTest/components/drv_imu.o
                0x000000000800b418                mpu_read_reg
 .text.mpu_read_regs
                0x000000000800b480       0x78 ./imuTest/components/drv_imu.o
                0x000000000800b480                mpu_read_regs
 .text.ist_reg_write_by_mpu
                0x000000000800b4f8       0x54 ./imuTest/components/drv_imu.o
 .text.ist_reg_read_by_mpu
                0x000000000800b54c       0x4a ./imuTest/components/drv_imu.o
 .text.mpu_mst_i2c_auto_read_config
                0x000000000800b596       0xac ./imuTest/components/drv_imu.o
 .text.ist8310_init
                0x000000000800b642      0x112 ./imuTest/components/drv_imu.o
                0x000000000800b642                ist8310_init
 .text.ist8310_get_data
                0x000000000800b754       0x1a ./imuTest/components/drv_imu.o
                0x000000000800b754                ist8310_get_data
 *fill*         0x000000000800b76e        0x2 
 .text.mpu_get_data
                0x000000000800b770      0x24c ./imuTest/components/drv_imu.o
                0x000000000800b770                mpu_get_data
 .text.mpu_device_init
                0x000000000800b9bc       0xbc ./imuTest/components/drv_imu.o
                0x000000000800b9bc                mpu_device_init
 .text.get_mpu_gyro_offset
                0x000000000800ba78      0x104 ./imuTest/components/drv_imu.o
 .text.get_mpu_acc_offset
                0x000000000800bb7c      0x10c ./imuTest/components/drv_imu.o
 .text.get_ist_mag_offset
                0x000000000800bc88      0x174 ./imuTest/components/drv_imu.o
 .text.invSqrt  0x000000000800bdfc       0x78 ./imuTest/components/madgwick_ahrs.o
                0x000000000800bdfc                invSqrt
 *fill*         0x000000000800be74        0x4 
 .text.mahony_ahrs_updateIMU
                0x000000000800be78      0x790 ./imuTest/components/mahony_ahrs.o
                0x000000000800be78                mahony_ahrs_updateIMU
 .text.memset   0x000000000800c608       0x10 /Applications/STM32CubeIDE.app/Contents/Eclipse/plugins/com.st.stm32cube.ide.mcu.externaltools.gnu-tools-for-stm32.11.3.rel1.macos64_1.1.100.202310310803/tools/bin/../lib/gcc/arm-none-eabi/11.3.1/../../../../arm-none-eabi/lib/thumb/v7e-m+fp/hard/libc_nano.a(libc_a-memset.o)
                0x000000000800c608                memset
 .text._reclaim_reent
                0x000000000800c618       0xac /Applications/STM32CubeIDE.app/Contents/Eclipse/plugins/com.st.stm32cube.ide.mcu.externaltools.gnu-tools-for-stm32.11.3.rel1.macos64_1.1.100.202310310803/tools/bin/../lib/gcc/arm-none-eabi/11.3.1/../../../../arm-none-eabi/lib/thumb/v7e-m+fp/hard/libc_nano.a(libc_a-reent.o)
                0x000000000800c618                _reclaim_reent
 .text.__errno  0x000000000800c6c4        0xc /Applications/STM32CubeIDE.app/Contents/Eclipse/plugins/com.st.stm32cube.ide.mcu.externaltools.gnu-tools-for-stm32.11.3.rel1.macos64_1.1.100.202310310803/tools/bin/../lib/gcc/arm-none-eabi/11.3.1/../../../../arm-none-eabi/lib/thumb/v7e-m+fp/hard/libc_nano.a(libc_a-errno.o)
                0x000000000800c6c4                __errno
 .text.__libc_init_array
                0x000000000800c6d0       0x48 /Applications/STM32CubeIDE.app/Contents/Eclipse/plugins/com.st.stm32cube.ide.mcu.externaltools.gnu-tools-for-stm32.11.3.rel1.macos64_1.1.100.202310310803/tools/bin/../lib/gcc/arm-none-eabi/11.3.1/../../../../arm-none-eabi/lib/thumb/v7e-m+fp/hard/libc_nano.a(libc_a-init.o)
                0x000000000800c6d0                __libc_init_array
 .text.__retarget_lock_acquire_recursive
                0x000000000800c718        0x2 /Applications/STM32CubeIDE.app/Contents/Eclipse/plugins/com.st.stm32cube.ide.mcu.externaltools.gnu-tools-for-stm32.11.3.rel1.macos64_1.1.100.202310310803/tools/bin/../lib/gcc/arm-none-eabi/11.3.1/../../../../arm-none-eabi/lib/thumb/v7e-m+fp/hard/libc_nano.a(libc_a-lock.o)
                0x000000000800c718                __retarget_lock_acquire_recursive
 .text.__retarget_lock_release_recursive
                0x000000000800c71a        0x2 /Applications/STM32CubeIDE.app/Contents/Eclipse/plugins/com.st.stm32cube.ide.mcu.externaltools.gnu-tools-for-stm32.11.3.rel1.macos64_1.1.100.202310310803/tools/bin/../lib/gcc/arm-none-eabi/11.3.1/../../../../arm-none-eabi/lib/thumb/v7e-m+fp/hard/libc_nano.a(libc_a-lock.o)
                0x000000000800c71a                __retarget_lock_release_recursive
 .text._free_r  0x000000000800c71c       0x98 /Applications/STM32CubeIDE.app/Contents/Eclipse/plugins/com.st.stm32cube.ide.mcu.externaltools.gnu-tools-for-stm32.11.3.rel1.macos64_1.1.100.202310310803/tools/bin/../lib/gcc/arm-none-eabi/11.3.1/../../../../arm-none-eabi/lib/thumb/v7e-m+fp/hard/libc_nano.a(libc_a-freer.o)
                0x000000000800c71c                _free_r
 .text.__malloc_lock
                0x000000000800c7b4        0xc /Applications/STM32CubeIDE.app/Contents/Eclipse/plugins/com.st.stm32cube.ide.mcu.externaltools.gnu-tools-for-stm32.11.3.rel1.macos64_1.1.100.202310310803/tools/bin/../lib/gcc/arm-none-eabi/11.3.1/../../../../arm-none-eabi/lib/thumb/v7e-m+fp/hard/libc_nano.a(libc_a-mlock.o)
                0x000000000800c7b4                __malloc_lock
 .text.__malloc_unlock
                0x000000000800c7c0        0xc /Applications/STM32CubeIDE.app/Contents/Eclipse/plugins/com.st.stm32cube.ide.mcu.externaltools.gnu-tools-for-stm32.11.3.rel1.macos64_1.1.100.202310310803/tools/bin/../lib/gcc/arm-none-eabi/11.3.1/../../../../arm-none-eabi/lib/thumb/v7e-m+fp/hard/libc_nano.a(libc_a-mlock.o)
                0x000000000800c7c0                __malloc_unlock
 .text.asin     0x000000000800c7cc       0x68 /Applications/STM32CubeIDE.app/Contents/Eclipse/plugins/com.st.stm32cube.ide.mcu.externaltools.gnu-tools-for-stm32.11.3.rel1.macos64_1.1.100.202310310803/tools/bin/../lib/gcc/arm-none-eabi/11.3.1/../../../../arm-none-eabi/lib/thumb/v7e-m+fp/hard/libm.a(libm_a-w_asin.o)
                0x000000000800c7cc                asin
 .text.atan2    0x000000000800c834        0x4 /Applications/STM32CubeIDE.app/Contents/Eclipse/plugins/com.st.stm32cube.ide.mcu.externaltools.gnu-tools-for-stm32.11.3.rel1.macos64_1.1.100.202310310803/tools/bin/../lib/gcc/arm-none-eabi/11.3.1/../../../../arm-none-eabi/lib/thumb/v7e-m+fp/hard/libm.a(libm_a-w_atan2.o)
                0x000000000800c834                atan2
 .text.__ieee754_asin
                0x000000000800c838      0x428 /Applications/STM32CubeIDE.app/Contents/Eclipse/plugins/com.st.stm32cube.ide.mcu.externaltools.gnu-tools-for-stm32.11.3.rel1.macos64_1.1.100.202310310803/tools/bin/../lib/gcc/arm-none-eabi/11.3.1/../../../../arm-none-eabi/lib/thumb/v7e-m+fp/hard/libm.a(libm_a-e_asin.o)
                0x000000000800c838                __ieee754_asin
 .text.__ieee754_atan2
                0x000000000800cc60      0x18c /Applications/STM32CubeIDE.app/Contents/Eclipse/plugins/com.st.stm32cube.ide.mcu.externaltools.gnu-tools-for-stm32.11.3.rel1.macos64_1.1.100.202310310803/tools/bin/../lib/gcc/arm-none-eabi/11.3.1/../../../../arm-none-eabi/lib/thumb/v7e-m+fp/hard/libm.a(libm_a-e_atan2.o)
                0x000000000800cc60                __ieee754_atan2
 *fill*         0x000000000800cdec        0x4 
 .text.atan     0x000000000800cdf0      0x340 /Applications/STM32CubeIDE.app/Contents/Eclipse/plugins/com.st.stm32cube.ide.mcu.externaltools.gnu-tools-for-stm32.11.3.rel1.macos64_1.1.100.202310310803/tools/bin/../lib/gcc/arm-none-eabi/11.3.1/../../../../arm-none-eabi/lib/thumb/v7e-m+fp/hard/libm.a(libm_a-s_atan.o)
                0x000000000800cdf0                atan
 .text.fabs     0x000000000800d130       0x12 /Applications/STM32CubeIDE.app/Contents/Eclipse/plugins/com.st.stm32cube.ide.mcu.externaltools.gnu-tools-for-stm32.11.3.rel1.macos64_1.1.100.202310310803/tools/bin/../lib/gcc/arm-none-eabi/11.3.1/../../../../arm-none-eabi/lib/thumb/v7e-m+fp/hard/libm.a(libm_a-s_fabs.o)
                0x000000000800d130                fabs
 *fill*         0x000000000800d142        0x2 
 .text.__ieee754_sqrt
                0x000000000800d144      0x1b4 /Applications/STM32CubeIDE.app/Contents/Eclipse/plugins/com.st.stm32cube.ide.mcu.externaltools.gnu-tools-for-stm32.11.3.rel1.macos64_1.1.100.202310310803/tools/bin/../lib/gcc/arm-none-eabi/11.3.1/../../../../arm-none-eabi/lib/thumb/v7e-m+fp/hard/libm.a(libm_a-e_sqrt.o)
                0x000000000800d144                __ieee754_sqrt
 .text.nan      0x000000000800d2f8       0x10 /Applications/STM32CubeIDE.app/Contents/Eclipse/plugins/com.st.stm32cube.ide.mcu.externaltools.gnu-tools-for-stm32.11.3.rel1.macos64_1.1.100.202310310803/tools/bin/../lib/gcc/arm-none-eabi/11.3.1/../../../../arm-none-eabi/lib/thumb/v7e-m+fp/hard/libm.a(libm_a-s_nan.o)
                0x000000000800d2f8                nan
 *(.glue_7)
 .glue_7        0x000000000800d308        0x0 linker stubs
 *(.glue_7t)
 .glue_7t       0x000000000800d308        0x0 linker stubs
 *(.eh_frame)
 .eh_frame      0x000000000800d308        0x0 /Applications/STM32CubeIDE.app/Contents/Eclipse/plugins/com.st.stm32cube.ide.mcu.externaltools.gnu-tools-for-stm32.11.3.rel1.macos64_1.1.100.202310310803/tools/bin/../lib/gcc/arm-none-eabi/11.3.1/thumb/v7e-m+fp/hard/crtbegin.o
 *(.init)
 .init          0x000000000800d308        0x4 /Applications/STM32CubeIDE.app/Contents/Eclipse/plugins/com.st.stm32cube.ide.mcu.externaltools.gnu-tools-for-stm32.11.3.rel1.macos64_1.1.100.202310310803/tools/bin/../lib/gcc/arm-none-eabi/11.3.1/thumb/v7e-m+fp/hard/crti.o
                0x000000000800d308                _init
 .init          0x000000000800d30c        0x8 /Applications/STM32CubeIDE.app/Contents/Eclipse/plugins/com.st.stm32cube.ide.mcu.externaltools.gnu-tools-for-stm32.11.3.rel1.macos64_1.1.100.202310310803/tools/bin/../lib/gcc/arm-none-eabi/11.3.1/thumb/v7e-m+fp/hard/crtn.o
 *(.fini)
 .fini          0x000000000800d314        0x4 /Applications/STM32CubeIDE.app/Contents/Eclipse/plugins/com.st.stm32cube.ide.mcu.externaltools.gnu-tools-for-stm32.11.3.rel1.macos64_1.1.100.202310310803/tools/bin/../lib/gcc/arm-none-eabi/11.3.1/thumb/v7e-m+fp/hard/crti.o
                0x000000000800d314                _fini
 .fini          0x000000000800d318        0x8 /Applications/STM32CubeIDE.app/Contents/Eclipse/plugins/com.st.stm32cube.ide.mcu.externaltools.gnu-tools-for-stm32.11.3.rel1.macos64_1.1.100.202310310803/tools/bin/../lib/gcc/arm-none-eabi/11.3.1/thumb/v7e-m+fp/hard/crtn.o
                0x000000000800d320                . = ALIGN (0x4)
                0x000000000800d320                _etext = .

.vfp11_veneer   0x000000000800d320        0x0
 .vfp11_veneer  0x000000000800d320        0x0 linker stubs

.v4_bx          0x000000000800d320        0x0
 .v4_bx         0x000000000800d320        0x0 linker stubs

.iplt           0x000000000800d320        0x0
 .iplt          0x000000000800d320        0x0 /Applications/STM32CubeIDE.app/Contents/Eclipse/plugins/com.st.stm32cube.ide.mcu.externaltools.gnu-tools-for-stm32.11.3.rel1.macos64_1.1.100.202310310803/tools/bin/../lib/gcc/arm-none-eabi/11.3.1/thumb/v7e-m+fp/hard/crtbegin.o

.rodata         0x000000000800d320      0x150
                0x000000000800d320                . = ALIGN (0x4)
 *(.rodata)
 .rodata        0x000000000800d320       0x20 ./Core/Src/freertos.o
 .rodata        0x000000000800d340        0x5 ./Middlewares/Third_Party/FreeRTOS/Source/tasks.o
 *fill*         0x000000000800d345        0x3 
 .rodata        0x000000000800d348       0x46 ./USB_DEVICE/App/usbd_desc.o
 *fill*         0x000000000800d38e        0x2 
 .rodata        0x000000000800d390       0x40 ./imuTest/application/imuTest.o
 .rodata        0x000000000800d3d0        0xe ./imuTest/components/drv_imu.o
 *(.rodata*)
 *fill*         0x000000000800d3de        0x2 
 .rodata.AHBPrescTable
                0x000000000800d3e0       0x10 ./Core/Src/system_stm32f4xx.o
                0x000000000800d3e0                AHBPrescTable
 .rodata.APBPrescTable
                0x000000000800d3f0        0x8 ./Core/Src/system_stm32f4xx.o
                0x000000000800d3f0                APBPrescTable
 .rodata.asin.str1.1
                0x000000000800d3f8        0x1 /Applications/STM32CubeIDE.app/Contents/Eclipse/plugins/com.st.stm32cube.ide.mcu.externaltools.gnu-tools-for-stm32.11.3.rel1.macos64_1.1.100.202310310803/tools/bin/../lib/gcc/arm-none-eabi/11.3.1/../../../../arm-none-eabi/lib/thumb/v7e-m+fp/hard/libm.a(libm_a-w_asin.o)
 *fill*         0x000000000800d3f9        0x7 
 .rodata.CSWTCH.8
                0x000000000800d400       0x18 /Applications/STM32CubeIDE.app/Contents/Eclipse/plugins/com.st.stm32cube.ide.mcu.externaltools.gnu-tools-for-stm32.11.3.rel1.macos64_1.1.100.202310310803/tools/bin/../lib/gcc/arm-none-eabi/11.3.1/../../../../arm-none-eabi/lib/thumb/v7e-m+fp/hard/libm.a(libm_a-e_atan2.o)
 .rodata.CSWTCH.9
                0x000000000800d418       0x18 /Applications/STM32CubeIDE.app/Contents/Eclipse/plugins/com.st.stm32cube.ide.mcu.externaltools.gnu-tools-for-stm32.11.3.rel1.macos64_1.1.100.202310310803/tools/bin/../lib/gcc/arm-none-eabi/11.3.1/../../../../arm-none-eabi/lib/thumb/v7e-m+fp/hard/libm.a(libm_a-e_atan2.o)
 .rodata.atanhi
                0x000000000800d430       0x20 /Applications/STM32CubeIDE.app/Contents/Eclipse/plugins/com.st.stm32cube.ide.mcu.externaltools.gnu-tools-for-stm32.11.3.rel1.macos64_1.1.100.202310310803/tools/bin/../lib/gcc/arm-none-eabi/11.3.1/../../../../arm-none-eabi/lib/thumb/v7e-m+fp/hard/libm.a(libm_a-s_atan.o)
 .rodata.atanlo
                0x000000000800d450       0x20 /Applications/STM32CubeIDE.app/Contents/Eclipse/plugins/com.st.stm32cube.ide.mcu.externaltools.gnu-tools-for-stm32.11.3.rel1.macos64_1.1.100.202310310803/tools/bin/../lib/gcc/arm-none-eabi/11.3.1/../../../../arm-none-eabi/lib/thumb/v7e-m+fp/hard/libm.a(libm_a-s_atan.o)
                0x000000000800d470                . = ALIGN (0x4)

.ARM.extab      0x000000000800d470        0x0
                0x000000000800d470                . = ALIGN (0x4)
 *(.ARM.extab* .gnu.linkonce.armextab.*)
                0x000000000800d470                . = ALIGN (0x4)

.ARM            0x000000000800d470        0x8
                0x000000000800d470                . = ALIGN (0x4)
                0x000000000800d470                __exidx_start = .
 *(.ARM.exidx*)
 .ARM.exidx     0x000000000800d470        0x8 /Applications/STM32CubeIDE.app/Contents/Eclipse/plugins/com.st.stm32cube.ide.mcu.externaltools.gnu-tools-for-stm32.11.3.rel1.macos64_1.1.100.202310310803/tools/bin/../lib/gcc/arm-none-eabi/11.3.1/thumb/v7e-m+fp/hard/libgcc.a(_udivmoddi4.o)
                0x000000000800d478                __exidx_end = .
                0x000000000800d478                . = ALIGN (0x4)

.rel.dyn        0x000000000800d478        0x0
 .rel.iplt      0x000000000800d478        0x0 /Applications/STM32CubeIDE.app/Contents/Eclipse/plugins/com.st.stm32cube.ide.mcu.externaltools.gnu-tools-for-stm32.11.3.rel1.macos64_1.1.100.202310310803/tools/bin/../lib/gcc/arm-none-eabi/11.3.1/thumb/v7e-m+fp/hard/crtbegin.o

.preinit_array  0x000000000800d478        0x0
                0x000000000800d478                . = ALIGN (0x4)
                0x000000000800d478                PROVIDE (__preinit_array_start = .)
 *(.preinit_array*)
                0x000000000800d478                PROVIDE (__preinit_array_end = .)
                0x000000000800d478                . = ALIGN (0x4)

.init_array     0x000000000800d478        0x4
                0x000000000800d478                . = ALIGN (0x4)
                0x000000000800d478                PROVIDE (__init_array_start = .)
 *(SORT_BY_NAME(.init_array.*))
 *(.init_array*)
 .init_array    0x000000000800d478        0x4 /Applications/STM32CubeIDE.app/Contents/Eclipse/plugins/com.st.stm32cube.ide.mcu.externaltools.gnu-tools-for-stm32.11.3.rel1.macos64_1.1.100.202310310803/tools/bin/../lib/gcc/arm-none-eabi/11.3.1/thumb/v7e-m+fp/hard/crtbegin.o
                0x000000000800d47c                PROVIDE (__init_array_end = .)
                0x000000000800d47c                . = ALIGN (0x4)

.fini_array     0x000000000800d47c        0x4
                0x000000000800d47c                . = ALIGN (0x4)
                [!provide]                        PROVIDE (__fini_array_start = .)
 *(SORT_BY_NAME(.fini_array.*))
 *(.fini_array*)
 .fini_array    0x000000000800d47c        0x4 /Applications/STM32CubeIDE.app/Contents/Eclipse/plugins/com.st.stm32cube.ide.mcu.externaltools.gnu-tools-for-stm32.11.3.rel1.macos64_1.1.100.202310310803/tools/bin/../lib/gcc/arm-none-eabi/11.3.1/thumb/v7e-m+fp/hard/crtbegin.o
                [!provide]                        PROVIDE (__fini_array_end = .)
                0x000000000800d480                . = ALIGN (0x4)
                0x000000000800d480                _sidata = LOADADDR (.data)

.data           0x0000000020000000      0x170 load address 0x000000000800d480
                0x0000000020000000                . = ALIGN (0x4)
                0x0000000020000000                _sdata = .
 *(.data)
 *(.data*)
 .data.SystemCoreClock
                0x0000000020000000        0x4 ./Core/Src/system_stm32f4xx.o
                0x0000000020000000                SystemCoreClock
 .data.uwTickPrio
                0x0000000020000004        0x4 ./Drivers/STM32F4xx_HAL_Driver/Src/stm32f4xx_hal.o
                0x0000000020000004                uwTickPrio
 .data.uwTickFreq
                0x0000000020000008        0x1 ./Drivers/STM32F4xx_HAL_Driver/Src/stm32f4xx_hal.o
                0x0000000020000008                uwTickFreq
 *fill*         0x0000000020000009        0x3 
 .data.USBD_CDC_DeviceQualifierDesc
                0x000000002000000c        0xa ./Middlewares/ST/STM32_USB_Device_Library/Class/CDC/Src/usbd_cdc.o
 *fill*         0x0000000020000016        0x2 
 .data.USBD_CDC
                0x0000000020000018       0x38 ./Middlewares/ST/STM32_USB_Device_Library/Class/CDC/Src/usbd_cdc.o
                0x0000000020000018                USBD_CDC
 .data.USBD_CDC_CfgDesc
                0x0000000020000050       0x43 ./Middlewares/ST/STM32_USB_Device_Library/Class/CDC/Src/usbd_cdc.o
 .data.CDCInEpAdd
                0x0000000020000093        0x1 ./Middlewares/ST/STM32_USB_Device_Library/Class/CDC/Src/usbd_cdc.o
 .data.CDCOutEpAdd
                0x0000000020000094        0x1 ./Middlewares/ST/STM32_USB_Device_Library/Class/CDC/Src/usbd_cdc.o
 .data.CDCCmdEpAdd
                0x0000000020000095        0x1 ./Middlewares/ST/STM32_USB_Device_Library/Class/CDC/Src/usbd_cdc.o
 *fill*         0x0000000020000096        0x2 
 .data.uxCriticalNesting
                0x0000000020000098        0x4 ./Middlewares/Third_Party/FreeRTOS/Source/portable/GCC/ARM_CM4F/port.o
 .data.USBD_Interface_fops_FS
                0x000000002000009c       0x14 ./USB_DEVICE/App/usbd_cdc_if.o
                0x000000002000009c                USBD_Interface_fops_FS
 .data.FS_Desc  0x00000000200000b0       0x1c ./USB_DEVICE/App/usbd_desc.o
                0x00000000200000b0                FS_Desc
 .data.USBD_FS_DeviceDesc
                0x00000000200000cc       0x12 ./USB_DEVICE/App/usbd_desc.o
                0x00000000200000cc                USBD_FS_DeviceDesc
 *fill*         0x00000000200000de        0x2 
 .data.USBD_LangIDDesc
                0x00000000200000e0        0x4 ./USB_DEVICE/App/usbd_desc.o
                0x00000000200000e0                USBD_LangIDDesc
 .data.USBD_StringSerial
                0x00000000200000e4       0x1a ./USB_DEVICE/App/usbd_desc.o
                0x00000000200000e4                USBD_StringSerial
 *fill*         0x00000000200000fe        0x2 
 .data.imu_cali
                0x0000000020000100        0x3 ./imuTest/components/drv_imu.o
 *fill*         0x0000000020000103        0x1 
 .data.twoKp    0x0000000020000104        0x4 ./imuTest/components/mahony_ahrs.o
 .data.twoKi    0x0000000020000108        0x4 ./imuTest/components/mahony_ahrs.o
 .data.q0       0x000000002000010c        0x4 ./imuTest/components/mahony_ahrs.o
 .data._impure_data
                0x0000000020000110       0x4c /Applications/STM32CubeIDE.app/Contents/Eclipse/plugins/com.st.stm32cube.ide.mcu.externaltools.gnu-tools-for-stm32.11.3.rel1.macos64_1.1.100.202310310803/tools/bin/../lib/gcc/arm-none-eabi/11.3.1/../../../../arm-none-eabi/lib/thumb/v7e-m+fp/hard/libc_nano.a(libc_a-impure.o)
                0x0000000020000110                _impure_data
 .data._impure_ptr
                0x000000002000015c        0x4 /Applications/STM32CubeIDE.app/Contents/Eclipse/plugins/com.st.stm32cube.ide.mcu.externaltools.gnu-tools-for-stm32.11.3.rel1.macos64_1.1.100.202310310803/tools/bin/../lib/gcc/arm-none-eabi/11.3.1/../../../../arm-none-eabi/lib/thumb/v7e-m+fp/hard/libc_nano.a(libc_a-impure.o)
                0x000000002000015c                _impure_ptr
 .data.one      0x0000000020000160        0x8 /Applications/STM32CubeIDE.app/Contents/Eclipse/plugins/com.st.stm32cube.ide.mcu.externaltools.gnu-tools-for-stm32.11.3.rel1.macos64_1.1.100.202310310803/tools/bin/../lib/gcc/arm-none-eabi/11.3.1/../../../../arm-none-eabi/lib/thumb/v7e-m+fp/hard/libm.a(libm_a-e_sqrt.o)
 .data.tiny     0x0000000020000168        0x8 /Applications/STM32CubeIDE.app/Contents/Eclipse/plugins/com.st.stm32cube.ide.mcu.externaltools.gnu-tools-for-stm32.11.3.rel1.macos64_1.1.100.202310310803/tools/bin/../lib/gcc/arm-none-eabi/11.3.1/../../../../arm-none-eabi/lib/thumb/v7e-m+fp/hard/libm.a(libm_a-e_sqrt.o)
 *(.RamFunc)
 *(.RamFunc*)
                0x0000000020000170                . = ALIGN (0x4)
                0x0000000020000170                _edata = .
                0x000000000800d5f0                _siccmram = LOADADDR (.ccmram)

.igot.plt       0x0000000020000170        0x0 load address 0x000000000800d5f0
 .igot.plt      0x0000000020000170        0x0 /Applications/STM32CubeIDE.app/Contents/Eclipse/plugins/com.st.stm32cube.ide.mcu.externaltools.gnu-tools-for-stm32.11.3.rel1.macos64_1.1.100.202310310803/tools/bin/../lib/gcc/arm-none-eabi/11.3.1/thumb/v7e-m+fp/hard/crtbegin.o

.ccmram         0x0000000010000000        0x0 load address 0x000000000800d5f0
                0x0000000010000000                . = ALIGN (0x4)
                0x0000000010000000                _sccmram = .
 *(.ccmram)
 *(.ccmram*)
                0x0000000010000000                . = ALIGN (0x4)
                0x0000000010000000                _eccmram = .
                0x0000000010000000                . = ALIGN (0x4)
