../USB_DEVICE/App/usbd_cdc_if.c:155:15:CDC_Init_FS	8	static
../USB_DEVICE/App/usbd_cdc_if.c:169:15:CDC_DeInit_FS	4	static
../USB_DEVICE/App/usbd_cdc_if.c:183:15:CDC_Control_FS	16	static
../USB_DEVICE/App/usbd_cdc_if.c:264:15:CDC_Receive_FS	24	static
../USB_DEVICE/App/usbd_cdc_if.c:288:9:CDC_Transmit_FS	24	static
../USB_DEVICE/App/usbd_cdc_if.c:319:15:CDC_TransmitCplt_FS	32	static
../USB_DEVICE/App/usbd_cdc_if.c:330:6:set_usb_tx_need_flushing	24	static,ignoring_inline_asm
../USB_DEVICE/App/usbd_cdc_if.c:338:9:usb_tx_flush	48	static,ignoring_inline_asm
../USB_DEVICE/App/usbd_cdc_if.c:363:9:usb_tx_flush_run	16	static
../USB_DEVICE/App/usbd_cdc_if.c:369:9:usb_vcp_rx_callback_register	24	static
