../miniBot-serial/application/mb_protocol/mb_protocol.c:21:9:process_request	24	static
../miniBot-serial/application/mb_protocol/mb_protocol.c:34:9:get_ready2send_status	4	static
../miniBot-serial/application/mb_protocol/mb_protocol.c:36:9:determine_receiving_data	16	static
../miniBot-serial/application/mb_protocol/mb_protocol.c:46:9:get_response	8	static
../miniBot-serial/application/mb_protocol/mb_protocol.c:74:9:get_cmd_vel_response	24	static
../miniBot-serial/application/mb_protocol/mb_protocol.c:106:9:get_odom_response	16	static
../miniBot-serial/application/mb_protocol/mb_protocol.c:140:9:get_imu_response	16	static
../miniBot-serial/application/mb_protocol/mb_protocol.c:168:9:float_to_int32_scaled	16	static
../miniBot-serial/application/mb_protocol/mb_protocol.c:171:7:int32_to_float_scaled	16	static
../miniBot-serial/application/mb_protocol/mb_protocol.c:175:9:int32_to_bytes	24	static
../miniBot-serial/application/mb_protocol/mb_protocol.c:191:9:bytes_to_int32	24	static
